
******************************************************************************
This program contains Ipopt, a library for large-scale nonlinear optimization.
 Ipopt is released as open source code under the Eclipse Public License (EPL).
         For more information visit https://github.com/coin-or/Ipopt
******************************************************************************

This is Ipopt version 3.14.11, running with linear solver MUMPS 5.4.1.

Number of nonzeros in equality constraint Jacobian...:   370380
Number of nonzeros in inequality constraint Jacobian.:    92076
Number of nonzeros in Lagrangian Hessian.............:   298284

Total number of variables............................:    48053
                     variables with only lower bounds:        0
                variables with lower and upper bounds:    16021
                     variables with only upper bounds:        0
Total number of equality constraints.................:    42047
Total number of inequality constraints...............:    20016
        inequality constraints with only lower bounds:     2001
   inequality constraints with lower and upper bounds:    12011
        inequality constraints with only upper bounds:     4003

iter    objective    inf_pr   inf_du lg(mu)  ||d||  lg(rg) alpha_du alpha_pr  ls
   0  2.0020000e+01 1.39e+00 9.13e-01  -1.0 0.00e+00    -  0.00e+00 0.00e+00   0
   1  1.9990528e+01 1.38e+00 5.32e+03  -1.0 2.31e+00   4.0 8.04e-02 8.69e-03h  1
   2  2.0082409e+01 1.35e+00 4.13e+03  -1.0 2.27e+00   3.5 2.33e-03 1.71e-02f  1
   3  2.0119677e+01 1.35e+00 3.75e+03  -1.0 2.14e+00   3.0 1.26e-03 5.93e-03f  1
   4  2.0131979e+01 1.34e+00 3.72e+03  -1.0 2.75e+00   2.6 1.07e-03 1.40e-03f  1
   5  2.0151505e+01 1.34e+00 3.64e+03  -1.0 2.13e+00   3.0 7.79e-04 1.76e-03f  1
   6  2.0175262e+01 1.34e+00 3.54e+03  -1.0 2.08e+00   3.4 1.08e-03 2.34e-03f  1
   7  2.0188965e+01 1.34e+00 3.50e+03  -1.0 2.14e+00   2.9 5.01e-04 9.04e-04f  1
   8  2.0206845e+01 1.33e+00 3.42e+03  -1.0 2.09e+00   3.4 4.70e-04 1.52e-03f  1
   9  2.0213257e+01 1.33e+00 3.41e+03  -1.0 3.55e+00   2.9 2.96e-04 3.24e-04f  1
iter    objective    inf_pr   inf_du lg(mu)  ||d||  lg(rg) alpha_du alpha_pr  ls
  10  2.0239371e+01 1.33e+00 3.30e+03  -1.0 2.08e+00   3.3 5.47e-04 1.95e-03f  1
  11  2.0249194e+01 1.33e+00 3.30e+03  -1.0 3.74e+00   2.8 3.37e-04 3.98e-04f  1
  12  2.0286343e+01 1.33e+00 3.18e+03  -1.0 2.07e+00   3.3 8.21e-04 2.35e-03f  1
  13  2.0322149e+01 1.33e+00 3.39e+03  -1.0 3.26e+00   2.8 2.85e-04 1.04e-03f  1
  14  2.0344969e+01 1.33e+00 3.83e+03  -1.0 2.06e+00   3.2 2.69e-04 1.26e-03f  1
  15  2.0346476e+01 1.33e+00 3.83e+03  -1.0 1.33e+02   2.7 1.73e-05 2.02e-05f  1
  16  2.0366105e+01 1.32e+00 4.24e+03  -1.0 2.04e+00   3.2 1.54e-04 9.89e-04f  1
  17  2.0390017e+01 1.32e+00 4.55e+03  -1.0 1.20e+01   2.7 3.75e-05 4.03e-04f  1
  18  2.0409137e+01 1.32e+00 4.93e+03  -1.0 2.21e+00   3.1 1.50e-04 8.81e-04f  1
  19  2.0437568e+01 1.32e+00 6.00e+03  -1.0 2.08e+00   3.5 4.13e-04 1.98e-03f  1
iter    objective    inf_pr   inf_du lg(mu)  ||d||  lg(rg) alpha_du alpha_pr  ls
  20  2.0451665e+01 1.32e+00 6.44e+03  -1.0 2.08e+00   4.0 9.76e-04 1.26e-03h  1
  21  2.0462421e+01 1.32e+00 6.30e+03  -1.0 2.08e+00   3.5 8.03e-04 6.22e-04f  1
  22  2.0487399e+01 1.32e+00 6.48e+03  -1.0 2.20e+00   3.0 4.64e-04 7.72e-04f  1
  23  2.0526796e+01 1.31e+00 7.40e+03  -1.0 2.07e+00   3.4 8.08e-04 2.11e-03f  1
  24  2.0528557e+01 1.31e+00 7.41e+03  -1.0 5.35e+01   3.0 3.51e-05 3.91e-05f  1
  25  2.0566169e+01 1.31e+00 8.21e+03  -1.0 2.06e+00   3.4 7.28e-04 1.83e-03f  1
  26  2.0590054e+01 1.31e+00 9.21e+03  -1.0 2.08e+00   3.8 9.01e-04 1.63e-03h  1
  27  2.0603987e+01 1.31e+00 8.60e+03  -1.0 2.08e+00   4.2 1.33e-03 1.13e-03h  1
  28  2.0612932e+01 1.31e+00 2.55e+03  -1.0 2.08e+00   4.7 1.89e-03 7.84e-04h  1
  29  2.0624042e+01 1.31e+00 2.55e+03  -1.0 2.09e+00   4.2 7.51e-04 7.82e-04f  1
iter    objective    inf_pr   inf_du lg(mu)  ||d||  lg(rg) alpha_du alpha_pr  ls
  30  2.0640036e+01 1.30e+00 2.53e+03  -1.0 2.09e+00   4.6 1.15e-03 1.29e-03h  1
  31  2.0653503e+01 1.30e+00 2.50e+03  -1.0 2.09e+00   4.1 4.81e-04 8.42e-04f  1
  32  2.0663884e+01 1.30e+00 2.51e+03  -1.0 2.09e+00   4.6 9.20e-04 7.71e-04h  1
  33  2.0675082e+01 1.30e+00 2.51e+03  -1.0 2.09e+00   4.1 5.88e-04 6.41e-04f  1
  34  2.0689697e+01 1.30e+00 2.88e+03  -1.0 2.09e+00   4.5 7.83e-04 1.02e-03h  1
  35  2.0700311e+01 1.30e+00 2.51e+03  -1.0 2.09e+00   4.0 9.27e-04 5.47e-04f  1
  36  2.0732004e+01 1.30e+00 4.69e+03  -1.0 2.09e+00   4.5 1.60e-03 2.05e-03f  1
  37  2.0751659e+01 1.29e+00 3.22e+03  -1.0 2.08e+00   4.0 1.36e-03 8.76e-04f  1
  38  2.0789292e+01 1.29e+00 6.36e+03  -1.0 2.08e+00   4.4 1.70e-03 2.19e-03f  1
  39  2.0816818e+01 1.29e+00 6.75e+03  -1.0 2.06e+00   3.9 9.34e-04 1.06e-03f  1
iter    objective    inf_pr   inf_du lg(mu)  ||d||  lg(rg) alpha_du alpha_pr  ls
  40  2.0845158e+01 1.29e+00 7.06e+03  -1.0 2.07e+00   4.4 1.44e-03 1.49e-03f  1
  41  2.0871658e+01 1.29e+00 7.50e+03  -1.0 2.03e+00   3.9 7.66e-04 9.12e-04f  1
  42  2.0899717e+01 1.29e+00 8.07e+03  -1.0 2.06e+00   4.3 1.26e-03 1.36e-03f  1
  43  2.0925285e+01 1.28e+00 8.48e+03  -1.0 1.99e+00   3.8 6.53e-04 7.91e-04f  1
  44  2.0953598e+01 1.28e+00 9.09e+03  -1.0 2.05e+00   4.3 1.16e-03 1.27e-03f  1
  45  2.0955826e+01 1.28e+00 7.56e+03  -1.0 1.93e+00   3.8 5.76e-04 6.12e-05f  1
  46  2.0956419e+01 1.28e+00 1.50e+04  -1.0 2.48e+00   4.2 7.97e-04 2.14e-05h  1
  47  2.1018621e+01 1.28e+00 8.65e+03  -1.0 2.35e+00   3.7 3.38e-04 1.40e-03f  1
  48  2.1052902e+01 1.28e+00 7.05e+03  -1.0 2.50e+00   4.2 1.06e-03 1.16e-03f  1
  49  2.1080578e+01 1.28e+00 7.57e+03  -1.0 2.36e+00   3.7 3.70e-04 5.56e-04f  1
iter    objective    inf_pr   inf_du lg(mu)  ||d||  lg(rg) alpha_du alpha_pr  ls
  50  2.1109398e+01 1.28e+00 8.24e+03  -1.0 2.49e+00   4.1 7.59e-04 9.09e-04f  1
  51  2.1139351e+01 1.28e+00 8.89e+03  -1.0 2.36e+00   3.6 3.04e-04 5.41e-04f  1
  52  2.1167115e+01 1.28e+00 9.43e+03  -1.0 2.48e+00   4.1 6.91e-04 8.18e-04f  1
  53  2.1194196e+01 1.28e+00 9.91e+03  -1.0 2.37e+00   3.6 2.62e-04 4.36e-04f  1
  54  2.1224117e+01 1.27e+00 1.07e+04  -1.0 2.47e+00   4.0 6.21e-04 8.24e-04f  1
  55  2.1248486e+01 1.27e+00 1.10e+04  -1.0 2.40e+00   3.5 2.33e-04 3.46e-04f  1
  56  2.1277846e+01 1.27e+00 1.17e+04  -1.0 2.46e+00   3.9 5.75e-04 7.56e-04f  1
  57  2.1301567e+01 1.27e+00 1.20e+04  -1.0 3.22e+00   3.5 1.97e-04 2.93e-04f  1
  58  2.1329798e+01 1.27e+00 1.24e+04  -1.0 2.44e+00   3.9 5.54e-04 6.78e-04f  1
  59  2.1354405e+01 1.27e+00 1.27e+04  -1.0 4.13e+00   3.4 1.67e-04 2.57e-04f  1
iter    objective    inf_pr   inf_du lg(mu)  ||d||  lg(rg) alpha_du alpha_pr  ls
  60  2.1382787e+01 1.27e+00 1.32e+04  -1.0 2.43e+00   3.8 5.08e-04 6.35e-04f  1
  61  2.1415625e+01 1.27e+00 1.42e+04  -1.0 2.56e+00   4.3 8.86e-04 1.06e-03f  1
  62  2.1446873e+01 1.27e+00 1.51e+04  -1.0 2.42e+00   3.8 3.69e-04 6.32e-04f  1
  63  2.1473727e+01 1.27e+00 1.46e+04  -1.0 2.55e+00   4.2 8.84e-04 8.11e-04f  1
  64  2.1498643e+01 1.27e+00 1.53e+04  -1.0 2.96e+00   3.7 2.50e-04 4.57e-04f  1
  65  2.1526290e+01 1.27e+00 1.51e+04  -1.0 2.53e+00   4.2 8.15e-04 7.89e-04f  1
  66  2.1551109e+01 1.27e+00 1.56e+04  -1.0 3.28e+00   3.7 2.61e-04 4.14e-04f  1
  67  2.1578672e+01 1.26e+00 1.56e+04  -1.0 2.52e+00   4.1 7.36e-04 7.43e-04f  1
  68  2.1604224e+01 1.26e+00 1.61e+04  -1.0 3.92e+00   3.6 2.11e-04 3.86e-04f  1
  69  2.1630436e+01 1.26e+00 1.58e+04  -1.0 2.51e+00   4.1 7.46e-04 6.68e-04f  1
iter    objective    inf_pr   inf_du lg(mu)  ||d||  lg(rg) alpha_du alpha_pr  ls
  70  2.1657359e+01 1.26e+00 1.64e+04  -1.0 4.99e+00   3.6 1.64e-04 3.66e-04f  1
  71  2.1684699e+01 1.26e+00 1.59e+04  -1.0 2.50e+00   4.0 7.77e-04 6.58e-04f  1
  72  2.1711856e+01 1.26e+00 1.65e+04  -1.0 6.78e+00   3.5 1.21e-04 3.28e-04f  1
  73  2.1735857e+01 1.26e+00 1.71e+04  -1.0 2.49e+00   4.0 4.04e-04 5.44e-04f  1
  74  2.1758619e+01 1.26e+00 1.76e+04  -1.0 4.01e+00   3.5 8.32e-05 2.37e-04f  1
  75  2.1780441e+01 1.26e+00 1.74e+04  -1.0 2.48e+00   3.9 4.97e-04 4.54e-04f  1
  76  2.1809203e+01 1.26e+00 1.75e+04  -1.0 4.50e+00   3.4 2.19e-04 2.47e-04f  1
  77  2.1845582e+01 1.26e+00 1.84e+04  -1.0 2.47e+00   3.9 4.87e-04 7.06e-04f  1
  78  2.1874913e+01 1.26e+00 1.87e+04  -1.0 6.29e+00   3.4 1.52e-04 2.01e-04f  1
  79  2.1905484e+01 1.26e+00 1.90e+04  -1.0 2.47e+00   3.8 4.87e-04 5.54e-04f  1
iter    objective    inf_pr   inf_du lg(mu)  ||d||  lg(rg) alpha_du alpha_pr  ls
  80  2.1940605e+01 1.26e+00 2.07e+04  -1.0 2.56e+00   4.2 7.20e-04 9.46e-04f  1
  81  2.1971278e+01 1.26e+00 2.11e+04  -1.0 2.48e+00   3.8 4.09e-04 5.09e-04f  1
  82  2.1999161e+01 1.25e+00 2.05e+04  -1.0 2.55e+00   4.2 8.04e-04 7.11e-04f  1
  83  2.2023540e+01 1.25e+00 2.04e+04  -1.0 2.55e+00   3.7 3.77e-04 3.68e-04f  1
  84  2.2030033e+01 1.25e+00 1.69e+04  -1.0 2.55e+00   4.1 7.16e-04 1.57e-04f  1
  85  2.2045550e+01 1.25e+00 1.68e+04  -1.0 3.03e+00   3.7 2.32e-04 2.09e-04f  1
  86  2.2047861e+01 1.25e+00 1.37e+04  -1.0 2.99e+00   4.1 5.72e-04 4.75e-05f  1
  87  2.2086890e+01 1.25e+00 1.45e+04  -1.0 3.99e+00   3.6 1.80e-04 4.72e-04f  1
  88  2.2128415e+01 1.25e+00 1.48e+04  -1.0 2.98e+00   4.0 7.62e-04 8.15e-04f  1
  89  2.2164511e+01 1.25e+00 1.43e+04  -1.0 3.10e+00   4.5 9.52e-04 9.07e-04f  1
iter    objective    inf_pr   inf_du lg(mu)  ||d||  lg(rg) alpha_du alpha_pr  ls
  90  2.2198851e+01 1.25e+00 1.47e+04  -1.0 2.96e+00   4.0 5.45e-04 6.31e-04f  1
  91  2.2235644e+01 1.25e+00 1.59e+04  -1.0 3.09e+00   4.4 7.81e-04 8.87e-04f  1
  92  2.2278705e+01 1.25e+00 2.11e+04  -1.0 3.16e+00   4.8 9.81e-04 1.18e-03h  1
  93  2.2300899e+01 1.25e+00 2.43e+04  -1.0 3.18e+00   5.3 6.18e-04 6.34e-04h  1
  94  2.2334720e+01 1.25e+00 5.64e+04  -1.0 3.13e+00   4.8 4.60e-04 8.77e-04h  1
  95  2.2353143e+01 1.25e+00 2.07e+04  -1.0 3.17e+00   5.2 7.02e-04 5.11e-04h  1
  96  2.2380855e+01 1.24e+00 2.06e+04  -1.0 3.11e+00   4.7 6.90e-04 6.86e-04f  1
  97  2.2406954e+01 1.24e+00 1.53e+04  -1.0 3.16e+00   5.2 8.04e-04 7.07e-04h  1
  98  2.2422494e+01 1.24e+00 1.70e+05  -1.0 3.18e+00   5.6 7.69e-04 4.35e-04h  1
  99  2.2425899e+01 1.24e+00 3.47e+05  -1.0 1.89e+01   5.1 1.20e-03 8.95e-05h  1
iter    objective    inf_pr   inf_du lg(mu)  ||d||  lg(rg) alpha_du alpha_pr  ls
 100  2.2448951e+01 1.24e+00 1.71e+05  -1.0 3.17e+00   5.5 2.39e-04 6.37e-04h  1
 101  2.2467352e+01 1.24e+00 3.14e+05  -1.0 3.79e+00   5.1 1.48e-03 4.68e-04h  1
 102  2.2471422e+01 1.24e+00 1.06e+06  -1.0 5.40e+00   5.5 2.03e-03 1.10e-04h  1
 103  2.2535500e+01 1.24e+00 1.12e+05  -1.0 3.18e+00   5.9 6.60e-04 1.78e-03h  1
 104  2.2550611e+01 1.24e+00 6.36e+05  -1.0 3.18e+00   6.3 6.85e-04 4.16e-04h  1
 105  2.2551792e+01 1.24e+00 1.15e+06  -1.0 3.17e+00   5.9 5.96e-04 3.13e-05h  1
 106r 2.2551792e+01 1.24e+00 1.00e+03   0.1 0.00e+00   6.3 0.00e+00 2.98e-07R  4
 107r 3.2161638e+01 5.31e-01 1.00e+03   0.1 9.20e+02    -  1.06e-03 9.52e-04f  1
 108  3.2201183e+01 5.30e-01 1.61e+01  -1.0 3.61e+01    -  3.01e-04 4.37e-04f  1
 109  3.2203151e+01 5.30e-01 3.49e+03  -1.0 1.12e+00   5.8 4.97e-03 5.65e-05h  1
iter    objective    inf_pr   inf_du lg(mu)  ||d||  lg(rg) alpha_du alpha_pr  ls
 110r 3.2203151e+01 5.30e-01 9.99e+02  -0.3 0.00e+00   5.3 0.00e+00 3.15e-07R  5
 111r 3.4637593e+01 4.38e-01 9.99e+02  -0.3 3.30e+02    -  4.81e-04 3.03e-04f  1
 112  3.4801444e+01 4.36e-01 5.33e+02  -1.0 1.41e+01    -  4.13e-03 3.95e-03f  1
 113  3.4825188e+01 4.36e-01 1.02e+03  -1.0 1.00e+00   4.9 1.30e-02 6.26e-04h  1
 114  3.4826013e+01 4.36e-01 2.16e+04  -1.0 1.17e+00   4.4 4.52e-03 2.12e-05h  1
 115  3.4839110e+01 4.36e-01 4.57e+05  -1.0 1.31e+00   4.8 2.41e-02 3.22e-04h  1
 116  3.4913228e+01 4.35e-01 4.59e+05  -1.0 1.40e+00   4.3 2.29e-03 1.72e-03h  1
 117  3.4927772e+01 4.35e-01 5.28e+05  -1.0 1.31e+00   4.7 4.78e-03 3.39e-04h  1
 118  3.4954192e+01 4.35e-01 2.21e+06  -1.0 1.32e+00   5.2 4.05e-02 6.08e-04h  1
 119  3.5046067e+01 4.34e-01 2.26e+06  -1.0 1.34e+00   4.7 6.12e-03 2.01e-03h  1
iter    objective    inf_pr   inf_du lg(mu)  ||d||  lg(rg) alpha_du alpha_pr  ls
 120  3.5072851e+01 4.34e-01 2.93e+06  -1.0 1.33e+00   5.1 1.95e-02 5.86e-04h  1
 121  3.5144709e+01 4.33e-01 3.78e+06  -1.0 1.34e+00   5.5 1.02e-02 1.54e-03h  1
 122  3.5182080e+01 4.33e-01 3.99e+06  -1.0 1.34e+00   6.0 1.57e-03 7.91e-04h  1
 123  3.5197301e+01 4.33e-01 3.78e+06  -1.0 1.31e+00   6.4 2.44e-05 3.22e-04h  1
 124  3.5209426e+01 4.32e-01 3.78e+06  -1.0 1.30e+00   5.9 2.52e-04 2.51e-04h  1
 125  3.5215833e+01 4.32e-01 1.48e+07  -1.0 1.29e+00   6.3 1.77e-02 1.34e-04h  1
 126  3.5271696e+01 4.32e-01 1.46e+07  -1.0 1.31e+00   5.9 6.15e-04 1.12e-03h  1
 127  3.5279683e+01 4.32e-01 2.88e+07  -1.0 1.30e+00   6.3 2.60e-02 1.61e-04h  1
 128  3.5334505e+01 4.31e-01 3.03e+07  -1.0 1.31e+00   6.7 2.11e-03 1.09e-03h  1
 129  3.5352471e+01 4.31e-01 5.64e+07  -1.0 1.97e+00   6.2 5.71e-02 3.53e-04h  1
iter    objective    inf_pr   inf_du lg(mu)  ||d||  lg(rg) alpha_du alpha_pr  ls
 130  3.5448201e+01 4.30e-01 5.84e+07  -1.0 1.28e+00   6.7 3.47e-03 1.85e-03h  1
 131  3.5469480e+01 4.30e-01 2.03e+08  -1.0 1.27e+00   7.1 4.24e-02 4.13e-04h  1
 132  3.5531454e+01 4.30e-01 2.07e+08  -1.0 1.24e+00   6.6 6.47e-03 1.16e-03h  1
 133  3.5551114e+01 4.30e-01 3.34e+08  -1.0 1.19e+00   7.0 4.47e-02 3.70e-04h  1
 134  3.5674059e+01 4.29e-01 3.38e+08  -1.0 1.16e+00   6.6 8.69e-03 2.23e-03h  1
 135  3.5708803e+01 4.28e-01 4.56e+08  -1.0 1.15e+00   7.0 5.19e-02 6.39e-04h  1
 136  3.5814014e+01 4.28e-01 5.27e+08  -1.0 1.15e+00   7.4 1.26e-02 1.93e-03h  1
 137  3.5842960e+01 4.27e-01 5.62e+08  -1.0 1.29e+00   6.9 2.12e-02 5.17e-04h  1
 138  3.5959849e+01 4.26e-01 7.37e+08  -1.0 1.13e+00   7.4 3.37e-02 2.10e-03h  1
 139  3.6047777e+01 4.26e-01 1.34e+09  -1.0 1.12e+00   7.8 4.05e-02 1.59e-03h  1
iter    objective    inf_pr   inf_du lg(mu)  ||d||  lg(rg) alpha_du alpha_pr  ls
 140  3.6096400e+01 4.25e-01 1.37e+09  -1.0 1.54e+00   7.3 8.34e-03 8.49e-04h  1
 141  3.6157531e+01 4.25e-01 1.48e+09  -1.0 1.13e+00   7.7 1.01e-02 1.08e-03h  1
 142  3.6226926e+01 4.24e-01 1.46e+09  -1.0 1.10e+00   8.2 7.51e-04 1.24e-03h  1
 143  3.6242688e+01 4.24e-01 1.48e+09  -1.0 1.56e+00   7.7 1.59e-03 2.76e-04h  1
 144  3.6271893e+01 4.24e-01 1.53e+09  -1.0 1.09e+00   8.1 2.10e-03 5.18e-04h  1
 145  3.6300628e+01 4.24e-01 3.58e+09  -1.0 1.09e+00   8.5 2.45e-02 5.17e-04h  1
 146  3.6397660e+01 4.23e-01 3.63e+09  -1.0 1.08e+00   8.1 4.00e-03 1.69e-03h  1
 147  3.6412932e+01 4.23e-01 6.88e+09  -1.0 1.07e+00   8.5 4.54e-02 2.70e-04h  1
 148  3.6513713e+01 4.22e-01 6.92e+09  -1.0 1.06e+00   8.0 4.85e-03 1.73e-03h  1
 149  3.6537967e+01 4.22e-01 8.75e+09  -1.0 1.06e+00   8.4 3.16e-02 4.23e-04h  1
iter    objective    inf_pr   inf_du lg(mu)  ||d||  lg(rg) alpha_du alpha_pr  ls
 150  3.6649888e+01 4.21e-01 1.01e+10  -1.0 1.06e+00   8.9 9.78e-03 1.95e-03h  1
 151  3.6662575e+01 4.21e-01 1.01e+10  -1.0 2.32e+01   8.4 2.22e-03 2.29e-04h  1
 152  3.6673626e+01 4.21e-01 1.18e+10  -1.0 3.57e+00   8.8 1.22e-02 1.91e-04h  1
 153  3.6825337e+01 4.20e-01 1.14e+10  -1.0 1.04e+00   9.2 1.69e-03 2.62e-03h  1
 154  3.6838302e+01 4.20e-01 1.12e+10  -1.0 1.03e+00   9.7 3.64e-05 2.27e-04h  1
 155  3.6862268e+01 4.20e-01 1.12e+10  -1.0 1.02e+00   9.2 2.69e-04 4.09e-04h  1
 156  3.6879226e+01 4.20e-01 5.61e+10  -1.0 1.03e+00   9.6 4.75e-02 2.96e-04h  1
 157  3.6948080e+01 4.19e-01 5.60e+10  -1.0 1.36e+00   9.1 1.04e-03 1.15e-03h  1
 158  3.6956975e+01 4.19e-01 7.74e+10  -1.0 1.02e+00   9.6 2.59e-02 1.51e-04h  1
 159  3.6975516e+01 4.19e-01 7.80e+10  -1.0 2.42e+00   9.1 2.67e-03 3.09e-04h  1
iter    objective    inf_pr   inf_du lg(mu)  ||d||  lg(rg) alpha_du alpha_pr  ls
 160  3.7051309e+01 4.18e-01 1.02e+11  -1.0 1.01e+00   9.5 3.51e-02 1.28e-03h  1
 161  3.7167538e+01 4.18e-01 1.06e+11  -1.0 1.01e+00   9.9 3.86e-03 1.97e-03h  1
 162  3.7189775e+01 4.17e-01 2.81e+11  -1.0 9.97e-01  10.4 3.29e-02 3.81e-04h  1
 163  3.7312404e+01 4.17e-01 2.89e+11  -1.0 9.89e-01   9.9 7.97e-03 2.04e-03h  1
 164  3.7338791e+01 4.16e-01 4.15e+11  -1.0 9.81e-01  10.3 2.75e-02 4.45e-04h  1
 165  3.7345608e+01 4.16e-01 4.20e+11  -1.0 4.23e+00   9.8 3.79e-03 1.13e-04h  1
 166  3.7490707e+01 4.15e-01 4.72e+11  -1.0 9.77e-01  10.3 1.56e-02 2.42e-03h  1
 167  3.7555896e+01 4.15e-01 6.52e+11  -1.0 9.66e-01  10.7 1.72e-02 1.10e-03h  1
 168  3.7599519e+01 4.15e-01 1.77e+12  -1.0 9.62e-01  11.1 3.79e-02 7.40e-04h  1
 169  3.7653508e+01 4.14e-01 1.84e+12  -1.0 9.52e-01  10.6 9.71e-03 8.97e-04h  1
iter    objective    inf_pr   inf_du lg(mu)  ||d||  lg(rg) alpha_du alpha_pr  ls
 170  3.7770885e+01 4.13e-01 2.46e+12  -1.0 9.51e-01  11.1 2.60e-02 1.96e-03h  1
 171  3.7856320e+01 4.13e-01 4.42e+12  -1.0 9.42e-01  11.5 2.92e-02 1.44e-03h  1
 172  3.7870027e+01 4.13e-01 4.64e+12  -1.0 3.74e+00  11.0 1.11e-02 2.27e-04h  1
 173  3.7892450e+01 4.13e-01 6.28e+12  -1.0 9.31e-01  11.4 2.74e-02 3.75e-04h  1
MUMPS returned INFO(1) = -9 and requires more memory, reallocating.  Attempt 1
  Increasing icntl[13] from 1000 to 2000.
 174  3.8108579e+01 4.11e-01 8.96e+12  -1.0 9.32e-01  11.9 1.98e-02 3.62e-03h  1
 175  3.8161112e+01 4.11e-01 2.26e+13  -1.0 9.13e-01  12.3 3.13e-02 8.85e-04h  1
 176  3.8208862e+01 4.10e-01 2.44e+13  -1.0 1.45e+00  11.8 1.41e-02 7.88e-04h  1
 177  3.8210002e+01 4.10e-01 3.29e+13  -1.0 9.03e-01  12.2 2.19e-02 1.91e-05h  1
 178  3.8223698e+01 4.10e-01 3.37e+13  -1.0 3.73e+00  11.8 7.90e-03 2.26e-04h  1
 179  3.8315742e+01 4.10e-01 4.00e+13  -1.0 9.00e-01  12.2 2.06e-02 1.53e-03h  1
iter    objective    inf_pr   inf_du lg(mu)  ||d||  lg(rg) alpha_du alpha_pr  ls
 180  3.8588990e+01 4.08e-01 5.49e+13  -1.0 8.94e-01  12.6 2.08e-02 4.54e-03h  1
 181  3.8650055e+01 4.07e-01 1.05e+14  -1.0 8.72e-01  13.0 2.09e-02 1.02e-03h  1
 182  3.8713661e+01 4.07e-01 2.39e+14  -1.0 8.68e-01  13.5 2.12e-02 1.06e-03h  1
 183  3.8759436e+01 4.07e-01 2.77e+14  -1.0 8.59e-01  13.0 1.90e-02 7.52e-04h  1
 184  3.8860312e+01 4.06e-01 3.96e+14  -1.0 8.58e-01  13.4 2.22e-02 1.67e-03h  1
 185  3.8862011e+01 4.06e-01 9.05e+14  -1.0 8.51e-01  13.8 3.33e-02 2.83e-05h  1
 186  3.8899279e+01 4.06e-01 1.08e+15  -1.0 8.49e-01  13.4 4.01e-02 6.13e-04h  1
 187  3.8954515e+01 4.05e-01 1.22e+15  -1.0 8.48e-01  13.8 1.18e-02 9.14e-04h  1
 188  3.9070827e+01 4.04e-01 3.69e+15  -1.0 8.44e-01  14.2 7.10e-02 1.93e-03h  1
MUMPS returned INFO(1) = -9 and requires more memory, reallocating.  Attempt 1
  Increasing icntl[13] from 2000 to 4000.
 189  3.9126820e+01 4.04e-01 3.70e+15  -1.0 2.96e+00  13.7 2.62e-03 9.11e-04h  1
iter    objective    inf_pr   inf_du lg(mu)  ||d||  lg(rg) alpha_du alpha_pr  ls
 190  3.9144797e+01 4.04e-01 4.27e+15  -1.0 8.30e-01  14.2 2.05e-02 2.93e-04h  1
 191  3.9174428e+01 4.04e-01 6.47e+15  -1.0 8.31e-01  14.6 2.74e-02 4.87e-04h  1
 192  3.9200685e+01 4.04e-01 6.68e+15  -1.0 8.26e-01  14.1 9.57e-03 4.26e-04h  1
 193  3.9411211e+01 4.02e-01 8.18e+15  -1.0 8.26e-01  14.5 2.51e-02 3.42e-03h  1
MUMPS returned INFO(1) = -9 and requires more memory, reallocating.  Attempt 1
  Increasing icntl[13] from 4000 to 8000.
 194  3.9429288e+01 4.02e-01 1.14e+16  -1.0 8.11e-01  15.0 1.71e-02 2.96e-04h  1
 195  3.9532765e+01 4.01e-01 1.13e+16  -1.0 1.65e+01  14.5 2.09e-04 1.67e-03h  1
 196  3.9608915e+01 4.01e-01 1.10e+16  -1.0 9.61e-01  14.9 9.25e-05 1.24e-03h  1
 197  3.9609741e+01 4.01e-01 1.27e+16  -1.0 8.05e-01  15.3 5.69e-03 1.36e-05h  1
 198  3.9698198e+01 4.00e-01 1.30e+16  -1.0 8.02e-01  14.9 3.27e-03 1.43e-03h  1
 199  3.9699790e+01 4.00e-01 1.67e+16  -1.0 8.01e-01  15.3 7.43e-03 2.58e-05h  1
iter    objective    inf_pr   inf_du lg(mu)  ||d||  lg(rg) alpha_du alpha_pr  ls
 200  3.9838681e+01 4.00e-01 1.71e+16  -1.0 1.14e+00  14.8 5.22e-03 2.19e-03h  1
 201r 3.9838681e+01 4.00e-01 1.00e+03  -0.4 0.00e+00  15.2 0.00e+00 3.09e-07R  6
 202r 5.9607745e+01 7.99e-01 1.04e+03  -0.4 2.27e+02    -  2.27e-03 1.60e-03f  1
 203r 5.9922588e+01 7.96e-01 1.44e+03  -0.4 8.08e+00   2.0 1.09e-02 2.36e-03f  1
 204r 5.9923729e+01 7.94e-01 1.25e+05  -0.4 3.53e+00   4.2 2.22e-05 1.90e-03f  1
 205r 5.9991126e+01 7.74e-01 1.23e+05  -0.4 1.99e-01   3.8 4.31e-03 2.27e-02f  1
 206r 6.0007980e+01 7.46e-01 1.18e+05  -0.4 7.85e-02   4.2 2.31e-02 3.51e-02f  1
 207r 5.9970803e+01 6.90e-01 1.09e+05  -0.4 3.00e-02   4.6 1.91e-01 7.46e-02f  1
 208r 5.9839554e+01 5.51e-01 8.73e+04  -0.4 1.33e-02   5.0 2.35e-01 2.10e-01f  1
 209r 5.9768191e+01 4.72e-01 7.46e+04  -0.4 9.36e-03   5.5 1.58e-01 1.49e-01f  1
iter    objective    inf_pr   inf_du lg(mu)  ||d||  lg(rg) alpha_du alpha_pr  ls
 210r 5.9681895e+01 3.51e-01 5.59e+04  -0.4 1.28e-02   5.0 1.74e-01 2.65e-01f  1
 211  6.0118002e+01 3.48e-01 6.56e+02  -1.0 1.63e+01    -  4.43e-03 5.98e-03f  1
 212  6.0177819e+01 3.48e-01 3.81e+12  -1.0 4.16e-01  14.8 4.96e-02 1.62e-03h  1
 213  6.0178423e+01 3.48e-01 3.81e+12  -1.0 7.02e-01  14.3 3.46e-02 1.64e-05h  1
 214r 6.0178423e+01 3.48e-01 9.99e+02  -0.5 0.00e+00  14.7 0.00e+00 8.17e-08R  2
 215r 6.0663471e+01 1.43e-01 1.05e+03  -0.5 3.45e+02    -  2.88e-03 9.97e-04f  1
 216  6.1122186e+01 1.41e-01 7.96e+02  -1.0 2.11e+01    -  1.55e-02 1.22e-02f  1
 217  6.1274516e+01 1.40e-01 5.49e+12  -1.0 3.84e-01  14.2 6.13e-02 4.12e-03h  1
 218  6.1276057e+01 1.40e-01 5.49e+12  -1.0 3.91e-01  14.7 8.47e-02 4.18e-05h  1
 219r 6.1276057e+01 1.40e-01 9.99e+02  -0.6 0.00e+00  14.2 0.00e+00 2.10e-07R  2
iter    objective    inf_pr   inf_du lg(mu)  ||d||  lg(rg) alpha_du alpha_pr  ls
 220r 6.2265399e+01 1.41e-01 1.00e+03  -0.6 1.95e+02    -  2.17e-03 1.37e-03f  1
 221  6.4286120e+01 1.33e-01 1.17e+03  -1.0 5.02e+00    -  8.63e-02 5.72e-02f  1
 222  6.5245071e+01 1.30e-01 7.08e+13  -1.0 3.20e-01  13.7 2.79e-02 2.63e-02h  1
 223  6.5257459e+01 1.29e-01 7.08e+13  -1.0 8.31e-01  14.1 8.00e-03 3.43e-04h  1
 224r 6.5257459e+01 1.29e-01 9.99e+02  -0.1 0.00e+00  14.6 0.00e+00 3.82e-07R  4
 225r 6.5862337e+01 1.20e-01 9.97e+02  -0.1 7.11e+02    -  2.22e-03 1.16e-03f  1
 226  6.7048527e+01 1.15e-01 5.27e+02  -1.0 7.31e+00    -  3.88e-02 4.05e-02f  1
 227  6.7550220e+01 1.14e-01 8.25e+13  -1.0 3.65e-01  14.1 3.98e-02 1.46e-02h  1
 228  6.7555565e+01 1.14e-01 8.24e+13  -1.0 7.63e-01  14.5 1.28e-02 1.57e-04h  1
 229r 6.7555565e+01 1.14e-01 9.99e+02  -0.4 0.00e+00  14.9 0.00e+00 3.87e-07R  3
iter    objective    inf_pr   inf_du lg(mu)  ||d||  lg(rg) alpha_du alpha_pr  ls
 230r 6.8312803e+01 1.36e-01 9.96e+02  -0.4 3.81e+02    -  3.70e-03 1.14e-03f  1
 231  7.1086535e+01 9.61e-01 1.95e+03  -1.0 5.20e+00    -  4.64e-02 9.88e-02f  1
 232  7.2891555e+01 8.46e-01 3.03e+15  -1.0 4.46e-01  14.5 3.60e-02 5.84e-02h  1
 233  7.3225896e+01 8.24e-01 5.18e+15  -1.0 4.74e-01  15.8 2.66e-03 1.17e-02h  1
 234  7.3229277e+01 8.24e-01 5.18e+15  -1.0 6.01e-01  16.2 2.36e-02 1.20e-04h  1
 235r 7.3229277e+01 8.24e-01 9.99e+02   0.3 0.00e+00  16.6 0.00e+00 2.99e-07R  3
 236r 7.3662522e+01 1.38e-01 9.98e+02   0.3 1.54e+03    -  1.07e-03 1.14e-03f  1
 237  7.6445900e+01 1.81e+00 1.41e+03  -1.0 4.46e+00    -  6.68e-02 1.29e-01f  1
 238  7.7330815e+01 1.71e+00 3.68e+16  -1.0 3.42e-01  16.2 1.51e-02 3.60e-02h  1
 239  7.7340532e+01 1.71e+00 3.68e+16  -1.0 1.06e+00  16.6 1.92e-02 4.11e-04h  1
iter    objective    inf_pr   inf_du lg(mu)  ||d||  lg(rg) alpha_du alpha_pr  ls
 240r 7.7340532e+01 1.71e+00 9.99e+02   0.4 0.00e+00  17.0 0.00e+00 4.79e-07R  4
 241r 7.7717953e+01 2.22e-01 9.99e+02   0.4 2.23e+03    -  1.10e-04 1.17e-03f  1
 242  8.0543742e+01 8.44e-01 1.57e+03  -1.0 4.40e+00    -  1.21e-01 1.51e-01f  1
 243  8.0591722e+01 8.39e-01 4.80e+14  -1.0 2.92e-01  16.5 8.66e-02 2.53e-03h  1
 244  8.0592205e+01 8.39e-01 4.80e+14  -1.0 4.26e-01  16.1 1.47e-01 2.54e-05h  1
 245r 8.0592205e+01 8.39e-01 9.99e+02   0.3 0.00e+00  16.5 0.00e+00 1.27e-07R  2
 246r 8.0802006e+01 1.90e-01 1.00e+03   0.3 1.51e+03    -  2.84e-04 1.18e-03f  1
 247  8.3235083e+01 1.40e+00 9.83e+02  -1.0 2.78e+00    -  1.48e-01 1.75e-01f  1
 248  8.4486698e+01 1.21e+00 9.14e+16  -1.0 2.48e-01  16.0 3.94e-02 8.22e-02h  1
 249  8.4499428e+01 1.21e+00 9.13e+16  -1.0 3.68e-01  17.3 5.35e-02 9.29e-04h  1
iter    objective    inf_pr   inf_du lg(mu)  ||d||  lg(rg) alpha_du alpha_pr  ls
 250r 8.4499428e+01 1.21e+00 9.99e+02   0.3 0.00e+00  16.9 0.00e+00 3.00e-07R  6
 251r 8.4687360e+01 1.76e-01 9.99e+02   0.3 1.75e+03    -  1.78e-04 1.22e-03f  1
 252  8.6718435e+01 1.50e+00 1.28e+03  -1.0 2.43e+00    -  1.36e-01 1.90e-01f  1
 253  8.8624034e+01 1.08e+00 5.62e+17  -1.0 2.28e-01  16.4 5.14e-02 1.77e-01h  1
 254  8.8967690e+01 1.01e+00 8.07e+17  -1.0 1.99e-01  17.7 7.26e-02 3.95e-02h  1
 255  8.8971329e+01 1.00e+00 8.07e+17  -1.0 4.88e-01  18.1 4.17e-02 4.46e-04h  1
 256r 8.8971329e+01 1.00e+00 9.99e+02   0.3 0.00e+00  18.6 0.00e+00 2.66e-07R  5
 257r 8.9075972e+01 1.59e-01 1.00e+03   0.3 1.63e+03    -  3.30e-04 1.17e-03f  1
 258  9.0011526e+01 1.41e+00 7.68e+02  -1.0 2.43e+00    -  1.75e-01 1.94e-01f  1
 259  9.0011525e+01 1.40e+00 6.12e+11  -1.0 1.50e-06  17.6 9.97e-01 1.00e+00h  1
iter    objective    inf_pr   inf_du lg(mu)  ||d||  lg(rg) alpha_du alpha_pr  ls
 260  9.1864366e+01 7.73e-01 3.81e+18  -1.0 1.40e-01  17.1 1.29e-02 2.84e-01h  1
 261  9.2876797e+01 4.12e-01 2.84e+19  -1.0 1.40e-01  18.5 1.30e-02 2.20e-01h  1
 262  9.3679592e+01 1.25e-01 6.55e+20  -1.0 1.06e-01  19.8 1.70e-02 2.23e-01h  1
WARNING: Problem in step computation; switching to emergency mode.
 263r 9.3679592e+01 1.25e-01 9.99e+02   0.0 0.00e+00  20.0 0.00e+00 0.00e+00R  1
 264r 9.3689875e+01 7.80e-02 9.98e+02   0.0 8.98e+02    -  1.38e-03 1.16e-03f  1
 265  9.4084233e+01 2.07e+00 2.25e+03  -1.0 1.88e+00    -  1.91e-01 1.92e-01f  1
 266  9.5408977e+01 2.58e-01 2.96e+05  -1.0 7.03e-02   4.0 7.76e-01 6.46e-01f  1
 267  9.5712759e+01 4.83e-02 2.27e+06  -1.0 5.60e-02   5.3 2.65e-01 4.48e-01h  1
 268  9.5958171e+01 2.26e-02 2.62e+07  -1.0 3.43e-02   6.7 1.34e-02 5.90e-01h  1
 269  9.6007403e+01 1.37e-02 2.63e+08  -1.0 2.66e-02   8.0 7.15e-01 4.18e-01h  1
iter    objective    inf_pr   inf_du lg(mu)  ||d||  lg(rg) alpha_du alpha_pr  ls
 270  9.6040145e+01 7.08e-03 4.28e+08  -1.0 2.57e-02   8.4 3.87e-03 5.20e-01h  1
 271  9.6050650e+01 4.09e-03 7.37e+08  -1.0 1.42e-02   8.8 5.34e-01 4.47e-01h  1
 272  9.6053386e+01 3.79e-03 3.18e+09  -1.0 1.19e-01   9.3 6.20e-02 7.27e-02h  2
 273  9.6063874e+01 7.41e-04 9.04e+09  -1.0 8.95e-03   9.7 7.97e-02 1.00e+00h  1
 274  9.6059287e+01 1.66e-04 2.96e+09  -1.0 4.76e-03  10.1 9.81e-01 1.00e+00h  1
 275  9.6058599e+01 2.25e-05 5.71e+08  -1.0 2.28e-03  10.5 1.00e+00 1.00e+00h  1
 276  9.6058570e+01 5.92e-07 2.31e+08  -1.0 5.00e-04  10.1 1.00e+00 1.00e+00h  1
 277  9.6058569e+01 6.06e-10 1.16e+06  -1.0 8.37e-06   9.6 1.00e+00 1.00e+00h  1
 278  9.6058569e+01 9.39e-15 1.43e+01  -1.0 1.11e-08   9.1 1.00e+00 1.00e+00h  1
 279  9.6058569e+01 9.95e-15 2.45e+00  -1.7 5.67e-09   8.6 1.00e+00 1.00e+00h  1
iter    objective    inf_pr   inf_du lg(mu)  ||d||  lg(rg) alpha_du alpha_pr  ls
 280  9.6058569e+01 1.39e-14 2.45e+00  -1.7 1.70e-08   8.2 1.00e+00 1.00e+00h  1
 281  9.6058569e+01 9.84e-15 2.45e+00  -1.7 5.11e-08   7.7 1.00e+00 1.00e+00f  1
 282  9.6058569e+01 8.60e-14 2.45e+00  -1.7 1.53e-07   7.2 1.00e+00 1.00e+00f  1
 283  9.6058569e+01 7.75e-13 2.44e+00  -1.7 4.59e-07   6.7 1.00e+00 1.00e+00f  1
 284  9.6058570e+01 6.98e-12 2.44e+00  -1.7 1.38e-06   6.2 1.00e+00 1.00e+00f  1
 285  9.6058571e+01 6.30e-11 2.44e+00  -1.7 4.13e-06   5.8 1.00e+00 1.00e+00f  1
 286  9.6058576e+01 5.70e-10 2.44e+00  -1.7 1.24e-05   5.3 1.00e+00 1.00e+00f  1
 287  9.6058589e+01 5.21e-09 2.44e+00  -1.7 3.71e-05   4.8 1.00e+00 1.00e+00f  1
 288  9.6058630e+01 4.96e-08 2.42e+00  -1.7 1.11e-04   4.3 1.00e+00 1.00e+00f  1
 289  9.6058790e+01 8.36e-07 5.97e+00  -1.7 3.54e-04   3.9 1.00e+00 1.00e+00f  1
iter    objective    inf_pr   inf_du lg(mu)  ||d||  lg(rg) alpha_du alpha_pr  ls
 290  9.6058845e+01 6.86e-08 5.77e+00  -1.7 1.20e-04   4.3 1.00e+00 1.00e+00f  1
 291  9.6059071e+01 1.11e-06 1.02e+01  -1.7 4.66e-04   3.8 1.00e+00 1.00e+00f  1
 292  9.6059140e+01 8.11e-08 5.77e+00  -1.7 1.72e-04   4.2 1.00e+00 1.00e+00f  1
 293  9.6059397e+01 9.86e-07 1.34e+01  -1.7 5.77e-04   3.8 1.00e+00 1.00e+00f  1
 294  9.6060228e+01 9.03e-06 2.35e+02  -1.7 1.71e-03   3.3 1.00e+00 1.00e+00f  1
 295  9.6062301e+01 1.17e-04 1.57e+02  -1.7 3.33e-03   2.8 1.00e+00 1.00e+00f  1
 296  9.6064290e+01 8.13e-05 3.43e+02  -1.7 1.11e-02   2.3 1.00e+00 1.00e+00f  1
 297  9.6049727e+01 1.52e-04 5.76e+01  -1.7 1.14e-02   1.9 1.00e+00 1.00e+00f  1
 298  9.5936215e+01 5.41e-04 3.92e+01  -1.7 2.16e-02   1.4 1.00e+00 1.00e+00f  1
 299  9.5411601e+01 2.74e-03 1.94e+01  -1.7 4.11e-02   0.9 1.00e+00 1.00e+00f  1
iter    objective    inf_pr   inf_du lg(mu)  ||d||  lg(rg) alpha_du alpha_pr  ls
 300  9.3712837e+01 1.01e-02 1.06e+01  -1.7 7.37e-02   0.4 1.00e+00 1.00e+00f  1
 301  9.0073342e+01 2.26e-02 1.16e+01  -1.7 1.23e-01  -0.1 1.00e+00 1.00e+00f  1
 302  8.5165390e+01 3.33e-02 1.08e+01  -1.7 1.82e-01  -0.5 1.00e+00 1.00e+00f  1
 303  8.1163568e+01 5.44e-02 4.60e+00  -1.7 2.02e-01  -1.0 1.00e+00 1.00e+00f  1
 304  8.0803618e+01 2.81e-02 6.11e+03  -1.7 2.95e-01  -0.6 8.89e-01 5.22e-01h  1
 305  8.0736073e+01 7.68e-03 2.10e+03  -1.7 8.39e-02   1.6 8.61e-01 1.00e+00h  1
 306  8.0737724e+01 3.23e-03 1.25e+03  -1.7 5.06e-02   1.2 7.60e-01 1.00e+00h  1
 307  8.0738327e+01 4.22e-04 2.25e+02  -1.7 7.10e-02   1.6 1.00e+00 1.00e+00h  1
 308  8.0729450e+01 1.40e-04 3.74e+01  -1.7 1.22e-02   1.1 1.00e+00 1.00e+00h  1
 309  8.0732213e+01 3.26e-03 2.48e+02  -1.7 2.13e-02   1.5 1.00e+00 1.00e+00h  1
iter    objective    inf_pr   inf_du lg(mu)  ||d||  lg(rg) alpha_du alpha_pr  ls
 310  8.0721704e+01 3.50e-03 2.30e+03  -1.7 8.31e-02   1.1 1.00e+00 5.00e-01h  2
 311  8.0719488e+01 3.07e-03 5.68e+03  -1.7 4.53e-02   2.4 1.00e+00 2.50e-01h  3
 312  8.0721703e+01 5.18e-04 1.73e+02  -1.7 4.40e-02   1.9 1.00e+00 1.00e+00h  1
 313  8.0717993e+01 3.15e-05 3.46e+01  -1.7 1.10e-02   1.4 1.00e+00 1.00e+00h  1
 314  8.0708247e+01 8.28e-04 4.54e+01  -1.7 1.77e-02   1.0 1.00e+00 1.00e+00f  1
 315  8.0704522e+01 2.06e-04 2.04e+01  -1.7 1.19e-02   1.4 1.00e+00 1.00e+00h  1
 316  8.0720193e+01 1.66e-02 1.28e+02  -1.7 3.07e-02   1.8 1.00e+00 1.00e+00h  1
 317  8.0707447e+01 5.33e-03 2.11e+02  -1.7 3.56e-02   1.3 1.00e+00 1.00e+00h  1
 318  8.0686107e+01 4.48e-04 3.19e+01  -1.7 2.60e-02   0.9 1.00e+00 1.00e+00h  1
 319  8.0680438e+01 4.78e-05 1.62e+00  -1.7 1.42e-02   1.3 1.00e+00 1.00e+00h  1
iter    objective    inf_pr   inf_du lg(mu)  ||d||  lg(rg) alpha_du alpha_pr  ls
 320  8.0678628e+01 1.60e-05 5.89e-01  -1.7 4.63e-03   1.7 1.00e+00 1.00e+00h  1
 321  8.0674885e+01 1.11e-03 6.89e+01  -1.7 2.31e-02   1.2 1.00e+00 1.00e+00f  1
 322  8.0668962e+01 7.85e-04 1.29e+02  -1.7 6.26e-03   1.7 1.00e+00 1.00e+00h  1
 323  8.0663318e+01 4.63e-04 2.93e+01  -1.7 1.16e-02   1.2 1.00e+00 1.00e+00h  1
 324  8.0691257e+01 1.15e+00 1.62e+04  -1.7 1.66e-01   0.7 4.42e-01 1.00e+00f  1
 325  8.0567605e+01 6.25e-02 4.84e+02  -1.7 1.28e-01   0.2 1.00e+00 1.00e+00h  1
 326  8.0338527e+01 1.69e-03 2.85e+01  -1.7 1.26e-01  -0.2 1.00e+00 1.00e+00h  1
 327  8.0327456e+01 1.18e-04 2.39e-01  -1.7 5.27e-03   1.1 1.00e+00 1.00e+00h  1
 328  7.9075890e+01 1.00e-02 1.60e+03  -2.5 5.03e-02   0.6 9.24e-01 1.00e+00f  1
 329  7.6038885e+01 7.48e-03 4.57e+01  -2.5 6.76e-02   0.1 1.00e+00 1.00e+00f  1
iter    objective    inf_pr   inf_du lg(mu)  ||d||  lg(rg) alpha_du alpha_pr  ls
 330  7.0641255e+01 1.97e-02 2.90e+00  -2.5 7.63e-02  -0.3 1.00e+00 1.00e+00f  1
 331  6.4169469e+01 8.10e-02 9.65e+00  -2.5 1.59e-01  -0.8 1.00e+00 1.00e+00f  1
 332  6.3942426e+01 2.82e-02 1.85e+02  -2.5 9.97e-02   0.5 1.00e+00 1.00e+00h  1
 333  6.3863558e+01 1.30e-02 1.45e+02  -2.5 4.92e-02   0.9 1.00e+00 1.00e+00h  1
 334  6.3843297e+01 2.48e-03 1.71e+02  -2.5 7.52e-02   1.4 1.00e+00 1.00e+00h  1
 335  6.3763127e+01 1.36e-04 3.01e+01  -2.5 2.82e-02   0.9 1.00e+00 1.00e+00h  1
 336  6.3526164e+01 5.20e-04 9.75e+00  -2.5 2.45e-02   0.4 1.00e+00 1.00e+00h  1
 337  6.3516105e+01 5.70e-05 3.73e+01  -2.5 1.29e-02   1.7 1.00e+00 1.00e+00h  1
 338  6.3483962e+01 1.40e-04 6.55e+00  -2.5 2.58e-03   1.3 1.00e+00 1.00e+00h  1
 339  6.3389840e+01 1.13e-03 2.54e+01  -2.5 1.74e-02   0.8 1.00e+00 1.00e+00h  1
iter    objective    inf_pr   inf_du lg(mu)  ||d||  lg(rg) alpha_du alpha_pr  ls
 340  6.3113935e+01 1.38e-03 2.11e+00  -2.5 2.42e-02   0.3 1.00e+00 1.00e+00h  1
 341  6.3013528e+01 4.53e-04 1.27e+01  -2.5 1.37e-02   0.7 1.00e+00 1.00e+00h  1
 342  6.2742819e+01 3.60e-02 9.75e+00  -2.5 3.91e-02   0.3 1.00e+00 1.00e+00h  1
 343  6.2564820e+01 2.78e-02 4.52e+02  -2.5 6.38e-01  -0.2 3.17e-01 2.51e-01h  1
 344  6.2284993e+01 8.23e-03 2.02e+01  -2.5 6.86e-02   0.2 1.00e+00 1.00e+00h  1
 345  6.2269008e+01 6.82e-03 1.30e+03  -2.5 4.07e-02   1.5 7.07e-01 1.00e+00h  1
 346  6.2235384e+01 8.20e-04 3.07e+02  -2.5 6.55e-02   1.1 1.00e+00 1.00e+00h  1
 347  6.2129079e+01 1.54e-03 2.51e+01  -2.5 2.85e-02   0.6 1.00e+00 1.00e+00h  1
 348  6.2087351e+01 1.34e-03 2.77e+01  -2.5 9.17e-03   1.0 1.00e+00 1.00e+00h  1
 349  6.1974822e+01 4.74e-03 2.15e+01  -2.5 1.66e-02   0.5 1.00e+00 1.00e+00h  1
iter    objective    inf_pr   inf_du lg(mu)  ||d||  lg(rg) alpha_du alpha_pr  ls
 350  6.1662337e+01 1.99e-03 1.29e+01  -2.5 2.47e-02   0.0 1.00e+00 1.00e+00h  1
 351  6.1548411e+01 6.12e-03 3.57e+01  -2.5 3.80e-02   0.5 1.00e+00 1.00e+00h  1
 352  6.1521225e+01 2.43e-01 1.26e+03  -2.5 6.84e-02   0.9 6.04e-01 1.00e+00h  1
 353  6.1390542e+01 3.12e-02 1.39e+02  -2.5 5.16e-02   0.4 1.00e+00 1.00e+00h  1
 354  6.1129304e+01 1.32e-02 1.51e+02  -2.5 9.33e-02  -0.1 1.00e+00 8.54e-01h  1
 355  6.1129227e+01 1.77e-02 2.54e+03  -2.5 1.80e-01   1.3 3.03e-03 1.22e-01h  2
 356  6.1091040e+01 3.32e-03 6.49e+02  -2.5 2.04e-01   0.8 6.66e-01 1.00e+00h  1
 357  6.0975273e+01 7.59e-04 2.51e+01  -2.5 2.19e-02   0.3 1.00e+00 1.00e+00h  1
 358  6.0933123e+01 4.67e-04 3.47e+00  -2.5 6.53e-03   0.7 1.00e+00 1.00e+00h  1
 359  6.0812867e+01 4.93e-03 2.38e+01  -2.5 3.80e-02   0.3 1.00e+00 1.00e+00h  1
iter    objective    inf_pr   inf_du lg(mu)  ||d||  lg(rg) alpha_du alpha_pr  ls
 360  6.0765547e+01 8.84e-04 7.07e+00  -2.5 1.29e-02   0.7 1.00e+00 1.00e+00h  1
 361  6.0763073e+01 5.21e-05 3.31e+01  -2.5 7.06e-03   2.0 1.00e+00 1.00e+00h  1
 362  6.0756746e+01 1.22e-06 7.32e+00  -2.5 1.37e-03   1.5 1.00e+00 1.00e+00h  1
 363  6.0738457e+01 1.46e-04 1.73e+00  -2.5 4.45e-03   1.1 1.00e+00 1.00e+00h  1
 364  6.0683607e+01 9.95e-05 1.51e+00  -2.5 1.58e-02   0.6 1.00e+00 1.00e+00h  1
 365  6.0530529e+01 2.82e-04 2.17e+00  -2.5 2.71e-02   0.1 1.00e+00 1.00e+00h  1
 366  6.0474587e+01 1.23e-04 1.33e-01  -2.5 1.19e-02   0.5 1.00e+00 1.00e+00h  1
 367  6.0318049e+01 4.76e-03 7.27e+00  -2.5 2.68e-02   0.1 1.00e+00 1.00e+00h  1
 368  6.0266703e+01 1.39e-03 1.10e+01  -2.5 1.29e-02   0.5 1.00e+00 1.00e+00h  1
 369  6.0248801e+01 1.14e-03 7.38e+00  -2.5 2.02e-02   0.9 1.00e+00 1.00e+00h  1
iter    objective    inf_pr   inf_du lg(mu)  ||d||  lg(rg) alpha_du alpha_pr  ls
 370  6.0189607e+01 2.39e-03 1.78e+01  -2.5 2.31e-02   0.4 1.00e+00 1.00e+00h  1
 371  6.0168021e+01 1.00e-03 1.96e+01  -2.5 8.98e-03   0.9 1.00e+00 1.00e+00h  1
 372  6.0105958e+01 1.87e-04 2.05e+00  -2.5 2.40e-02   0.4 1.00e+00 1.00e+00h  1
 373  5.9939985e+01 5.34e-04 4.40e+00  -2.5 3.42e-02  -0.1 1.00e+00 1.00e+00h  1
 374  5.9881759e+01 2.21e-04 8.54e-01  -2.5 1.39e-02   0.3 1.00e+00 1.00e+00h  1
 375  5.9860757e+01 1.53e-04 2.72e+00  -2.5 4.70e-03   0.8 1.00e+00 1.00e+00h  1
 376  5.9798944e+01 1.52e-04 3.11e-01  -2.5 1.29e-02   0.3 1.00e+00 1.00e+00h  1
 377  5.9776264e+01 2.80e-05 8.83e-02  -2.5 4.78e-03   0.7 1.00e+00 1.00e+00h  1
 378  5.9713388e+01 2.31e-03 7.29e+00  -2.5 1.91e-02   0.2 1.00e+00 1.00e+00h  1
 379  5.9686937e+01 8.67e-04 1.22e+01  -2.5 7.37e-03   0.7 1.00e+00 1.00e+00h  1
iter    objective    inf_pr   inf_du lg(mu)  ||d||  lg(rg) alpha_du alpha_pr  ls
 380  5.9618728e+01 8.39e-05 5.95e-01  -2.5 1.92e-02   0.2 1.00e+00 1.00e+00h  1
 381  5.9438979e+01 1.78e-03 2.27e+00  -2.5 3.40e-02  -0.3 1.00e+00 1.00e+00h  1
 382  5.9430415e+01 4.25e-05 6.43e+00  -2.5 1.47e-02   1.0 1.00e+00 1.00e+00h  1
 383  5.9406508e+01 1.28e-05 2.26e+00  -2.5 4.76e-03   0.6 1.00e+00 1.00e+00h  1
 384  5.9337508e+01 8.75e-04 5.65e-01  -2.5 1.34e-02   0.1 1.00e+00 1.00e+00h  1
 385  5.9313992e+01 1.78e-04 4.64e-01  -2.5 7.82e-03   0.5 1.00e+00 1.00e+00h  1
 386  5.9305071e+01 2.19e-05 1.21e+00  -2.5 4.06e-03   0.9 1.00e+00 1.00e+00h  1
 387  5.9278300e+01 5.50e-05 1.20e+00  -2.5 5.38e-03   0.5 1.00e+00 1.00e+00h  1
 388  5.9203734e+01 7.91e-04 1.35e+00  -2.5 1.66e-02  -0.0 1.00e+00 1.00e+00h  1
 389  5.9012057e+01 2.88e-03 1.19e+00  -2.5 3.80e-02  -0.5 1.00e+00 1.00e+00h  1
iter    objective    inf_pr   inf_du lg(mu)  ||d||  lg(rg) alpha_du alpha_pr  ls
 390  5.8949039e+01 7.10e-04 3.59e+00  -2.5 1.85e-02  -0.1 1.00e+00 1.00e+00h  1
 391  5.8945916e+01 5.46e-05 7.70e+00  -2.5 1.40e-02   1.3 1.00e+00 1.00e+00h  1
 392  5.8936827e+01 2.67e-06 2.74e+00  -2.5 1.89e-03   0.8 1.00e+00 1.00e+00h  1
 393  5.8911955e+01 8.95e-04 1.75e+00  -2.5 7.02e-03   0.3 1.00e+00 1.00e+00h  1
 394  5.8836883e+01 9.89e-04 1.68e+01  -2.5 5.61e-02  -0.2 1.00e+00 1.00e+00h  1
 395  5.8830879e+01 1.75e-03 7.96e+01  -2.5 1.60e-02   1.2 1.00e+00 1.00e+00h  1
 396  5.8821497e+01 3.64e-04 1.18e+01  -2.5 1.84e-02   0.7 1.00e+00 1.00e+00h  1
 397  5.8790730e+01 5.83e-04 7.44e+00  -2.5 1.08e-02   0.2 1.00e+00 1.00e+00h  1
 398  5.8792854e+01 1.33e-02 1.38e+02  -2.5 1.53e-01   0.6 3.05e-01 2.87e-01h  2
 399  5.8784807e+01 4.48e-03 6.05e+01  -2.5 2.57e-02   1.0 1.00e+00 1.00e+00h  1
iter    objective    inf_pr   inf_du lg(mu)  ||d||  lg(rg) alpha_du alpha_pr  ls
 400  5.8781378e+01 1.03e-03 4.73e+01  -2.5 1.22e-02   1.5 1.00e+00 1.00e+00h  1
 401  5.8779682e+01 3.51e-04 1.84e+02  -2.5 1.42e-02   1.9 1.00e+00 1.00e+00h  1
 402  5.8778079e+01 8.70e-05 1.96e+01  -2.5 1.14e-02   1.4 1.00e+00 1.00e+00h  1
 403  5.8773615e+01 1.51e-03 6.15e+01  -2.5 2.11e-02   0.9 1.00e+00 1.00e+00h  1
 404  5.8772007e+01 1.88e-04 3.54e+00  -2.5 5.55e-03   1.4 1.00e+00 1.00e+00h  1
 405  5.8771329e+01 2.90e-06 2.20e+00  -2.5 2.46e-03   1.8 1.00e+00 1.00e+00h  1
 406  5.8769372e+01 1.57e-05 4.35e+00  -2.5 2.72e-03   1.3 1.00e+00 1.00e+00h  1
 407  5.8763535e+01 1.89e-04 4.60e+00  -2.5 1.02e-02   0.8 1.00e+00 1.00e+00h  1
 408  5.8744618e+01 8.91e-05 1.10e+00  -2.5 2.05e-02   0.4 1.00e+00 1.00e+00h  1
 409  5.8689439e+01 2.91e-03 4.04e+01  -2.5 8.53e-02  -0.1 1.00e+00 1.00e+00h  1
iter    objective    inf_pr   inf_du lg(mu)  ||d||  lg(rg) alpha_du alpha_pr  ls
 410  5.8687010e+01 3.37e-03 4.35e+01  -2.5 3.27e-02   1.2 1.00e+00 1.00e+00h  1
 411  5.8679766e+01 4.08e-03 2.19e+01  -2.5 2.68e-02   0.7 1.00e+00 1.00e+00h  1
 412  5.8658736e+01 4.68e-04 3.23e+00  -2.5 5.94e-02   0.3 1.00e+00 1.00e+00h  1
 413  5.8598962e+01 7.39e-04 1.02e+01  -2.5 5.17e-02  -0.2 9.90e-01 1.00e+00h  1
 414  5.8596428e+01 1.30e-04 4.79e+01  -2.5 2.91e-02   1.1 1.00e+00 1.00e+00h  1
 415  5.8588398e+01 2.15e-05 7.88e+00  -2.5 9.32e-03   0.6 1.00e+00 1.00e+00h  1
 416  5.8585375e+01 9.23e-05 5.08e+00  -2.5 3.37e-03   1.1 1.00e+00 1.00e+00h  1
 417  5.8584319e+01 3.65e-05 8.59e+00  -2.5 4.14e-03   1.5 1.00e+00 1.00e+00h  1
 418  5.8581007e+01 3.52e-05 3.91e+00  -2.5 4.38e-03   1.0 1.00e+00 1.00e+00h  1
 419  5.8571206e+01 2.98e-04 2.12e+00  -2.5 1.63e-02   0.5 1.00e+00 1.00e+00h  1
iter    objective    inf_pr   inf_du lg(mu)  ||d||  lg(rg) alpha_du alpha_pr  ls
 420  5.8542501e+01 1.76e-04 1.04e+00  -2.5 3.19e-02   0.1 1.00e+00 1.00e+00h  1
 421  5.8464740e+01 5.00e-04 8.30e-01  -2.5 6.11e-02  -0.4 1.00e+00 1.00e+00h  1
 422  5.8436472e+01 2.16e-04 3.63e+00  -2.5 2.45e-02   0.0 1.00e+00 1.00e+00h  1
 423  5.8435213e+01 1.92e-04 8.81e+00  -2.5 4.18e-03   1.3 1.00e+00 1.00e+00h  1
 424  5.8431485e+01 1.91e-04 3.61e+00  -2.5 1.03e-02   0.9 1.00e+00 1.00e+00h  1
 425  5.8420239e+01 1.37e-04 2.08e+00  -2.5 1.85e-02   0.4 1.00e+00 1.00e+00h  1
 426  5.8387975e+01 4.42e-04 4.35e-01  -2.5 4.06e-02  -0.1 1.00e+00 1.00e+00h  1
 427  5.8303153e+01 6.88e-04 7.14e-01  -2.5 7.45e-02  -0.6 1.00e+00 1.00e+00h  1
 428  5.8272186e+01 3.25e-04 7.33e-01  -2.5 2.97e-02  -0.1 1.00e+00 1.00e+00h  1
 429  5.8260423e+01 1.32e-04 1.86e+00  -2.5 1.17e-02   0.3 1.00e+00 1.00e+00h  1
iter    objective    inf_pr   inf_du lg(mu)  ||d||  lg(rg) alpha_du alpha_pr  ls
 430  5.8255688e+01 2.43e-03 5.16e+01  -2.5 2.77e-02   0.7 1.00e+00 1.00e+00h  1
 431  5.8252609e+01 2.40e-03 7.51e+02  -2.5 1.35e-01   0.2 1.00e+00 2.00e-01h  2
 432  5.8252586e+01 2.40e-03 4.71e+03  -2.5 2.64e+00   0.7 1.18e-01 3.20e-04h  6
 433  5.8247423e+01 2.55e-03 2.60e+03  -2.5 4.54e-02   0.2 1.00e+00 2.50e-01h  3
 434  5.8248195e+01 3.37e-03 6.40e+03  -2.5 4.97e-02   2.4 3.21e-01 1.00e+00h  1
 435  5.8248414e+01 2.17e-04 1.03e+03  -2.5 4.56e-02   1.9 1.00e+00 1.00e+00h  1
 436  5.8247697e+01 9.63e-07 1.68e+01  -2.5 3.91e-03   1.5 1.00e+00 1.00e+00h  1
 437  5.8245474e+01 8.47e-06 1.11e+00  -2.5 4.20e-03   1.0 1.00e+00 1.00e+00h  1
 438  5.8238950e+01 6.61e-05 9.32e-02  -2.5 1.22e-02   0.5 1.00e+00 1.00e+00h  1
 439  5.8220640e+01 2.63e-04 3.61e-01  -2.5 2.84e-02   0.0 1.00e+00 1.00e+00h  1
iter    objective    inf_pr   inf_du lg(mu)  ||d||  lg(rg) alpha_du alpha_pr  ls
 440  5.8172165e+01 4.01e-04 4.92e-01  -2.5 5.80e-02  -0.5 1.00e+00 1.00e+00h  1
 441  5.8155441e+01 5.51e-04 1.28e+00  -2.5 2.21e-02  -0.0 1.00e+00 1.00e+00h  1
 442  5.8149402e+01 8.29e-04 1.46e+01  -2.5 2.48e-02   0.4 1.00e+00 1.00e+00h  1
 443  5.8148752e+01 8.04e-04 4.89e+02  -2.5 1.65e-02   0.8 1.00e+00 2.50e-01h  3
 444  5.8148134e+01 3.51e-03 2.28e+02  -2.5 2.60e-02   1.3 1.00e+00 1.00e+00h  1
 445  5.8145796e+01 4.09e-04 3.16e+01  -2.5 2.95e-02   0.8 1.00e+00 1.00e+00h  1
 446  5.8138184e+01 5.65e-05 3.15e+00  -2.5 1.56e-02   0.3 1.00e+00 1.00e+00h  1
 447  5.8115779e+01 3.61e-04 3.52e-01  -2.5 4.20e-02  -0.2 1.00e+00 1.00e+00h  1
 448  5.8107280e+01 1.24e-05 1.71e-01  -2.5 1.54e-02   0.2 1.00e+00 1.00e+00h  1
 449  5.8104148e+01 3.46e-06 5.69e-02  -2.5 5.50e-03   0.7 1.00e+00 1.00e+00h  1
iter    objective    inf_pr   inf_du lg(mu)  ||d||  lg(rg) alpha_du alpha_pr  ls
 450  5.8094775e+01 1.47e-04 2.36e+00  -2.5 1.66e-02   0.2 1.00e+00 1.00e+00h  1
 451  5.8094344e+01 5.25e-05 6.57e+00  -2.5 2.34e-03   1.5 1.00e+00 1.00e+00h  1
 452  5.8093059e+01 4.91e-05 3.71e+00  -2.5 2.16e-03   1.0 1.00e+00 1.00e+00h  1
 453  5.8089350e+01 2.90e-03 2.62e+01  -2.5 2.07e-02   0.6 1.00e+00 1.00e+00h  1
 454  5.8078500e+01 1.71e-04 1.67e+00  -2.5 3.44e-02   0.1 1.00e+00 1.00e+00h  1
 455  5.8047625e+01 3.11e-04 2.23e+00  -2.5 4.78e-02  -0.4 1.00e+00 1.00e+00h  1
 456  5.8036185e+01 2.90e-05 2.34e-01  -2.5 2.13e-02   0.0 1.00e+00 1.00e+00h  1
 457  5.8031943e+01 7.59e-06 1.21e-01  -2.5 7.55e-03   0.5 1.00e+00 1.00e+00h  1
 458  5.8018437e+01 3.80e-03 4.48e+01  -2.5 8.18e-02  -0.0 1.00e+00 1.00e+00h  1
 459  5.8005984e+01 3.45e-03 5.53e+02  -2.5 5.14e-02  -0.5 1.00e+00 3.45e-01h  2
iter    objective    inf_pr   inf_du lg(mu)  ||d||  lg(rg) alpha_du alpha_pr  ls
 460  5.8004725e+01 3.53e-03 3.41e+03  -2.5 1.55e-01  -0.1 1.00e+00 4.26e-02h  2
 461  5.8004683e+01 3.51e-03 9.20e+03  -2.5 9.49e-02   1.3 1.00e+00 3.05e-02h  5
 462  5.8004768e+01 2.64e-02 9.74e+03  -2.5 1.39e-01   1.7 2.47e-01 3.38e-01h  2
 463  5.8003693e+01 9.60e-03 1.06e+03  -2.5 3.40e-02   1.2 2.99e-01 1.00e+00h  1
 464  5.8002616e+01 3.88e-04 9.65e+01  -2.5 7.88e-02   0.7 1.00e+00 1.00e+00h  1
 465  5.7996707e+01 1.63e-05 4.80e+00  -2.5 1.22e-02   0.3 1.00e+00 1.00e+00h  1
 466  5.7979603e+01 6.79e-04 1.70e+00  -2.5 4.72e-02  -0.2 1.00e+00 1.00e+00h  1
 467  5.7923506e+01 3.54e-01 1.16e+02  -2.5 1.95e-01  -0.7 1.00e+00 9.63e-01h  1
 468  5.7916168e+01 9.86e-03 3.04e+01  -2.5 4.38e-02  -0.3 1.00e+00 1.00e+00h  1
 469  5.7876228e+01 1.30e-02 6.58e+02  -2.5 6.42e-02  -0.7 6.16e-01 1.00e+00h  1
iter    objective    inf_pr   inf_du lg(mu)  ||d||  lg(rg) alpha_du alpha_pr  ls
 470  5.7872649e+01 1.90e-02 4.51e+02  -2.5 1.75e-01   0.6 4.38e-01 4.11e-01h  2
 471  5.7875675e+01 7.78e-03 2.40e+01  -2.5 4.36e-02   1.0 1.00e+00 1.00e+00h  1
 472  5.7876993e+01 7.18e-04 4.19e+00  -2.5 1.28e-01   0.5 1.00e+00 1.00e+00h  1
 473  5.7869348e+01 2.11e-04 4.82e+00  -2.5 1.84e-02   0.1 1.00e+00 1.00e+00h  1
 474  5.7846483e+01 3.32e-03 3.44e+00  -2.5 6.76e-02  -0.4 1.00e+00 1.00e+00h  1
 475  5.7841272e+01 6.59e-04 2.56e+00  -2.5 2.14e-02   0.0 1.00e+00 1.00e+00h  1
 476  5.7817241e+01 2.74e-02 3.64e+00  -2.5 4.59e-02  -0.5 1.00e+00 1.00e+00h  1
 477  5.7818868e+01 4.86e-03 3.16e+01  -2.5 1.71e-02   0.9 1.00e+00 1.00e+00h  1
 478  5.7819157e+01 1.42e-03 3.89e+00  -2.5 1.66e-02   0.4 1.00e+00 1.00e+00h  1
 479  5.7812579e+01 6.39e-05 1.23e+00  -2.5 1.81e-02  -0.1 1.00e+00 1.00e+00h  1
iter    objective    inf_pr   inf_du lg(mu)  ||d||  lg(rg) alpha_du alpha_pr  ls
 480  5.7810239e+01 8.04e-05 4.87e-01  -2.5 6.60e-03   0.3 1.00e+00 1.00e+00h  1
 481  5.7809691e+01 5.99e-05 6.89e-01  -2.5 2.45e-03   0.8 1.00e+00 1.00e+00h  1
 482  5.7807897e+01 4.71e-04 8.01e-01  -2.5 7.11e-03   0.3 1.00e+00 1.00e+00h  1
 483  5.7799445e+01 3.04e-04 7.64e-01  -2.5 2.46e-02  -0.2 1.00e+00 1.00e+00h  1
 484  5.7790601e+01 1.62e-02 3.98e+03  -2.5 3.69e-01  -0.7 7.74e-01 1.49e-01h  2
 485  5.7737436e+01 5.10e-03 1.79e+02  -2.5 9.79e-02  -1.1 9.71e-01 1.00e+00h  1
 486  5.7740848e+01 1.10e-02 3.29e+01  -2.5 4.75e-02   0.2 1.00e+00 1.00e+00h  1
 487  5.7730179e+01 1.85e-03 3.93e+00  -2.5 5.77e-02  -0.3 1.00e+00 1.00e+00h  1
 488  5.7708900e+01 2.99e-04 1.27e+00  -2.5 3.35e-02  -0.8 1.00e+00 1.00e+00h  1
 489  5.7661027e+01 5.68e-03 1.07e+00  -2.5 6.27e-02  -1.3 1.00e+00 1.00e+00h  1
iter    objective    inf_pr   inf_du lg(mu)  ||d||  lg(rg) alpha_du alpha_pr  ls
 490  5.7654638e+01 5.30e-03 1.61e+03  -2.5 9.56e-01  -1.7 2.92e-01 7.25e-02h  2
 491  5.7657053e+01 3.20e-03 3.55e+01  -2.5 1.96e-02   0.5 1.00e+00 1.00e+00h  1
 492  5.7652033e+01 2.33e-03 6.21e+00  -2.5 1.70e-02   0.0 1.00e+00 1.00e+00h  1
 493  5.7656086e+01 6.35e-03 4.90e+02  -2.5 3.46e-02   1.4 1.00e+00 1.00e+00h  1
 494  5.7653198e+01 1.16e-03 7.88e+01  -2.5 4.62e-02   0.9 1.00e+00 1.00e+00h  1
 495  5.7651225e+01 9.53e-06 4.08e+00  -2.5 2.14e-02   0.4 1.00e+00 1.00e+00h  1
 496  5.7647127e+01 1.97e-04 2.79e+00  -2.5 2.83e-02  -0.1 1.00e+00 1.00e+00h  1
 497  5.7637221e+01 7.20e-04 5.58e-01  -2.5 7.03e-02  -0.6 1.00e+00 1.00e+00h  1
 498  5.7615862e+01 1.19e-03 7.35e-01  -2.5 1.14e-01  -1.0 1.00e+00 1.00e+00h  1
 499  5.7573875e+01 2.59e-03 2.09e-01  -2.5 1.67e-01  -1.5 1.00e+00 1.00e+00h  1
iter    objective    inf_pr   inf_du lg(mu)  ||d||  lg(rg) alpha_du alpha_pr  ls
 500  5.7559777e+01 2.73e-04 1.79e-01  -2.5 5.33e-02  -1.1 1.00e+00 1.00e+00h  1
 501  5.7555070e+01 6.12e-05 3.08e-01  -2.5 1.73e-02  -0.7 1.00e+00 1.00e+00h  1
 502  5.7553520e+01 1.21e-04 8.20e-01  -2.5 1.49e-02  -0.2 1.00e+00 1.00e+00h  1
 503  5.7554178e+01 2.04e-03 1.85e+01  -2.5 3.49e-02   0.2 1.00e+00 1.00e+00h  1
 504  5.7553234e+01 1.41e-03 1.97e+02  -2.5 1.11e-02   0.6 1.00e+00 5.00e-01h  2
 505  5.7553053e+01 1.26e-03 3.92e+02  -2.5 1.62e-02   1.0 1.00e+00 1.25e-01h  4
 506  5.7552909e+01 5.14e-06 2.40e+00  -2.5 3.24e-02   0.6 1.00e+00 1.00e+00h  1
 507  5.7552192e+01 3.48e-05 5.74e+00  -2.5 2.77e-03   0.1 1.00e+00 1.00e+00h  1
 508  5.7553059e+01 8.57e-04 1.05e+01  -2.5 1.58e-02   0.5 1.00e+00 1.00e+00h  1
 509  5.7552129e+01 1.17e-05 3.04e-01  -2.5 2.43e-02   0.0 1.00e+00 1.00e+00h  1
iter    objective    inf_pr   inf_du lg(mu)  ||d||  lg(rg) alpha_du alpha_pr  ls
 510  5.7549781e+01 5.83e-04 1.02e+00  -2.5 4.31e-02  -0.4 1.00e+00 1.00e+00h  1
 511  5.7542498e+01 1.14e-03 8.02e-02  -2.5 8.65e-02  -0.9 1.00e+00 1.00e+00h  1
 512  5.7539672e+01 4.69e-05 5.51e-02  -2.5 3.11e-02  -0.5 1.00e+00 1.00e+00h  1
 513  5.7539141e+01 2.16e-04 1.77e+03  -2.5 1.85e+00  -1.0 1.38e-01 1.79e-02h  3
 514  5.7538580e+01 3.57e-04 5.14e+00  -2.5 1.12e-02   0.4 1.00e+00 1.00e+00h  1
 515  5.7538659e+01 9.22e-07 5.57e+00  -2.5 1.16e-02   1.7 1.00e+00 1.00e+00h  1
 516  5.7538603e+01 1.18e-06 5.66e+00  -2.5 5.96e-04   1.2 1.00e+00 1.00e+00h  1
 517  5.7538348e+01 2.11e-03 1.09e+01  -2.5 1.43e-02   0.7 1.00e+00 1.00e+00h  1
 518  5.7538058e+01 1.83e-04 1.81e+00  -2.5 2.16e-02   0.3 1.00e+00 1.00e+00h  1
 519  5.7536888e+01 3.55e-04 1.56e+00  -2.5 3.70e-02  -0.2 1.00e+00 1.00e+00h  1
iter    objective    inf_pr   inf_du lg(mu)  ||d||  lg(rg) alpha_du alpha_pr  ls
 520  5.7533443e+01 9.07e-04 4.74e-02  -2.5 7.61e-02  -0.7 1.00e+00 1.00e+00h  1
 521  5.7523825e+01 1.46e-03 4.67e-01  -2.5 1.18e-01  -1.2 1.00e+00 1.00e+00h  1
 522  5.7519129e+01 1.73e-03 2.21e-01  -2.5 4.34e-02  -0.7 1.00e+00 1.00e+00h  1
 523  5.7519209e+01 2.02e-04 7.61e-01  -2.5 1.50e-02  -0.3 1.00e+00 1.00e+00h  1
 524  5.7515716e+01 1.14e-04 2.03e-01  -2.5 3.63e-02  -0.8 1.00e+00 1.00e+00h  1
 525  5.7506964e+01 9.39e-04 9.07e-02  -2.5 6.53e-02  -1.3 1.00e+00 1.00e+00h  1
 526  5.7504301e+01 4.45e-05 7.71e-02  -2.5 2.00e-02  -0.8 1.00e+00 1.00e+00h  1
 527  5.7504152e+01 3.28e-04 1.81e+03  -2.5 4.34e+00  -1.3 6.59e-02 9.59e-03h  3
 528  5.7503800e+01 7.95e-04 6.58e+00  -2.5 2.14e-02   0.0 1.00e+00 1.00e+00h  1
 529  5.7503751e+01 1.58e-04 4.58e+01  -2.5 1.80e-02   1.3 1.00e+00 1.00e+00h  1
iter    objective    inf_pr   inf_du lg(mu)  ||d||  lg(rg) alpha_du alpha_pr  ls
 530  5.7503712e+01 2.68e-06 4.98e+00  -2.5 3.85e-03   0.9 1.00e+00 1.00e+00h  1
 531  5.7503621e+01 2.89e-04 5.28e+00  -2.5 5.11e-03   0.4 1.00e+00 1.00e+00h  1
 532  5.7503606e+01 1.76e-05 2.21e+00  -2.5 9.97e-03   0.8 1.00e+00 1.00e+00h  1
 533  5.7503489e+01 1.12e-04 3.28e+00  -2.5 9.03e-03   0.3 1.00e+00 1.00e+00h  1
 534  5.7503183e+01 9.32e-04 2.88e+00  -2.5 4.03e-02  -0.1 1.00e+00 1.00e+00h  1
 535  5.7501745e+01 4.13e-04 9.42e-01  -2.5 6.17e-02  -0.6 1.00e+00 1.00e+00h  1
 536  5.7497453e+01 1.63e-03 1.97e-01  -2.5 1.09e-01  -1.1 1.00e+00 1.00e+00h  1
 537  5.7487088e+01 2.10e-03 1.98e-01  -2.5 1.51e-01  -1.6 1.00e+00 1.00e+00h  1
 538  5.7469838e+01 4.97e-03 1.92e-01  -2.5 1.44e-01  -2.1 1.00e+00 1.00e+00h  1
 539  5.7463200e+01 1.75e-03 8.59e-01  -2.5 6.81e-02  -1.6 1.00e+00 1.00e+00h  1
iter    objective    inf_pr   inf_du lg(mu)  ||d||  lg(rg) alpha_du alpha_pr  ls
 540  5.7462963e+01 1.78e-04 8.25e-01  -2.5 1.21e-02  -0.3 1.00e+00 1.00e+00h  1
 541  5.7463212e+01 1.29e-04 1.54e+00  -2.5 1.21e-02   0.1 1.00e+00 1.00e+00h  1
 542  5.7466307e+01 2.95e-03 4.26e+01  -2.5 3.06e-02   0.6 1.00e+00 1.00e+00h  1
 543  5.7473107e+01 3.35e-02 4.89e+02  -2.5 7.42e-02   1.0 7.84e-01 1.00e+00h  1
 544  5.7465379e+01 1.21e-02 1.37e+02  -2.5 3.56e-02   1.4 1.00e+00 1.00e+00h  1
 545  5.7463122e+01 1.45e-03 4.10e+01  -2.5 2.38e-02   0.9 1.00e+00 1.00e+00h  1
 546  5.7462519e+01 6.34e-05 5.13e+00  -2.5 1.75e-02   0.5 1.00e+00 1.00e+00h  1
 547  5.7464766e+01 1.83e-03 9.14e+00  -2.5 1.42e-02   0.9 1.00e+00 1.00e+00h  1
 548  5.7462641e+01 4.03e-04 9.75e+00  -2.5 1.20e-02   0.4 1.00e+00 1.00e+00h  1
 549  5.7462369e+01 1.41e-05 4.24e-01  -2.5 9.54e-03   0.8 1.00e+00 1.00e+00h  1
iter    objective    inf_pr   inf_du lg(mu)  ||d||  lg(rg) alpha_du alpha_pr  ls
 550  5.7462521e+01 6.77e-06 3.68e-01  -2.5 2.49e-03   1.3 1.00e+00 1.00e+00h  1
 551  5.7466941e+01 4.89e-03 1.65e+02  -2.5 4.96e-02   0.8 1.00e+00 1.00e+00h  1
 552  5.7465519e+01 4.07e-03 5.28e+02  -2.5 3.20e-02   0.3 1.00e+00 1.93e-01h  3
 553  5.7464437e+01 3.62e-03 6.99e+02  -2.5 3.65e-02  -0.2 1.00e+00 1.25e-01h  4
 554  5.7463058e+01 3.43e-03 9.40e+02  -2.5 1.40e-01  -0.7 1.00e+00 1.10e-01h  4
 555  5.7462929e+01 3.38e-03 9.69e+02  -2.5 4.51e-02  -0.2 1.00e+00 1.56e-02h  7
 556  5.7462853e+01 3.37e-03 1.63e+03  -2.5 3.16e-01  -0.7 1.00e+00 4.73e-03h  8
 557  5.7458629e+01 3.43e-03 6.08e+02  -2.5 5.46e-02  -0.3 1.00e+00 5.00e-01h  2
 558  5.7457311e+01 3.23e-03 9.40e+02  -2.5 4.20e-02   2.0 4.45e-01 1.25e-01h  4
 559  5.7463170e+01 4.39e-03 5.81e+02  -2.5 4.16e-02   1.5 1.00e+00 1.00e+00h  1
iter    objective    inf_pr   inf_du lg(mu)  ||d||  lg(rg) alpha_du alpha_pr  ls
 560  5.7460485e+01 7.12e-04 2.80e+02  -2.5 4.25e-02   1.0 6.64e-01 1.00e+00h  1
 561  5.7459281e+01 1.35e-05 6.01e-02  -2.5 1.82e-02   0.5 1.00e+00 1.00e+00h  1
 562  5.7457370e+01 2.46e-04 2.40e+00  -2.5 2.78e-02   0.0 1.00e+00 1.00e+00h  1
 563  5.7454007e+01 5.97e-04 2.61e-01  -2.5 6.52e-02  -0.4 1.00e+00 1.00e+00h  1
 564  5.7451224e+01 1.10e-03 8.30e-01  -2.5 1.08e-01  -0.9 1.00e+00 1.00e+00h  1
 565  5.7450914e+01 1.09e-03 1.96e+03  -2.5 2.86e+00  -1.4 9.73e-02 1.12e-02h  3
 566  5.7450602e+01 1.07e-03 2.35e+03  -2.5 1.42e+00  -1.0 2.69e-01 1.69e-02h  3
 567  5.7453680e+01 3.57e-03 1.60e+02  -2.5 1.06e-01   0.4 1.00e+00 3.39e-01h  2
 568  5.7452442e+01 2.85e-03 1.66e+02  -2.5 2.06e-02  -0.1 1.00e+00 2.50e-01h  3
 569  5.7452301e+01 2.79e-03 6.30e+02  -2.5 1.62e-01  -0.6 1.00e+00 4.40e-02h  4
iter    objective    inf_pr   inf_du lg(mu)  ||d||  lg(rg) alpha_du alpha_pr  ls
 570  5.7452245e+01 2.74e-03 3.97e+02  -2.5 3.70e-02  -0.2 1.00e+00 1.56e-02h  7
 571  5.7452240e+01 2.74e-03 1.28e+03  -2.5 2.65e-01  -0.6 1.00e+00 1.94e-03h  9
 572  5.7452233e+01 2.73e-03 6.35e+02  -2.5 4.25e-02  -0.2 1.00e+00 1.95e-03h 10
 573  5.7451935e+01 3.61e-03 1.62e+03  -2.5 3.65e-01  -0.7 1.00e+00 1.08e-01h  3
 574  5.7450686e+01 3.52e-03 2.44e+03  -2.5 5.58e-02   0.6 1.00e+00 1.14e-01h  3
 575  5.7449962e+01 6.08e-05 5.41e+03  -2.5 8.65e-02   2.9 1.59e-01 1.00e+00h  1
 576  5.7449967e+01 1.68e-08 3.28e+01  -2.5 1.67e-03   2.4 1.00e+00 1.00e+00h  1
 577  5.7450026e+01 4.38e-07 2.81e+00  -2.5 2.73e-04   1.9 1.00e+00 1.00e+00h  1
 578  5.7450379e+01 1.67e-05 7.69e-01  -2.5 1.50e-03   1.4 1.00e+00 1.00e+00h  1
 579  5.7450583e+01 5.48e-06 1.33e+00  -2.5 7.84e-04   1.9 1.00e+00 1.00e+00h  1
iter    objective    inf_pr   inf_du lg(mu)  ||d||  lg(rg) alpha_du alpha_pr  ls
 580  5.7451095e+01 4.02e-05 5.97e-01  -2.5 2.12e-03   1.4 1.00e+00 1.00e+00h  1
 581  5.7452286e+01 3.30e-04 9.50e+00  -2.5 8.84e-03   0.9 1.00e+00 1.00e+00h  1
 582  5.7451480e+01 3.34e-05 7.64e-01  -2.5 1.69e-02   0.4 1.00e+00 1.00e+00h  1
 583  5.7450088e+01 3.61e-04 1.71e+00  -2.5 3.15e-02  -0.0 1.00e+00 1.00e+00h  1
 584  5.7448144e+01 7.21e-04 1.68e-01  -2.5 6.86e-02  -0.5 1.00e+00 1.00e+00h  1
 585  5.7446917e+01 1.40e-03 7.34e-01  -2.5 1.14e-01  -1.0 1.00e+00 1.00e+00h  1
 586  5.7444817e+01 2.85e-03 3.08e-01  -2.5 1.64e-01  -1.5 1.00e+00 1.00e+00h  1
 587  5.7438826e+01 1.78e-02 8.84e-01  -2.5 1.84e-01  -2.0 1.00e+00 1.00e+00h  1
 588  5.7438251e+01 1.50e-03 3.64e+00  -2.5 4.59e-02  -0.6 1.00e+00 1.00e+00h  1
 589  5.7447411e+01 4.54e-03 7.70e+00  -2.5 1.99e-02   0.7 1.00e+00 1.00e+00h  1
iter    objective    inf_pr   inf_du lg(mu)  ||d||  lg(rg) alpha_du alpha_pr  ls
 590  5.7444875e+01 6.19e-03 8.02e+01  -2.5 8.33e-02   0.2 1.00e+00 1.00e+00h  1
 591  5.7436847e+01 6.47e-04 9.03e+00  -2.5 6.60e-02  -0.2 1.00e+00 1.00e+00h  1
 592  5.7433373e+01 1.00e-03 2.00e+00  -2.5 7.61e-02  -0.7 1.00e+00 1.00e+00h  1
 593  5.7431771e+01 2.02e-03 3.07e-01  -2.5 1.42e-01  -1.2 1.00e+00 1.00e+00h  1
 594  5.7431445e+01 6.70e-05 4.73e-01  -2.5 5.16e-02  -0.8 1.00e+00 1.00e+00h  1
 595  5.7431671e+01 1.42e-04 1.44e+00  -2.5 2.13e-02  -0.4 1.00e+00 1.00e+00h  1
 596  5.7432410e+01 3.89e-05 1.82e-01  -2.5 2.09e-03   1.0 1.00e+00 1.00e+00h  1
 597  5.7440052e+01 5.12e-03 8.61e+02  -2.5 1.38e-01   0.5 6.05e-01 3.32e-01h  2
 598  5.7437828e+01 4.05e-03 3.07e+02  -2.5 3.61e-02   0.0 1.00e+00 2.50e-01h  3
 599  5.7437826e+01 4.05e-03 8.65e+02  -2.5 5.14e-02  -0.5 1.00e+00 3.53e-04h 12
iter    objective    inf_pr   inf_du lg(mu)  ||d||  lg(rg) alpha_du alpha_pr  ls
 600  5.7437824e+01 4.05e-03 1.15e+03  -2.5 1.28e-01  -0.9 1.00e+00 2.44e-04h 13
 601  5.7437823e+01 4.05e-03 1.01e+03  -2.5 3.06e-02  -0.5 1.00e+00 2.44e-04h 13
 602  5.7437823e+01 4.05e-03 1.33e+03  -2.5 1.69e-01  -1.0 1.00e+00 1.27e-05h 17
 603  5.7431493e+01 3.96e-03 6.05e+00  -2.5 3.38e-02  -0.6 1.00e+00 1.00e+00h  1
 604  5.7445723e+01 1.05e-02 1.40e+03  -2.5 3.54e-02   1.7 5.28e-01 1.00e+00h  1
 605  5.7437250e+01 2.53e-03 2.27e+02  -2.5 5.23e-02   1.2 1.00e+00 1.00e+00h  1
 606  5.7434817e+01 5.46e-05 3.40e+01  -2.5 2.91e-02   0.7 1.00e+00 1.00e+00h  1
 607  5.7433161e+01 3.07e-05 5.07e+00  -2.5 1.18e-02   0.2 1.00e+00 1.00e+00h  1
 608  5.7431204e+01 4.81e-04 1.73e+00  -2.5 4.66e-02  -0.2 1.00e+00 1.00e+00h  1
 609  5.7429089e+01 6.83e-04 1.02e+00  -2.5 7.56e-02  -0.7 1.00e+00 1.00e+00h  1
iter    objective    inf_pr   inf_du lg(mu)  ||d||  lg(rg) alpha_du alpha_pr  ls
 610  5.7427832e+01 2.07e-03 2.15e-01  -2.5 1.31e-01  -1.2 1.00e+00 1.00e+00h  1
 611  5.7426324e+01 4.67e-03 2.82e-01  -2.5 1.67e-01  -1.7 1.00e+00 1.00e+00h  1
 612  5.7424239e+01 1.01e-02 1.52e-01  -2.5 1.46e-01  -2.1 1.00e+00 1.00e+00h  1
 613  5.7423799e+01 3.93e-02 2.66e+02  -2.5 5.30e-01  -2.6 1.00e+00 5.00e-01h  2
 614  5.7423185e+01 3.92e-03 4.34e+00  -2.5 1.05e-01  -1.3 1.00e+00 1.00e+00h  1
 615  5.7424652e+01 2.51e-03 1.95e+02  -2.5 7.75e-02   0.9 1.00e+00 1.00e+00h  1
 616  5.7424662e+01 9.88e-05 1.48e+01  -2.5 3.24e-02   0.5 1.00e+00 1.00e+00h  1
 617  5.7424738e+01 6.59e-05 8.32e-01  -2.5 2.48e-03   0.9 1.00e+00 1.00e+00h  1
 618  5.7424809e+01 2.47e-05 1.37e+00  -2.5 1.32e-03   1.3 1.00e+00 1.00e+00h  1
 619  5.7424958e+01 1.57e-04 5.92e-01  -2.5 3.34e-03   0.8 1.00e+00 1.00e+00h  1
iter    objective    inf_pr   inf_du lg(mu)  ||d||  lg(rg) alpha_du alpha_pr  ls
 620  5.7425153e+01 7.34e-04 7.56e+00  -2.5 2.07e-02   0.4 1.00e+00 1.00e+00h  1
 621  5.7424561e+01 2.20e-04 1.02e+00  -2.5 2.96e-02  -0.1 1.00e+00 1.00e+00h  1
 622  5.7423932e+01 9.74e-04 6.82e-01  -2.5 5.91e-02  -0.6 1.00e+00 1.00e+00h  1
 623  5.7423339e+01 2.05e-03 2.10e-01  -2.5 1.10e-01  -1.1 1.00e+00 1.00e+00h  1
 624  5.7422338e+01 5.03e-03 5.73e-01  -2.5 1.53e-01  -1.5 1.00e+00 1.00e+00h  1
 625  5.7420553e+01 1.09e-02 1.18e-01  -2.5 1.37e-01  -2.0 1.00e+00 1.00e+00h  1
 626  5.7420338e+01 2.52e-02 1.07e+03  -2.5 3.13e+01    -  4.50e-02 8.80e-03h  3
 627  5.7419772e+01 2.07e-02 1.02e+02  -2.5 7.24e-01    -  1.00e+00 2.50e-01h  3
 628  5.7418369e+01 1.25e-02 3.70e-01  -2.5 3.32e-01    -  1.00e+00 1.00e+00h  1
 629  5.7417358e+01 5.88e-03 1.10e+00  -2.5 1.73e-01  -2.5 1.00e+00 1.00e+00h  1
iter    objective    inf_pr   inf_du lg(mu)  ||d||  lg(rg) alpha_du alpha_pr  ls
 630  5.7416517e+01 1.33e-03 4.34e+00  -2.5 6.81e-02  -1.2 1.00e+00 1.00e+00h  1
 631  5.7420182e+01 2.17e-03 4.76e+01  -2.5 1.37e-02   1.1 1.00e+00 1.00e+00h  1
 632  5.7418157e+01 2.72e-04 1.51e+00  -2.5 2.75e-02   0.6 1.00e+00 1.00e+00h  1
 633  5.7417281e+01 9.36e-05 6.21e+00  -2.5 1.53e-02   0.1 1.00e+00 1.00e+00h  1
 634  5.7416310e+01 3.14e-03 7.68e+00  -2.5 7.32e-02  -0.4 1.00e+00 1.00e+00h  1
 635  5.7414944e+01 2.56e-04 7.36e-01  -2.5 9.62e-02  -0.8 1.00e+00 1.00e+00h  1
 636  5.7414800e+01 7.21e-04 9.30e+02  -2.5 2.01e-01  -1.3 1.00e+00 3.69e-01h  2
 637  5.7417845e+01 1.30e-03 5.62e+00  -2.5 1.15e-02   0.9 1.00e+00 1.00e+00h  1
 638  5.7415749e+01 1.31e-04 5.13e+00  -2.5 2.26e-02   0.4 1.00e+00 1.00e+00h  1
 639  5.7415115e+01 3.20e-02 1.48e+01  -2.5 4.00e-01    -  1.00e+00 1.00e+00h  1
iter    objective    inf_pr   inf_du lg(mu)  ||d||  lg(rg) alpha_du alpha_pr  ls
 640  5.7415416e+01 8.17e-04 2.30e+00  -2.5 4.13e-02  -0.0 1.00e+00 1.00e+00h  1
 641  5.7414113e+01 5.79e-04 2.27e+00  -2.5 5.79e-02  -0.5 1.00e+00 1.00e+00h  1
 642  5.7413669e+01 1.02e-03 7.33e+00  -2.5 3.73e-02  -0.1 1.00e+00 1.00e+00h  1
 643  5.7412810e+01 5.18e-04 8.05e+01  -2.5 2.09e-02   1.2 1.00e+00 1.00e+00h  1
 644  5.7413111e+01 1.69e-05 1.06e+01  -2.5 1.14e-02   0.8 1.00e+00 1.00e+00h  1
 645  5.7413113e+01 4.62e-05 4.51e+00  -2.5 9.96e-03   0.3 1.00e+00 1.00e+00h  1
 646  5.7414217e+01 9.24e-04 6.81e+00  -2.5 8.96e-03   0.7 1.00e+00 1.00e+00h  1
 647  5.7413980e+01 1.95e-05 2.01e+00  -2.5 2.82e-02   0.2 1.00e+00 1.00e+00h  1
 648  5.7413133e+01 3.72e-04 3.83e+00  -2.5 2.75e-02  -0.2 1.00e+00 1.00e+00h  1
 649  5.7412140e+01 1.90e-03 2.05e+00  -2.5 8.79e-02  -0.7 1.00e+00 1.00e+00h  1
iter    objective    inf_pr   inf_du lg(mu)  ||d||  lg(rg) alpha_du alpha_pr  ls
 650  5.7411499e+01 1.48e-03 8.23e-01  -2.5 1.15e-01  -1.2 1.00e+00 1.00e+00h  1
 651  5.7411304e+01 3.41e-03 1.52e-01  -2.5 1.44e-01  -1.7 1.00e+00 1.00e+00h  1
 652  5.7411273e+01 2.33e-04 1.11e-02  -2.5 3.76e-02  -1.3 1.00e+00 1.00e+00h  1
 653  5.5763307e+01 1.11e-02 5.10e+02  -3.8 5.24e-01  -1.7 3.89e-01 2.97e-01f  1
 654  5.3765264e+01 1.39e-01 7.56e+02  -3.8 6.44e-01  -1.3 3.05e-01 5.00e-01f  1
 655  5.3748628e+01 3.26e-01 1.77e+03  -3.8 2.48e+01  -0.9 1.28e-02 4.80e-03h  1
 656  5.3447969e+01 3.65e-01 1.59e+03  -3.8 6.55e-01  -1.4 8.84e-02 1.02e-01h  1
 657  5.2760758e+01 2.72e-02 1.29e+04  -3.8 2.62e-01  -0.0 8.65e-03 9.57e-01h  1
 658  5.2738200e+01 2.51e-02 1.00e+04  -3.8 5.73e-02   0.4 3.80e-01 7.98e-02h  1
 659  5.2636815e+01 9.37e-03 1.23e+03  -3.8 4.08e-02   0.8 6.64e-01 9.28e-01h  1
iter    objective    inf_pr   inf_du lg(mu)  ||d||  lg(rg) alpha_du alpha_pr  ls
 660  5.2600923e+01 9.25e-03 3.25e+03  -3.8 1.73e-01   0.3 7.52e-01 1.20e-01h  1
 661  5.2601327e+01 9.31e-03 3.21e+03  -3.8 9.58e-01   1.7 5.81e-03 3.60e-03h  7
 662  5.2559464e+01 1.63e+00 5.86e+04  -3.8 4.73e-01   1.2 2.83e-01 1.00e+00f  1
 663  5.2542142e+01 4.35e-02 4.20e+04  -3.8 2.22e-01   1.6 1.00e+00 1.00e+00h  1
 664  5.2532130e+01 2.99e-03 1.02e+03  -3.8 5.15e-02   2.1 1.00e+00 1.00e+00h  1
 665  5.2510456e+01 3.13e-04 2.22e+02  -3.8 5.91e-03   1.6 1.00e+00 1.00e+00h  1
 666  5.2451621e+01 5.71e-05 5.53e-01  -3.8 3.21e-03   1.1 1.00e+00 1.00e+00h  1
 667  5.2397183e+01 6.16e-05 1.00e+03  -3.8 1.16e-02   0.6 1.00e+00 3.67e-01h  1
 668  5.2298206e+01 3.40e-04 2.64e+03  -3.8 4.94e-02   0.1 1.00e+00 2.99e-01f  1
 669  5.2175329e+01 3.21e-04 2.71e+03  -3.8 9.16e-03   0.6 6.32e-01 1.00e+00h  1
iter    objective    inf_pr   inf_du lg(mu)  ||d||  lg(rg) alpha_du alpha_pr  ls
 670  5.2058372e+01 5.39e-04 3.87e+03  -3.8 4.21e-02   0.1 1.00e+00 4.13e-01h  1
 671  5.2043391e+01 5.30e-04 1.38e+04  -3.8 9.44e-01  -0.4 3.97e-01 2.42e-02h  1
 672  5.1802216e+01 7.91e-04 1.70e+06  -3.8 1.91e-02   0.0 8.94e-03 9.93e-01h  1
 673  5.1734560e+01 1.93e-04 1.39e+05  -3.8 7.28e-03   0.5 8.43e-01 9.18e-01h  1
 674  5.1583494e+01 8.45e-03 2.22e+04  -3.8 4.69e-02  -0.0 4.44e-01 9.13e-01f  1
 675  5.1528640e+01 2.21e-03 2.86e+03  -3.8 1.66e-02   0.4 4.26e-01 1.00e+00h  1
 676  5.1509157e+01 1.14e-03 3.67e+01  -3.8 2.45e-02   0.8 1.00e+00 1.00e+00h  1
 677  5.1450352e+01 5.82e-04 3.65e+00  -3.8 2.05e-02   0.4 1.00e+00 1.00e+00h  1
 678  5.1297849e+01 6.31e-04 2.77e+00  -3.8 2.55e-02  -0.1 1.00e+00 1.00e+00h  1
 679  5.1248205e+01 2.74e-04 1.29e+00  -3.8 1.05e-02   0.3 1.00e+00 1.00e+00h  1
iter    objective    inf_pr   inf_du lg(mu)  ||d||  lg(rg) alpha_du alpha_pr  ls
 680  5.1113900e+01 6.08e-03 2.03e+00  -3.8 3.00e-02  -0.2 1.00e+00 1.00e+00h  1
 681  5.1068203e+01 1.20e-03 5.55e+00  -3.8 1.11e-02   0.3 1.00e+00 1.00e+00h  1
 682  5.0959999e+01 5.26e-04 1.33e+02  -3.8 3.00e-02  -0.2 1.00e+00 8.29e-01h  1
 683  5.0913586e+01 1.72e-04 3.01e+00  -3.8 1.19e-02   0.2 1.00e+00 1.00e+00f  1
 684  5.0860427e+01 7.94e-03 1.49e+03  -3.8 1.64e-01  -0.3 1.00e+00 3.86e-01h  1
 685  5.0813488e+01 2.82e-03 2.53e+02  -3.8 1.58e-02   0.2 9.28e-01 1.00e+00h  1
 686  5.0799757e+01 3.19e-03 7.07e+01  -3.8 5.03e-02   0.6 1.00e+00 1.00e+00h  1
 687  5.0748165e+01 2.24e-04 1.04e+01  -3.8 3.62e-02   0.1 1.00e+00 1.00e+00h  1
 688  5.0695391e+01 3.66e-04 1.16e+03  -3.8 4.49e-02  -0.4 1.00e+00 3.77e-01h  1
 689  5.0669270e+01 2.84e-01 5.40e+02  -3.8 3.01e+00  -0.8 1.60e-01 6.69e-02h  1
iter    objective    inf_pr   inf_du lg(mu)  ||d||  lg(rg) alpha_du alpha_pr  ls
 690  5.0530661e+01 1.27e-02 7.56e+03  -3.8 1.49e-01  -0.4 7.65e-03 1.00e+00h  1
 691  5.0506130e+01 7.84e-03 3.60e+03  -3.8 2.85e-02   0.0 1.00e+00 5.04e-01h  1
 692  5.0379826e+01 4.04e-01 1.24e+04  -3.8 8.55e-02  -0.5 1.31e-01 9.22e-01h  1
 693  5.0348578e+01 1.22e-02 4.10e+03  -3.8 2.02e-01  -0.0 1.00e+00 7.17e-01h  1
 694  5.0252247e+01 4.50e-03 1.23e+03  -3.8 1.03e-01  -0.5 4.40e-02 8.14e-01h  1
 695  5.0212952e+01 7.28e-04 9.37e+01  -3.8 5.68e-02  -0.1 8.67e-01 1.00e+00f  1
 696  5.0104115e+01 2.29e-02 3.22e+01  -3.8 9.08e-02  -0.6 1.00e+00 1.00e+00h  1
 697  5.0073591e+01 4.84e-03 1.53e+01  -3.8 1.97e-02  -0.1 1.00e+00 1.00e+00h  1
 698  4.9984899e+01 6.68e-03 2.59e+00  -3.8 5.68e-02  -0.6 1.00e+00 1.00e+00h  1
 699  4.9975586e+01 1.54e-02 2.97e+02  -3.8 4.37e-02   0.7 1.00e+00 9.73e-01h  1
iter    objective    inf_pr   inf_du lg(mu)  ||d||  lg(rg) alpha_du alpha_pr  ls
 700  4.9966939e+01 2.88e-03 6.92e+01  -3.8 9.62e-02   0.2 1.00e+00 1.00e+00h  1
 701  4.9934533e+01 3.10e-04 1.12e+01  -3.8 6.50e-02  -0.3 1.00e+00 1.00e+00h  1
 702  4.9846690e+01 2.36e-03 3.92e-01  -3.8 3.16e-02  -0.7 1.00e+00 1.00e+00h  1
 703  4.9677913e+01 1.08e-02 1.50e+02  -3.8 6.55e-02  -1.2 1.00e+00 8.75e-01h  1
 704  4.9582251e+01 1.08e-02 3.12e+02  -3.8 2.32e-01  -1.7 2.50e-01 2.97e-01h  1
 705  4.9455881e+01 3.61e-02 2.26e+03  -3.8 9.90e-02  -1.3 4.88e-01 1.00e+00h  1
 706  4.9409436e+01 2.81e-02 2.52e+03  -3.8 4.07e-01  -1.7 6.88e-01 2.35e-01h  1
 707  4.9397994e+01 1.34e-01 2.31e+03  -3.8 3.09e+00  -1.3 5.86e-02 8.04e-02h  1
 708  4.9368509e+01 6.20e-03 1.81e+02  -3.8 2.78e-01  -0.9 8.78e-01 1.00e+00h  1
 709  4.9361908e+01 1.22e-02 1.65e+02  -3.8 1.34e+00  -1.4 1.65e-01 9.12e-02h  1
iter    objective    inf_pr   inf_du lg(mu)  ||d||  lg(rg) alpha_du alpha_pr  ls
 710  4.9355544e+01 3.07e-02 5.13e+01  -3.8 5.71e-02  -0.0 1.00e+00 1.00e+00h  1
 711  4.9355542e+01 3.00e-02 1.62e+02  -3.8 1.75e-01   0.4 3.57e-01 2.41e-02h  1
 712  4.9356327e+01 2.43e-02 8.03e+02  -3.8 1.67e-01   0.8 1.38e-01 2.01e-01h  2
 713  4.9356705e+01 9.32e-03 2.28e+02  -3.8 3.37e-02   0.3 7.63e-01 1.00e+00h  1
 714  4.9356427e+01 8.96e-03 2.19e+02  -3.8 2.79e-01   0.8 5.86e-01 4.09e-02h  1
 715  4.9357232e+01 8.65e-03 1.07e+03  -3.8 2.32e-01   2.1 1.41e-02 3.64e-02h  4
 716  4.9357008e+01 7.74e-03 2.92e+02  -3.8 2.44e-01   1.6 4.42e-01 1.08e-01h  1
 717  4.9357009e+01 7.74e-03 2.73e+03  -3.8 8.94e-01   3.0 5.47e-02 1.83e-05h  1
 718  4.9357356e+01 7.62e-03 5.87e+03  -3.8 2.90e-01   3.4 1.09e-01 1.50e-02h  3
 719  4.9357285e+01 8.75e-03 1.53e+05  -3.8 2.17e-01   2.9 8.53e-05 4.42e-01f  2
iter    objective    inf_pr   inf_du lg(mu)  ||d||  lg(rg) alpha_du alpha_pr  ls
 720  4.9358700e+01 1.70e-04 1.66e+04  -3.8 1.74e-01   2.4 9.83e-01 1.00e+00h  1
 721  4.9358507e+01 1.15e-07 3.94e+01  -3.8 1.33e-03   1.9 9.89e-01 1.00e+00h  1
 722  4.9366976e+01 1.29e-04 7.54e+01  -3.8 5.22e-03   1.5 3.33e-01 1.00e+00f  1
 723  4.9364393e+01 5.24e-06 1.32e-01  -3.8 6.12e-04   1.0 1.00e+00 1.00e+00h  1
 724  4.9359269e+01 1.52e-05 2.33e-02  -3.8 1.09e-03   0.5 1.00e+00 1.00e+00h  1
 725  4.9352145e+01 2.90e-05 1.47e-02  -3.8 2.03e-03   0.0 1.00e+00 1.00e+00h  1
 726  4.9340670e+01 9.65e-05 2.95e-02  -3.8 5.69e-03  -0.4 1.00e+00 1.00e+00h  1
 727  4.9313995e+01 7.34e-04 1.40e-01  -3.8 1.92e-02  -0.9 1.00e+00 1.00e+00h  1
 728  4.9304915e+01 6.98e-04 2.88e-01  -3.8 8.24e-03  -0.5 1.00e+00 1.00e+00h  1
 729  4.9280723e+01 7.38e-04 7.03e-01  -3.8 3.88e-02  -1.0 1.00e+00 1.00e+00h  1
iter    objective    inf_pr   inf_du lg(mu)  ||d||  lg(rg) alpha_du alpha_pr  ls
 730  4.9272282e+01 2.35e-04 2.49e-01  -3.8 9.22e-03  -0.5 1.00e+00 1.00e+00h  1
 731  4.9250646e+01 5.80e-04 1.23e-01  -3.8 1.82e-02  -1.0 1.00e+00 1.00e+00h  1
 732  4.9243014e+01 8.22e-05 1.97e-01  -3.8 9.45e-03  -0.6 1.00e+00 1.00e+00h  1
 733  4.9240158e+01 5.64e-05 5.21e-01  -3.8 7.39e-03  -0.2 1.00e+00 1.00e+00h  1
 734  4.9239577e+01 1.58e-03 5.33e+00  -3.8 2.22e-02   0.3 8.56e-01 1.00e+00h  1
 735  4.9235044e+01 4.26e-04 2.27e+00  -3.8 1.12e-02  -0.2 1.00e+00 1.00e+00h  1
 736  4.9226951e+01 1.18e-04 2.67e-01  -3.8 2.83e-02  -0.7 1.00e+00 1.00e+00h  1
 737  4.9205053e+01 9.44e-04 8.53e-01  -3.8 4.11e-02  -1.2 1.00e+00 1.00e+00h  1
 738  4.9158540e+01 6.41e-03 2.61e+01  -3.8 7.32e-02  -1.6 8.87e-01 1.00e+00h  1
 739  4.9157412e+01 8.76e-05 4.85e+00  -3.8 1.08e-02   0.6 1.00e+00 1.00e+00h  1
iter    objective    inf_pr   inf_du lg(mu)  ||d||  lg(rg) alpha_du alpha_pr  ls
 740  4.9157092e+01 2.55e-06 1.93e-01  -3.8 4.82e-03   0.1 1.00e+00 1.00e+00h  1
 741  4.9155127e+01 7.08e-05 3.15e-01  -3.8 5.72e-03  -0.4 1.00e+00 1.00e+00h  1
 742  4.9148830e+01 2.35e-04 5.56e-01  -3.8 2.55e-02  -0.8 1.00e+00 1.00e+00h  1
 743  4.9132325e+01 1.98e-03 1.60e-01  -3.8 3.85e-02  -1.3 1.00e+00 1.00e+00h  1
 744  4.9096792e+01 7.97e-03 2.41e-01  -3.8 7.21e-02  -1.8 1.00e+00 1.00e+00h  1
 745  4.9095129e+01 6.57e-04 2.97e+00  -3.8 1.73e-02  -0.5 1.00e+00 1.00e+00h  1
 746  4.9090654e+01 3.96e-04 9.33e-01  -3.8 1.15e-02  -0.9 1.00e+00 1.00e+00h  1
 747  4.9090663e+01 6.60e-05 5.07e+00  -3.8 1.62e-02   0.4 8.48e-01 1.00e+00h  1
 748  4.9089962e+01 3.24e-06 6.73e-01  -3.8 4.94e-03  -0.1 1.00e+00 1.00e+00h  1
 749  4.9088083e+01 2.57e-04 6.11e-01  -3.8 1.70e-02  -0.6 1.00e+00 1.00e+00h  1
iter    objective    inf_pr   inf_du lg(mu)  ||d||  lg(rg) alpha_du alpha_pr  ls
 750  4.9082989e+01 2.31e-04 8.47e-02  -3.8 3.01e-02  -1.1 1.00e+00 1.00e+00h  1
 751  4.9070476e+01 1.73e-03 3.56e-02  -3.8 4.89e-02  -1.5 1.00e+00 1.00e+00h  1
 752  4.9044989e+01 9.86e-03 2.48e-01  -3.8 9.40e-02  -2.0 1.00e+00 1.00e+00h  1
 753  4.9008372e+01 3.43e-02 1.04e-01  -3.8 1.48e-01  -2.5 1.00e+00 1.00e+00h  1
 754  4.8977741e+01 5.79e-02 6.90e-02  -3.8 1.98e-01  -3.0 1.00e+00 1.00e+00h  1
 755  4.8965836e+01 3.37e-02 2.50e-01  -3.8 1.65e-01  -3.4 1.00e+00 1.00e+00h  1
 756  4.8965637e+01 1.45e-02 6.46e+01  -3.8 7.74e-02  -1.2 1.00e+00 5.72e-01h  1
 757  4.8965546e+01 1.43e-03 4.26e-01  -3.8 2.04e-02  -1.7 1.00e+00 1.00e+00h  1
 758  4.8965653e+01 1.80e-03 4.85e+01  -3.8 3.88e-02  -0.4 1.00e+00 3.40e-01h  2
 759  4.8965614e+01 1.72e-03 6.78e+01  -3.8 3.53e-02  -0.8 1.00e+00 5.75e-02h  4
iter    objective    inf_pr   inf_du lg(mu)  ||d||  lg(rg) alpha_du alpha_pr  ls
 760  4.8965630e+01 1.71e-03 3.01e+02  -3.8 2.17e-01  -1.3 1.00e+00 1.55e-02h  5
 761  4.8965635e+01 1.70e-03 5.35e+02  -3.8 9.15e-02  -0.9 1.00e+00 5.88e-03h  8
 762  4.8965637e+01 1.69e-03 7.25e+02  -3.8 5.50e-02  -0.5 1.00e+00 3.31e-03h  9
 763  4.8965638e+01 1.69e-03 1.18e+03  -3.8 1.95e-01  -0.9 5.17e-01 4.69e-04h 11
 764  4.8965758e+01 1.74e-03 1.34e+03  -3.8 5.85e-02  -0.5 1.00e+00 9.89e-02h  4
 765  4.8965752e+01 1.74e-03 4.36e+01  -3.8 6.87e-01  -0.1 7.39e-02 1.93e-03h  5
 766  4.8966710e+01 2.42e-03 2.86e+02  -3.8 7.23e-02   1.2 1.66e-01 1.89e-01h  2
 767  4.8966226e+01 1.38e-04 5.16e+01  -3.8 6.76e-02   0.8 8.66e-01 1.00e+00h  1
 768  4.8965985e+01 1.08e-07 7.26e-01  -3.8 4.57e-03   0.3 1.00e+00 1.00e+00h  1
 769  4.8965786e+01 7.45e-06 1.72e-01  -3.8 3.22e-03  -0.2 1.00e+00 1.00e+00h  1
iter    objective    inf_pr   inf_du lg(mu)  ||d||  lg(rg) alpha_du alpha_pr  ls
 770  4.8965700e+01 7.26e-05 5.04e-02  -3.8 1.18e-02  -0.7 1.00e+00 1.00e+00h  1
 771  4.8965666e+01 1.57e-04 3.07e-02  -3.8 2.60e-02  -1.1 1.00e+00 1.00e+00h  1
 772  4.8965579e+01 3.81e-04 1.62e-02  -3.8 5.44e-02  -1.6 1.00e+00 1.00e+00h  1
 773  4.8965288e+01 7.39e-04 2.65e-02  -3.8 9.82e-02  -2.1 1.00e+00 1.00e+00h  1
 774  4.8964708e+01 1.30e-03 2.30e-02  -3.8 1.52e-01  -2.6 1.00e+00 1.00e+00h  1
 775  4.8963963e+01 1.24e-03 1.19e-02  -3.8 1.71e-01  -3.0 1.00e+00 1.00e+00h  1
 776  4.8963436e+01 6.20e-04 7.98e-03  -3.8 8.15e-02  -3.5 1.00e+00 1.00e+00h  1
 777  4.8963236e+01 1.21e-03 8.90e-02  -3.8 5.62e-02  -3.1 1.00e+00 1.00e+00h  1
 778  4.8963088e+01 1.53e-04 2.84e-01  -3.8 1.79e-02  -1.8 1.00e+00 1.00e+00h  1
 779  4.8962925e+01 2.93e-04 1.16e+00  -3.8 1.00e-02  -0.4 1.00e+00 1.00e+00h  1
iter    objective    inf_pr   inf_du lg(mu)  ||d||  lg(rg) alpha_du alpha_pr  ls
 780  4.8962926e+01 8.10e-05 1.50e+00  -3.8 8.45e-03  -0.0 1.00e+00 1.00e+00h  1
 781  4.8962943e+01 9.38e-05 8.27e-01  -3.8 5.64e-03  -0.5 1.00e+00 1.00e+00h  1
 782  4.8962499e+01 7.56e-03 7.57e+01  -3.8 9.37e-02  -1.0 3.21e-01 1.00e+00h  1
 783  4.8962526e+01 5.87e-04 2.37e+00  -3.8 1.23e-01  -1.4 1.00e+00 1.00e+00h  1
 784  4.8962607e+01 1.40e-04 1.68e-01  -3.8 5.12e-02  -1.9 1.00e+00 1.00e+00h  1
 785  4.8962542e+01 1.17e-03 2.73e-02  -3.8 1.24e-01  -2.4 1.00e+00 1.00e+00h  1
 786  4.8962436e+01 2.42e-03 2.15e-02  -3.8 1.49e-01  -2.9 1.00e+00 1.00e+00h  1
 787  4.8962333e+01 2.03e-03 4.34e-03  -3.8 1.10e-01  -3.4 1.00e+00 1.00e+00h  1
 788  4.8962263e+01 2.76e-04 1.69e-02  -3.8 2.83e-02  -2.9 1.00e+00 1.00e+00h  1
 789  4.8962212e+01 1.39e-04 2.40e-02  -3.8 1.54e-02  -2.5 1.00e+00 1.00e+00h  1
iter    objective    inf_pr   inf_du lg(mu)  ||d||  lg(rg) alpha_du alpha_pr  ls
 790  4.8962171e+01 6.75e-05 3.19e-02  -3.8 8.31e-03  -2.1 1.00e+00 1.00e+00h  1
 791  4.8962126e+01 4.47e-05 7.14e-02  -3.8 8.16e-03  -1.6 1.00e+00 1.00e+00h  1
 792  4.8962098e+01 4.48e-05 9.88e+01  -3.8 6.54e-02  -1.2 1.00e+00 5.99e-02h  4
 793  4.8962059e+01 2.73e-05 3.12e-01  -3.8 5.40e-03  -0.8 1.00e+00 1.00e+00h  1
 794  4.8962160e+01 1.36e-05 3.00e-01  -3.8 2.10e-03   0.5 1.00e+00 1.00e+00h  1
 795  4.8962006e+01 9.92e-05 1.84e-01  -3.8 5.89e-03   0.1 1.00e+00 1.00e+00h  1
 796  4.8961801e+01 1.07e-04 1.31e+00  -3.8 1.82e-02  -0.4 1.00e+00 1.00e+00h  1
 797  4.8961637e+01 1.51e-03 1.39e+00  -3.8 9.03e-02    -  1.00e+00 1.00e+00h  1
 798  4.8961758e+01 1.69e-06 2.27e-02  -3.8 2.14e-02  -0.9 1.00e+00 1.00e+00h  1
 799  4.8961858e+01 1.93e-02 1.95e+00  -3.8 1.78e-01    -  9.53e-01 1.00e+00h  1
iter    objective    inf_pr   inf_du lg(mu)  ||d||  lg(rg) alpha_du alpha_pr  ls
 800  4.8961623e+01 9.12e-03 5.74e+01  -3.8 6.59e-01    -  9.44e-01 4.58e-01h  2
 801  4.8961531e+01 7.93e-04 2.06e-01  -3.8 1.43e-01    -  1.00e+00 1.00e+00h  1
 802  4.8961474e+01 3.07e-05 3.47e-02  -3.8 2.11e-02    -  1.00e+00 1.00e+00h  1
 803  4.8961472e+01 7.11e-07 4.85e-04  -3.8 1.03e-03    -  1.00e+00 1.00e+00h  1
 804  4.8739630e+01 5.71e-02 3.57e+02  -5.7 2.43e-01    -  6.06e-01 3.65e-01f  1
 805  4.8650721e+01 7.42e-02 7.51e+02  -5.7 3.92e-01    -  4.91e-01 2.13e-01h  1
 806  4.8552111e+01 1.12e-01 5.79e+02  -5.7 7.06e-01    -  3.19e-01 2.96e-01h  1
 807  4.8502054e+01 7.42e-02 1.02e+03  -5.7 4.56e-02  -1.4 6.01e-01 3.41e-01h  1
 808  4.8467043e+01 4.48e-02 7.82e+02  -5.7 3.54e-02  -1.0 5.04e-01 4.00e-01h  1
 809  4.8454731e+01 3.79e-02 1.27e+03  -5.7 3.39e-02  -1.4 7.41e-01 1.56e-01h  1
iter    objective    inf_pr   inf_du lg(mu)  ||d||  lg(rg) alpha_du alpha_pr  ls
 810  4.8448780e+01 3.55e-02 1.18e+03  -5.7 7.77e-01  -1.9 5.04e-02 6.63e-02h  1
 811  4.8448892e+01 3.38e-02 1.11e+03  -5.7 2.26e-02   2.1 3.76e-05 4.75e-02h  1
 812  4.8449412e+01 3.12e-02 9.95e+02  -5.7 9.27e-03   4.4 9.07e-03 7.56e-02h  1
 813  4.8449467e+01 3.10e-02 1.03e+03  -5.7 8.53e-03   3.9 1.18e-01 8.60e-03h  1
 814  4.8449812e+01 2.93e-02 1.01e+03  -5.7 8.74e-03   4.3 1.49e-01 5.37e-02h  1
 815  4.8449911e+01 2.88e-02 1.09e+03  -5.7 8.48e-03   3.8 3.36e-01 1.67e-02h  1
 816  4.8451227e+01 2.21e-02 8.75e+02  -5.7 1.18e-02   3.4 4.20e-01 2.33e-01h  1
 817  4.8451450e+01 2.10e-02 9.76e+02  -5.7 9.36e-03   3.8 1.00e+00 4.90e-02h  1
 818  4.8454711e+01 5.49e-03 4.95e+02  -5.7 1.30e-02   3.3 5.29e-01 7.39e-01h  1
 819  4.8454434e+01 2.84e-03 2.63e+02  -5.7 6.57e-03   2.8 8.89e-01 4.82e-01h  1
iter    objective    inf_pr   inf_du lg(mu)  ||d||  lg(rg) alpha_du alpha_pr  ls
 820  4.8452486e+01 1.66e-03 1.56e+02  -5.7 3.52e-03   2.4 5.50e-01 4.17e-01h  1
 821  4.8452014e+01 1.09e-07 4.09e+01  -5.7 1.92e-03   2.8 1.00e+00 1.00e+00h  1
 822  4.8450854e+01 7.53e-08 2.81e+01  -5.7 1.45e-04   2.3 8.96e-01 3.11e-01h  1
 823  4.8449298e+01 6.18e-08 2.26e+01  -5.7 5.73e-04   1.8 1.00e+00 1.93e-01f  1
 824  4.8447029e+01 1.17e-07 5.34e+01  -5.7 9.32e-04   1.3 1.00e+00 1.37e-01f  1
 825  4.8442438e+01 4.74e-07 5.38e+01  -5.7 1.77e-03   0.9 4.01e-01 1.76e-01f  1
 826  4.8438415e+01 9.18e-07 1.19e+02  -5.7 4.61e-03   0.4 1.00e+00 1.24e-01f  1
 827  4.8431302e+01 1.26e-05 1.12e+02  -5.7 7.78e-03  -0.1 1.00e+00 2.29e-01f  1
 828  4.8423920e+01 1.39e-05 3.46e+01  -5.7 2.90e-03   0.3 1.00e+00 6.41e-01h  1
 829  4.8417413e+01 5.30e-05 4.90e+01  -5.7 5.94e-03  -0.1 1.00e+00 4.66e-01f  1
iter    objective    inf_pr   inf_du lg(mu)  ||d||  lg(rg) alpha_du alpha_pr  ls
 830  4.8413292e+01 9.57e-05 6.69e+01  -5.7 1.23e-02  -0.6 7.81e-01 2.27e-01h  1
 831  4.8406432e+01 3.56e-04 6.35e+01  -5.7 2.66e-02  -1.1 5.47e-01 2.57e-01h  1
 832  4.8403703e+01 2.94e-04 4.68e+01  -5.7 1.10e-02  -0.7 5.32e-01 2.92e-01h  1
 833  4.8399455e+01 3.81e-04 4.39e+01  -5.7 2.76e-02  -1.1 4.85e-01 2.55e-01f  1
 834  4.8397375e+01 3.97e-04 5.85e+01  -5.7 6.90e-02  -1.6 2.42e-01 7.61e-02h  1
 835  4.8393516e+01 4.32e-04 6.28e+01  -5.7 2.74e-02  -1.2 5.64e-01 3.20e-01h  1
 836  4.8390576e+01 4.92e-04 1.04e+02  -5.7 6.56e-02  -1.7 2.74e-01 1.39e-01h  1
 837  4.8386571e+01 7.43e-04 8.04e+01  -5.7 2.37e-01  -2.1 2.24e-01 1.06e-01h  1
 838  4.8383751e+01 8.59e-04 5.49e+02  -5.7 6.18e-02  -1.7 6.70e-01 1.68e-01h  1
 839  4.8381426e+01 7.48e-04 9.67e+02  -5.7 2.38e-02  -1.3 1.99e-01 3.42e-01h  1
iter    objective    inf_pr   inf_du lg(mu)  ||d||  lg(rg) alpha_du alpha_pr  ls
 840  4.8379167e+01 8.99e-04 8.82e+02  -5.7 5.74e-02  -1.8 3.75e-01 1.71e-01h  1
 841  4.8372995e+01 3.32e-03 6.61e+02  -5.7 1.56e-01  -2.2 1.70e-01 2.46e-01h  1
 842  4.8372240e+01 2.06e-03 4.01e+02  -5.7 1.78e-02  -0.9 2.92e-01 3.89e-01h  1
 843  4.8371857e+01 1.88e-03 3.76e+02  -5.7 2.07e-02  -1.4 8.05e-01 8.93e-02h  1
 844  4.8371558e+01 1.83e-03 3.64e+02  -5.7 8.25e-01  -1.9 9.72e-02 3.16e-02h  1
 845  4.8371549e+01 1.81e-03 3.60e+02  -5.7 4.34e-02  -0.5 5.41e-02 1.06e-02h  1
 846  4.8371516e+01 5.73e-04 2.10e+02  -5.7 2.10e-02  -0.1 8.62e-02 1.00e+00f  1
 847  4.8370901e+01 1.46e-04 1.05e+02  -5.7 2.04e-02  -0.6 9.48e-01 5.71e-01h  1
 848  4.8370801e+01 1.48e-04 1.00e+02  -5.7 1.65e-01  -1.1 1.00e+00 4.94e-02h  1
 849  4.8368224e+01 9.97e-04 8.91e+01  -5.7 2.46e-01  -1.5 6.67e-02 5.34e-01h  1
iter    objective    inf_pr   inf_du lg(mu)  ||d||  lg(rg) alpha_du alpha_pr  ls
 850  4.8368224e+01 9.90e-04 8.85e+01  -5.7 9.20e-02  -0.2 4.94e-02 6.94e-03h  1
 851  4.8368096e+01 9.12e-04 7.49e+01  -5.7 1.78e-01  -0.7 1.95e-01 1.60e-01f  1
 852  4.8368045e+01 6.94e-04 5.06e+01  -5.7 3.35e-02  -0.3 2.96e-02 2.43e-01f  1
 853  4.8368051e+01 6.71e-04 4.89e+01  -5.7 1.49e-02   0.2 1.00e-01 3.27e-02f  2
 854  4.8368087e+01 6.31e-04 3.80e+01  -5.7 1.51e-01  -0.3 4.09e-02 1.19e-01h  1
 855  4.8368013e+01 6.28e-04 3.74e+01  -5.7 1.09e-01   1.9 1.45e-03 7.36e-03h  1
 856  4.8368012e+01 6.25e-04 3.73e+01  -5.7 5.29e-02   1.4 1.21e-03 3.49e-03h  1
 857  4.8368096e+01 5.95e-04 5.00e+01  -5.7 1.15e-01   1.0 8.86e-04 4.99e-02f  2
 858  4.8368075e+01 5.50e-04 4.41e+01  -5.7 1.06e-01   0.5 7.27e-03 1.14e-01h  1
 859  4.8367923e+01 2.38e-06 1.02e+01  -5.7 1.11e-02   0.0 7.87e-02 1.00e+00f  1
iter    objective    inf_pr   inf_du lg(mu)  ||d||  lg(rg) alpha_du alpha_pr  ls
 860  4.8367837e+01 1.59e-06 6.05e-01  -5.7 8.92e-04   0.4 9.49e-01 1.00e+00h  1
 861  4.8367676e+01 2.62e-06 1.08e-03  -5.7 9.41e-04  -0.0 1.00e+00 1.00e+00h  1
 862  4.8367218e+01 2.13e-05 3.99e-03  -5.7 2.75e-03  -0.5 1.00e+00 1.00e+00h  1
 863  4.8366009e+01 1.52e-04 1.16e-01  -5.7 7.66e-03  -1.0 1.00e+00 1.00e+00h  1
 864  4.8364374e+01 3.28e-04 8.50e+00  -5.7 2.10e-02  -1.5 6.38e-01 5.34e-01h  1
 865  4.8363951e+01 3.27e-04 3.88e+02  -5.7 7.94e-02  -2.0 5.03e-01 5.41e-02h  1
 866  4.8363850e+01 2.41e-04 2.49e+02  -5.7 4.85e-03  -0.6 3.42e-01 2.66e-01h  1
 867  4.8362686e+01 1.56e-04 1.87e+02  -5.7 7.86e-03  -1.1 1.50e-01 1.00e+00f  1
 868  4.8359700e+01 1.10e-03 7.52e+01  -5.7 2.00e-02  -1.6 5.45e-01 9.94e-01h  1
 869  4.8356831e+01 1.86e-03 3.70e+01  -5.7 6.55e-02  -2.1 5.13e-01 4.21e-01f  1
iter    objective    inf_pr   inf_du lg(mu)  ||d||  lg(rg) alpha_du alpha_pr  ls
 870  4.8355630e+01 1.98e-03 5.21e+01  -5.7 3.13e-01  -2.5 2.68e-01 8.04e-02h  1
 871  4.8353543e+01 3.27e-03 1.38e+02  -5.7 5.77e-01  -3.0 2.09e-01 7.34e-02h  1
 872  4.8350369e+01 5.71e-03 2.73e+02  -5.7 1.70e-01  -2.6 8.82e-02 2.51e-01h  1
 873  4.8348900e+01 4.83e-03 2.70e+02  -5.7 4.89e-02  -2.2 5.64e-01 2.97e-01h  1
 874  4.8347402e+01 5.36e-03 2.18e+02  -5.7 2.69e-01  -2.6 2.86e-01 1.49e-01h  1
 875  4.8346114e+01 5.53e-03 2.95e+02  -5.7 3.95e-01  -3.1 2.12e-01 7.11e-02h  1
 876  4.8345812e+01 5.51e-03 2.99e+02  -5.7 1.26e+01  -3.6 2.04e-02 9.44e-03h  1
 877  4.8341894e+01 1.07e-02 2.72e+02  -5.7 4.67e-01  -3.2 3.08e-01 2.36e-01h  1
 878  4.8340081e+01 1.18e-02 1.84e+02  -5.7 1.64e+00  -3.6 1.71e-01 8.18e-02h  1
 879  4.8338753e+01 1.28e-02 1.32e+02  -5.7 3.33e+00  -4.1 1.23e-01 5.01e-02h  1
iter    objective    inf_pr   inf_du lg(mu)  ||d||  lg(rg) alpha_du alpha_pr  ls
 880  4.8337330e+01 1.48e-02 1.30e+02  -5.7 2.78e+00  -4.6 2.00e-01 5.79e-02h  1
 881  4.8335182e+01 2.12e-02 1.16e+02  -5.7 2.10e+00    -  8.26e-02 1.05e-01h  1
 882  4.8332109e+01 4.10e-02 9.22e+01  -5.7 1.16e+00    -  1.36e-01 1.96e-01h  1
 883  4.8330152e+01 4.39e-02 1.11e+02  -5.7 3.84e-01    -  4.61e-01 2.07e-01h  1
 884  4.8328984e+01 3.78e-02 8.63e+01  -5.7 2.87e-01    -  2.67e-01 2.39e-01h  1
 885  4.8328502e+01 3.34e-02 6.14e+01  -5.7 2.07e-01    -  4.50e-01 1.66e-01h  1
 886  4.8327449e+01 3.63e-02 1.04e+02  -5.7 3.11e-01    -  3.37e-01 6.07e-01h  1
 887  4.8326971e+01 1.96e-02 1.57e+02  -5.7 2.46e-01    -  4.48e-01 1.00e+00h  1
 888  4.8327000e+01 3.12e-04 1.72e+00  -5.7 8.38e-02    -  9.41e-01 1.00e+00h  1
 889  4.8326996e+01 1.24e-02 3.40e+00  -5.7 4.75e-01    -  5.59e-01 1.00e+00h  1
iter    objective    inf_pr   inf_du lg(mu)  ||d||  lg(rg) alpha_du alpha_pr  ls
 890  4.8326996e+01 2.60e-07 6.05e-03  -5.7 2.20e-01    -  1.00e+00 1.00e+00h  1
 891  4.8326996e+01 2.43e-08 3.28e-04  -5.7 1.44e-01    -  1.00e+00 1.00e+00h  1
 892  4.8326996e+01 3.83e-09 8.36e-05  -5.7 5.79e-02    -  1.00e+00 1.00e+00h  1
 893  4.8326996e+01 9.48e-11 9.80e-07  -5.7 7.54e-03    -  1.00e+00 1.00e+00h  1
 894  4.8326996e+01 4.92e-15 6.04e-11  -5.7 4.88e-06    -  1.00e+00 1.00e+00h  1
 895  4.8324263e+01 5.22e-03 1.65e+01  -7.0 2.88e-01    -  5.49e-01 4.55e-01f  1
 896  4.8323165e+01 4.71e-03 2.93e+01  -7.0 3.31e-01    -  5.66e-01 3.33e-01h  1
 897  4.8322072e+01 3.36e-03 2.02e+01  -7.0 4.43e-01    -  6.49e-01 4.94e-01h  1
 898  4.8321664e+01 2.23e-03 1.48e+01  -7.0 3.81e-01    -  5.17e-01 3.61e-01h  1
 899  4.8321278e+01 1.13e-03 9.19e+00  -7.0 3.10e-01    -  7.69e-01 5.38e-01h  1
iter    objective    inf_pr   inf_du lg(mu)  ||d||  lg(rg) alpha_du alpha_pr  ls
 900  4.8321070e+01 4.97e-04 2.71e+01  -7.0 1.75e-01    -  3.39e-01 6.28e-01h  1
 901  4.8321043e+01 3.89e-04 2.21e+01  -7.0 7.18e-02    -  3.08e-01 2.20e-01h  1
 902  4.8321000e+01 2.13e-04 1.22e+01  -7.0 5.32e-02    -  4.96e-01 4.61e-01h  1
 903  4.8320950e+01 4.49e-06 7.91e-04  -7.0 2.80e-02    -  1.00e+00 1.00e+00h  1
 904  4.8320951e+01 7.88e-08 1.16e+01  -7.0 2.51e-03    -  6.02e-01 1.00e+00h  1
 905  4.8320951e+01 1.89e-08 3.40e-05  -7.0 1.08e-03    -  1.00e+00 1.00e+00h  1
 906  4.8320951e+01 9.47e-10 1.98e-06  -7.0 2.28e-04    -  1.00e+00 1.00e+00h  1
 907  4.8320951e+01 4.33e-14 2.21e-10  -7.0 1.59e-06    -  1.00e+00 1.00e+00h  1

Number of Iterations....: 907

                                   (scaled)                 (unscaled)
Objective...............:   4.8320950999742657e+01    4.8320950999742657e+01
Dual infeasibility......:   2.2055222578809541e-10    2.2055222578809541e-10
Constraint violation....:   1.6486811915683575e-14    4.3298697960381105e-14
Variable bound violation:   1.7762262216441150e-09    1.7762262216441150e-09
Complementarity.........:   9.0909140443592242e-08    9.0909140443592242e-08
Overall NLP error.......:   9.0909140443592242e-08    9.0909140443592242e-08


Number of objective function evaluations             = 1240
Number of objective gradient evaluations             = 899
Number of equality constraint evaluations            = 1240
Number of inequality constraint evaluations          = 1240
Number of equality constraint Jacobian evaluations   = 920
Number of inequality constraint Jacobian evaluations = 920
Number of Lagrangian Hessian evaluations             = 907
Total seconds in IPOPT                               = 4198.678

EXIT: Optimal Solution Found.
