
******************************************************************************
This program contains Ipopt, a library for large-scale nonlinear optimization.
 Ipopt is released as open source code under the Eclipse Public License (EPL).
         For more information visit https://github.com/coin-or/Ipopt
******************************************************************************

This is Ipopt version 3.14.11, running with linear solver MUMPS 5.4.1.

Number of nonzeros in equality constraint Jacobian...:   328385
Number of nonzeros in inequality constraint Jacobian.:    81634
Number of nonzeros in Lagrangian Hessian.............:   264461

Total number of variables............................:    42605
                     variables with only lower bounds:        0
                variables with lower and upper bounds:    14205
                     variables with only upper bounds:        0
Total number of equality constraints.................:    37280
Total number of inequality constraints...............:    17746
        inequality constraints with only lower bounds:     1774
   inequality constraints with lower and upper bounds:    10649
        inequality constraints with only upper bounds:     3549

iter    objective    inf_pr   inf_du lg(mu)  ||d||  lg(rg) alpha_du alpha_pr  ls
   0  1.7750000e+01 1.39e+00 9.13e-01  -1.0 0.00e+00    -  0.00e+00 0.00e+00   0
   1  1.7748280e+01 1.38e+00 6.97e+03  -1.0 2.21e+00   4.0 1.03e-01 8.71e-03h  1
   2  1.7800265e+01 1.37e+00 6.65e+03  -1.0 2.18e+00   3.5 3.19e-03 6.90e-03f  1
   3  1.7882258e+01 1.35e+00 5.89e+03  -1.0 2.19e+00   3.0 1.10e-03 1.02e-02f  1
   4  1.7915555e+01 1.35e+00 5.72e+03  -1.0 2.25e+00   2.6 1.60e-03 3.55e-03f  1
   5  1.7937179e+01 1.35e+00 5.63e+03  -1.0 2.03e+00   3.0 9.94e-04 2.08e-03f  1
   6  1.7955309e+01 1.34e+00 5.56e+03  -1.0 2.47e+00   2.5 4.55e-04 1.24e-03f  1
   7  1.7980135e+01 1.34e+00 5.46e+03  -1.0 1.99e+00   2.9 5.81e-04 1.92e-03f  1
   8  1.7996500e+01 1.34e+00 5.42e+03  -1.0 6.91e+00   2.5 2.09e-04 7.64e-04f  1
   9  1.8021310e+01 1.34e+00 5.30e+03  -1.0 2.40e+00   2.9 3.83e-04 1.72e-03f  1
iter    objective    inf_pr   inf_du lg(mu)  ||d||  lg(rg) alpha_du alpha_pr  ls
  10  1.8033908e+01 1.34e+00 5.28e+03  -1.0 1.59e+01   2.4 1.18e-04 3.33e-04f  1
  11  1.8062645e+01 1.34e+00 5.19e+03  -1.0 1.95e+00   2.8 5.98e-04 1.69e-03f  1
  12  1.8120686e+01 1.33e+00 5.00e+03  -1.0 1.79e+00   3.3 1.89e-03 4.06e-03f  1
  13  1.8188245e+01 1.33e+00 4.88e+03  -1.0 2.05e+00   2.8 1.17e-03 2.57e-03f  1
  14  1.8245717e+01 1.32e+00 4.72e+03  -1.0 1.83e+00   3.2 1.23e-03 3.16e-03f  1
  15  1.8307335e+01 1.32e+00 4.68e+03  -1.0 2.34e+00   2.7 6.28e-04 1.74e-03f  1
  16  1.8358236e+01 1.32e+00 5.19e+03  -1.0 1.87e+00   3.2 8.47e-04 2.41e-03f  1
  17  1.8421562e+01 1.32e+00 5.55e+03  -1.0 3.20e+00   2.7 4.78e-04 1.41e-03f  1
  18  1.8472200e+01 1.31e+00 6.02e+03  -1.0 1.90e+00   3.1 6.66e-04 2.10e-03f  1
  19  1.8540312e+01 1.31e+00 6.45e+03  -1.0 5.30e+00   2.6 3.92e-04 1.16e-03f  1
iter    objective    inf_pr   inf_du lg(mu)  ||d||  lg(rg) alpha_du alpha_pr  ls
  20  1.8593619e+01 1.31e+00 6.90e+03  -1.0 1.94e+00   3.1 6.28e-04 1.96e-03f  1
  21  1.8668367e+01 1.31e+00 7.46e+03  -1.0 1.14e+01   2.6 2.94e-04 8.38e-04f  1
  22  1.8725768e+01 1.30e+00 7.91e+03  -1.0 2.00e+00   3.0 6.51e-04 1.88e-03f  1
  23  1.8782933e+01 1.30e+00 8.37e+03  -1.0 5.45e+01   2.5 1.08e-04 2.18e-04h  1
  24  1.8853915e+01 1.30e+00 8.90e+03  -1.0 2.09e+00   3.0 6.79e-04 2.07e-03f  1
  25  1.8903200e+01 1.30e+00 9.49e+03  -1.0 1.95e+00   3.4 1.15e-03 2.17e-03f  1
  26  1.8978454e+01 1.30e+00 9.89e+03  -1.0 2.22e+00   2.9 9.00e-04 1.88e-03f  1
  27  1.9042385e+01 1.29e+00 1.05e+04  -1.0 1.97e+00   3.3 1.42e-03 2.49e-03f  1
  28  1.9066243e+01 1.29e+00 1.04e+04  -1.0 5.18e+00   2.9 6.30e-04 4.97e-04f  1
  29  1.9168149e+01 1.29e+00 1.15e+04  -1.0 1.98e+00   3.3 1.54e-03 3.56e-03f  1
iter    objective    inf_pr   inf_du lg(mu)  ||d||  lg(rg) alpha_du alpha_pr  ls
  30  1.9222163e+01 1.29e+00 1.19e+04  -1.0 1.99e+00   3.7 2.22e-03 2.46e-03h  1
  31  1.9255903e+01 1.28e+00 9.19e+03  -1.0 2.01e+00   4.1 2.86e-03 1.74e-03h  1
  32  1.9266792e+01 1.28e+00 8.44e+03  -1.0 2.92e+00   3.7 1.11e-03 4.26e-04f  1
  33  1.9364882e+01 1.28e+00 8.99e+03  -1.0 2.05e+00   3.2 1.52e-03 2.51e-03f  1
  34  1.9461211e+01 1.27e+00 1.02e+04  -1.0 2.01e+00   3.6 2.41e-03 3.52e-03f  1
  35  1.9681245e+01 1.27e+00 1.22e+04  -1.0 2.13e+00   3.1 9.81e-04 4.73e-03f  1
  36  1.9920055e+01 1.27e+00 1.50e+04  -1.0 3.62e+01   2.7 2.95e-04 1.18e-03f  1
  37  2.0668322e+01 1.25e+00 1.77e+04  -1.0 2.41e+00   3.1 7.93e-03 1.44e-02f  1
  38  2.0874218e+01 1.25e+00 2.28e+04  -1.0 5.73e+01   2.6 1.39e-04 1.25e-03f  1
  39  2.1094776e+01 1.24e+00 2.36e+04  -1.0 2.72e+00   3.0 1.75e-02 4.46e-03f  1
iter    objective    inf_pr   inf_du lg(mu)  ||d||  lg(rg) alpha_du alpha_pr  ls
  40  2.1175674e+01 1.24e+00 1.82e+04  -1.0 2.48e+00   3.5 1.70e-02 2.37e-03f  1
  41  2.1925558e+01 1.22e+00 1.69e+04  -1.0 2.80e+00   3.0 3.65e-03 1.41e-02f  1
  42  2.2067912e+01 1.22e+00 1.74e+04  -1.0 2.57e+00   3.4 1.88e-03 4.04e-03f  1
  43  2.2351517e+01 1.21e+00 1.69e+04  -1.0 2.95e+00   2.9 1.41e-03 5.31e-03f  1
  44  2.2554201e+01 1.20e+00 1.72e+04  -1.0 2.61e+00   3.4 3.59e-03 5.54e-03f  1
  45  2.2575129e+01 1.20e+00 1.71e+04  -1.0 3.34e+00   2.9 1.33e-03 3.76e-04f  1
  46  2.2577376e+01 1.20e+00 1.70e+04  -1.0 3.02e+00   3.3 1.31e-03 5.87e-05h  1
  47  2.2878814e+01 1.20e+00 1.75e+04  -1.0 4.27e+00   2.8 4.10e-04 4.93e-03f  1
  48  2.2967764e+01 1.19e+00 1.75e+04  -1.0 3.12e+00   3.2 2.60e-03 2.26e-03f  1
  49  2.3168302e+01 1.19e+00 1.96e+04  -1.0 1.01e+01   2.8 7.22e-04 3.09e-03f  1
iter    objective    inf_pr   inf_du lg(mu)  ||d||  lg(rg) alpha_du alpha_pr  ls
  50  2.3305152e+01 1.19e+00 1.96e+04  -1.0 3.24e+00   3.2 2.82e-03 3.37e-03f  1
  51  2.3434296e+01 1.18e+00 2.04e+04  -1.0 2.94e+00   3.6 2.71e-03 4.04e-03h  1
  52  2.3476189e+01 1.18e+00 2.03e+04  -1.0 3.44e+00   3.1 1.97e-03 9.99e-04f  1
  53  2.3478704e+01 1.18e+00 1.94e+04  -1.0 3.00e+00   3.6 1.90e-03 7.39e-05h  1
  54  2.3703364e+01 1.17e+00 1.99e+04  -1.0 3.58e+00   3.1 7.91e-04 4.96e-03f  1
  55  2.3794792e+01 1.17e+00 1.98e+04  -1.0 3.05e+00   3.5 2.92e-03 2.62e-03h  1
  56  2.3825544e+01 1.17e+00 1.96e+04  -1.0 5.94e+00   3.0 1.79e-03 6.69e-04h  1
  57  2.4043512e+01 1.16e+00 2.09e+04  -1.0 3.11e+00   3.5 2.71e-03 6.07e-03f  1
  58  2.4074981e+01 1.16e+00 1.82e+04  -1.0 2.86e+00   3.9 3.18e-03 1.02e-03h  1
  59  2.4137279e+01 1.16e+00 1.84e+04  -1.0 3.21e+00   3.4 1.16e-03 1.71e-03f  1
iter    objective    inf_pr   inf_du lg(mu)  ||d||  lg(rg) alpha_du alpha_pr  ls
  60  2.4183328e+01 1.16e+00 1.73e+04  -1.0 2.90e+00   3.8 2.43e-03 1.48e-03h  1
  61  2.4228984e+01 1.16e+00 1.54e+04  -1.0 2.73e+00   4.3 2.42e-03 1.58e-03h  1
  62  2.4275189e+01 1.16e+00 1.73e+04  -1.0 2.96e+00   3.8 1.95e-03 1.45e-03h  1
  63  2.4309661e+01 1.15e+00 2.87e+04  -1.0 2.78e+00   4.2 2.29e-03 1.18e-03h  1
  64  2.4340556e+01 1.15e+00 7.56e+04  -1.0 2.66e+00   4.6 2.82e-03 1.10e-03h  1
  65  2.4439328e+01 1.15e+00 7.41e+04  -1.0 2.83e+00   4.2 3.20e-03 3.33e-03h  1
  66  2.4451761e+01 1.15e+00 1.72e+05  -1.0 2.72e+00   4.6 4.46e-03 4.40e-04h  1
  67  2.4485059e+01 1.15e+00 1.04e+06  -1.0 2.64e+00   5.0 1.46e-02 1.20e-03h  1
  68  2.4634208e+01 1.14e+00 9.69e+05  -1.0 2.78e+00   4.5 2.10e-03 5.19e-03h  1
  69  2.4643179e+01 1.14e+00 1.29e+06  -1.0 2.72e+00   5.0 6.06e-03 3.20e-04h  1
iter    objective    inf_pr   inf_du lg(mu)  ||d||  lg(rg) alpha_du alpha_pr  ls
  70  2.4655620e+01 1.14e+00 1.86e+06  -1.0 2.66e+00   5.4 4.21e-03 4.49e-04h  1
  71  2.4663934e+01 1.14e+00 1.95e+06  -1.0 2.87e+00   4.9 2.02e-03 3.01e-04h  1
  72  2.4689040e+01 1.14e+00 6.93e+06  -1.0 2.82e+00   5.3 3.69e-02 9.21e-04h  1
  73  2.4951791e+01 1.13e+00 6.64e+06  -1.0 2.91e+00   4.9 3.59e-03 9.33e-03f  1
  74  2.4957978e+01 1.13e+00 2.06e+07  -1.0 2.83e+00   6.2 1.44e-02 2.27e-04h  1
  75  2.5012842e+01 1.13e+00 3.02e+07  -1.0 2.85e+00   5.7 3.30e-02 2.00e-03h  1
  76  2.5073966e+01 1.12e+00 3.74e+07  -1.0 2.84e+00   6.1 1.08e-02 2.23e-03h  1
  77  2.5174987e+01 1.12e+00 3.90e+07  -1.0 2.92e+00   5.7 1.05e-02 3.62e-03h  1
  78  2.5238921e+01 1.12e+00 4.97e+07  -1.0 2.88e+00   6.1 1.70e-02 2.31e-03h  1
  79  2.5271540e+01 1.11e+00 4.88e+07  -1.0 2.86e+00   6.5 7.84e-04 1.18e-03h  1
iter    objective    inf_pr   inf_du lg(mu)  ||d||  lg(rg) alpha_du alpha_pr  ls
  80r 2.5271540e+01 1.11e+00 1.00e+03   0.0 0.00e+00   6.0 0.00e+00 3.28e-07R  4
  81r 4.1036350e+01 5.56e-01 1.21e+03   0.0 9.05e+02    -  2.27e-03 1.22e-03f  1
  82  4.1091671e+01 5.56e-01 1.48e+01  -1.0 4.37e+01    -  4.27e-04 1.72e-04f  1
  83  4.1094593e+01 5.56e-01 6.17e+04  -1.0 6.30e-01   5.6 5.36e-02 8.40e-05h  1
  84  4.1098967e+01 5.56e-01 6.00e+04  -1.0 6.69e-01   5.1 4.31e-03 1.23e-04h  1
  85  4.1175062e+01 5.54e-01 6.40e+04  -1.0 7.94e-01   4.6 7.80e-03 2.11e-03h  1
  86  4.1222595e+01 5.54e-01 1.20e+05  -1.0 8.76e-01   5.0 7.36e-03 1.30e-03h  1
  87  4.1257436e+01 5.53e-01 1.39e+05  -1.0 9.47e-01   5.5 1.71e-03 9.46e-04h  1
  88  4.1270621e+01 5.53e-01 1.57e+05  -1.0 9.73e-01   5.9 6.15e-04 3.57e-04h  1
  89  4.1303108e+01 5.52e-01 1.47e+05  -1.0 9.38e-01   5.4 4.52e-04 8.66e-04h  1
iter    objective    inf_pr   inf_du lg(mu)  ||d||  lg(rg) alpha_du alpha_pr  ls
  90  4.1311839e+01 5.52e-01 1.53e+05  -1.0 9.70e-01   5.8 3.30e-04 2.33e-04h  1
  91  4.1333081e+01 5.52e-01 1.46e+05  -1.0 9.61e-01   5.4 2.34e-04 5.59e-04h  1
  92  4.1340041e+01 5.52e-01 1.51e+05  -1.0 9.97e-01   5.8 2.63e-04 1.84e-04h  1
  93  4.1360494e+01 5.52e-01 1.49e+05  -1.0 9.78e-01   5.3 4.31e-04 5.33e-04h  1
  94  4.1368612e+01 5.52e-01 1.66e+05  -1.0 1.01e+00   5.7 5.66e-04 2.12e-04h  1
  95  4.1375912e+01 5.51e-01 2.18e+05  -1.0 1.02e+00   6.2 5.86e-04 1.92e-04h  1
  96  4.1399447e+01 5.51e-01 2.26e+05  -1.0 1.01e+00   5.7 7.84e-04 6.09e-04h  1
  97  4.1406403e+01 5.51e-01 2.97e+05  -1.0 1.03e+00   6.1 7.81e-04 1.81e-04h  1
  98  4.1431707e+01 5.51e-01 2.89e+05  -1.0 1.01e+00   5.6 4.65e-04 6.49e-04h  1
  99  4.1438921e+01 5.51e-01 3.40e+05  -1.0 1.03e+00   6.1 6.68e-04 1.86e-04h  1
iter    objective    inf_pr   inf_du lg(mu)  ||d||  lg(rg) alpha_du alpha_pr  ls
 100  4.1450327e+01 5.50e-01 3.47e+05  -1.0 9.86e-01   5.6 4.79e-04 2.93e-04h  1
 101  4.1466407e+01 5.50e-01 3.28e+05  -1.0 1.03e+00   6.0 2.13e-04 4.12e-04h  1
 102  4.1469310e+01 5.50e-01 4.45e+05  -1.0 1.04e+00   6.4 5.44e-04 7.45e-05h  1
 103  4.1488749e+01 5.50e-01 4.56e+05  -1.0 1.03e+00   6.0 6.21e-04 4.94e-04h  1
 104  4.1496348e+01 5.50e-01 5.78e+05  -1.0 1.04e+00   6.4 7.43e-04 1.94e-04h  1
 105  4.1517764e+01 5.49e-01 5.78e+05  -1.0 1.02e+00   5.9 5.42e-04 5.41e-04h  1
 106  4.1521838e+01 5.49e-01 7.22e+05  -1.0 1.04e+00   6.3 8.27e-04 1.03e-04h  1
 107  4.1541885e+01 5.49e-01 7.29e+05  -1.0 1.01e+00   5.9 6.26e-04 5.04e-04h  1
 108  4.1553711e+01 5.49e-01 8.33e+05  -1.0 1.04e+00   6.3 8.87e-04 2.98e-04h  1
 109  4.1565154e+01 5.49e-01 9.04e+05  -1.0 1.01e+00   5.8 1.53e-03 2.87e-04h  1
iter    objective    inf_pr   inf_du lg(mu)  ||d||  lg(rg) alpha_du alpha_pr  ls
 110  4.1582956e+01 5.49e-01 9.72e+05  -1.0 1.04e+00   6.2 8.84e-04 4.46e-04h  1
 111  4.1609645e+01 5.48e-01 1.12e+06  -1.0 1.06e+00   6.7 1.03e-03 6.71e-04h  1
 112  4.1619881e+01 5.48e-01 1.33e+06  -1.0 1.02e+00   6.2 1.79e-03 2.56e-04h  1
 113  4.1632864e+01 5.48e-01 1.62e+06  -1.0 1.05e+00   6.6 1.10e-03 3.24e-04h  1
 114  4.1663664e+01 5.47e-01 1.78e+06  -1.0 1.01e+00   6.1 2.07e-03 7.66e-04h  1
 115  4.1667676e+01 5.47e-01 2.43e+06  -1.0 1.05e+00   6.6 2.09e-03 9.98e-05h  1
 116  4.1685203e+01 5.47e-01 2.53e+06  -1.0 1.01e+00   6.1 1.36e-03 4.35e-04h  1
 117  4.1702782e+01 5.47e-01 3.10e+06  -1.0 1.04e+00   6.5 2.31e-03 4.36e-04h  1
 118  4.1730340e+01 5.47e-01 4.93e+06  -1.0 1.06e+00   6.9 2.92e-03 6.83e-04h  1
 119  4.1763763e+01 5.46e-01 5.11e+06  -1.0 1.03e+00   6.5 1.49e-03 8.25e-04h  1
iter    objective    inf_pr   inf_du lg(mu)  ||d||  lg(rg) alpha_du alpha_pr  ls
 120  4.1776028e+01 5.46e-01 1.79e+07  -1.0 1.05e+00   6.9 1.74e-02 3.03e-04h  1
 121  4.1830803e+01 5.45e-01 1.82e+07  -1.0 1.02e+00   6.4 2.69e-03 1.35e-03h  1
 122  4.1887337e+01 5.44e-01 3.84e+07  -1.0 1.05e+00   6.8 3.18e-02 1.39e-03h  1
 123  4.1926164e+01 5.44e-01 4.91e+07  -1.0 1.06e+00   7.3 6.90e-03 9.51e-04h  1
 124  4.2020781e+01 5.43e-01 5.27e+07  -1.0 1.02e+00   6.8 8.71e-03 2.31e-03h  1
 125  4.2027725e+01 5.43e-01 1.05e+08  -1.0 1.04e+00   7.2 3.21e-02 1.70e-04h  1
 126  4.2145797e+01 5.41e-01 1.05e+08  -1.0 1.13e+00   6.7 4.12e-03 2.88e-03h  1
 127  4.2150414e+01 5.41e-01 1.09e+08  -1.0 1.31e+00   7.2 2.80e-03 1.13e-04h  1
 128  4.2188442e+01 5.40e-01 1.52e+08  -1.0 1.05e+00   7.6 1.16e-02 9.26e-04h  1
 129  4.2277832e+01 5.39e-01 1.55e+08  -1.0 1.01e+00   7.1 4.71e-03 2.18e-03h  1
iter    objective    inf_pr   inf_du lg(mu)  ||d||  lg(rg) alpha_du alpha_pr  ls
 130  4.2311703e+01 5.39e-01 2.20e+08  -1.0 1.03e+00   7.5 1.92e-02 8.25e-04h  1
 131  4.2350335e+01 5.38e-01 4.96e+08  -1.0 1.04e+00   8.0 2.92e-02 9.40e-04h  1
 132  4.2483607e+01 5.37e-01 5.21e+08  -1.0 1.00e+00   7.5 1.23e-02 3.24e-03h  1
 133  4.2517455e+01 5.36e-01 5.97e+08  -1.0 1.01e+00   7.9 9.74e-03 8.25e-04h  1
 134  4.2563513e+01 5.35e-01 6.40e+08  -1.0 1.02e+00   8.3 2.99e-03 1.12e-03h  1
 135  4.2603185e+01 5.35e-01 6.64e+08  -1.0 1.04e+00   7.8 4.21e-03 9.72e-04h  1
 136  4.2616366e+01 5.35e-01 1.61e+09  -1.0 1.00e+00   8.3 4.52e-02 3.22e-04h  1
 137  4.2720206e+01 5.33e-01 2.87e+09  -1.0 1.01e+00   8.7 2.49e-02 2.53e-03h  1
 138  4.2797203e+01 5.32e-01 2.89e+09  -1.0 9.85e-01   8.2 3.17e-03 1.89e-03h  1
 139  4.2808419e+01 5.32e-01 4.11e+09  -1.0 9.88e-01   8.6 2.47e-02 2.75e-04h  1
iter    objective    inf_pr   inf_du lg(mu)  ||d||  lg(rg) alpha_du alpha_pr  ls
 140  4.2883041e+01 5.31e-01 7.18e+09  -1.0 9.95e-01   9.1 2.45e-02 1.83e-03h  1
 141  4.2952697e+01 5.30e-01 7.41e+09  -1.0 9.79e-01   8.6 7.75e-03 1.71e-03h  1
 142  4.3007017e+01 5.30e-01 9.75e+09  -1.0 9.81e-01   9.0 2.10e-02 1.34e-03h  1
 143  4.3047418e+01 5.29e-01 1.83e+10  -1.0 9.83e-01   9.5 2.71e-02 9.94e-04h  1
 144  4.3157717e+01 5.28e-01 1.93e+10  -1.0 9.72e-01   9.0 1.31e-02 2.72e-03h  1
 145  4.3184284e+01 5.27e-01 2.85e+10  -1.0 9.70e-01   9.4 3.29e-02 6.57e-04h  1
 146  4.3260910e+01 5.26e-01 2.86e+10  -1.0 1.09e+00   8.9 3.78e-03 1.90e-03h  1
 147  4.3298391e+01 5.26e-01 3.38e+10  -1.0 9.62e-01   9.3 2.24e-02 9.30e-04h  1
 148  4.3364221e+01 5.25e-01 4.93e+10  -1.0 9.65e-01   9.8 2.41e-02 1.63e-03h  1
 149  4.3418590e+01 5.24e-01 5.07e+10  -1.0 9.62e-01  10.2 2.09e-03 1.35e-03h  1
iter    objective    inf_pr   inf_du lg(mu)  ||d||  lg(rg) alpha_du alpha_pr  ls
 150  4.3490019e+01 5.23e-01 5.01e+10  -1.0 9.49e-01   9.7 9.10e-04 1.78e-03h  1
 151  4.3493055e+01 5.23e-01 1.06e+11  -1.0 9.48e-01  10.1 3.32e-02 7.60e-05h  1
 152  4.3574413e+01 5.22e-01 1.06e+11  -1.0 4.35e+00   9.7 2.79e-03 2.04e-03h  1
 153  4.3604509e+01 5.22e-01 2.26e+11  -1.0 9.41e-01  10.1 8.38e-02 7.54e-04h  1
 154  4.3713810e+01 5.20e-01 2.85e+11  -1.0 9.43e-01  10.5 1.81e-02 2.73e-03h  1
 155  4.3774532e+01 5.20e-01 8.16e+11  -1.0 9.34e-01  10.9 5.11e-02 1.53e-03h  1
 156  4.3880832e+01 5.18e-01 8.31e+11  -1.0 9.22e-01  10.5 8.67e-03 2.68e-03h  1
 157  4.3919979e+01 5.18e-01 1.25e+12  -1.0 9.16e-01  10.9 4.81e-02 9.92e-04h  1
 158  4.3967292e+01 5.17e-01 2.30e+12  -1.0 9.17e-01  11.3 4.34e-02 1.20e-03h  1
 159  4.4124247e+01 5.15e-01 2.48e+12  -1.0 9.05e-01  10.8 3.36e-02 3.98e-03h  1
iter    objective    inf_pr   inf_du lg(mu)  ||d||  lg(rg) alpha_du alpha_pr  ls
 160  4.4189314e+01 5.14e-01 3.07e+12  -1.0 8.96e-01  11.3 3.08e-02 1.66e-03h  1
MUMPS returned INFO(1) = -9 and requires more memory, reallocating.  Attempt 1
  Increasing icntl[13] from 1000 to 2000.
 161  4.4242443e+01 5.14e-01 3.15e+12  -1.0 8.83e-01  10.8 1.86e-02 1.37e-03h  1
 162  4.4301360e+01 5.13e-01 3.59e+12  -1.0 8.83e-01  11.2 2.75e-02 1.51e-03h  1
 163  4.4381059e+01 5.12e-01 5.98e+12  -1.0 8.83e-01  11.6 4.94e-02 2.04e-03h  1
 164  4.4421415e+01 5.11e-01 6.09e+12  -1.0 8.67e-01  11.2 1.04e-02 1.04e-03h  1
 165  4.4457349e+01 5.11e-01 7.33e+12  -1.0 8.68e-01  11.6 3.09e-02 9.28e-04h  1
 166  4.4520831e+01 5.10e-01 7.33e+12  -1.0 8.69e-01  12.0 1.68e-03 1.64e-03h  1
 167  4.4538741e+01 5.10e-01 8.46e+12  -1.0 8.65e-01  12.4 3.89e-03 4.64e-04h  1
 168  4.4634479e+01 5.08e-01 8.32e+12  -1.0 8.57e-01  12.0 1.35e-03 2.48e-03h  1
MUMPS returned INFO(1) = -9 and requires more memory, reallocating.  Attempt 1
  Increasing icntl[13] from 2000 to 4000.
 169  4.4650632e+01 5.08e-01 1.51e+13  -1.0 8.52e-01  12.4 2.38e-02 4.20e-04h  1
iter    objective    inf_pr   inf_du lg(mu)  ||d||  lg(rg) alpha_du alpha_pr  ls
 170  4.4781286e+01 5.06e-01 1.48e+13  -1.0 8.45e-01  11.9 4.53e-04 3.40e-03h  1
 171  4.4784324e+01 5.06e-01 1.50e+13  -1.0 8.37e-01  12.3 7.09e-04 7.96e-05h  1
 172  4.4791013e+01 5.06e-01 1.55e+13  -1.0 8.41e-01  12.8 9.84e-04 1.75e-04h  1
 173  4.4818805e+01 5.06e-01 1.55e+13  -1.0 1.15e+00  12.3 1.06e-03 7.29e-04h  1
 174  4.4819197e+01 5.06e-01 2.07e+13  -1.0 8.42e-01  12.7 3.07e-02 1.03e-05h  1
 175  4.4841959e+01 5.06e-01 3.12e+13  -1.0 8.71e-01  12.2 1.12e-02 5.99e-04h  1
 176  4.4854574e+01 5.05e-01 3.80e+13  -1.0 8.71e-01  12.7 2.44e-03 3.32e-04h  1
 177  4.4883067e+01 5.05e-01 3.73e+13  -1.0 8.67e-01  12.2 7.06e-05 7.52e-04h  1
 178  4.4884635e+01 5.05e-01 3.72e+13  -1.0 8.42e-01  12.6 1.93e-05 4.12e-05h  1
 179  4.4885224e+01 5.05e-01 3.73e+13  -1.0 8.46e-01  13.0 6.07e-05 1.55e-05h  1
iter    objective    inf_pr   inf_du lg(mu)  ||d||  lg(rg) alpha_du alpha_pr  ls
 180  4.4893643e+01 5.05e-01 3.72e+13  -1.0 8.41e-01  12.6 7.40e-05 2.21e-04h  1
 181  4.4897898e+01 5.05e-01 3.75e+13  -1.0 8.44e-01  13.0 3.03e-04 1.12e-04h  1
 182  4.4902321e+01 5.05e-01 3.78e+13  -1.0 8.39e-01  12.5 9.33e-04 1.16e-04h  1
 183  4.4912326e+01 5.05e-01 4.40e+13  -1.0 8.43e-01  12.9 6.08e-03 2.63e-04h  1
 184  4.4981690e+01 5.04e-01 4.43e+13  -1.0 8.36e-01  12.5 2.79e-03 1.82e-03h  1
 185  4.4982687e+01 5.04e-01 5.08e+13  -1.0 8.34e-01  12.9 6.93e-03 2.63e-05h  1
 186  4.4994022e+01 5.04e-01 5.18e+13  -1.0 8.29e-01  12.4 4.05e-03 3.00e-04h  1
 187  4.5006669e+01 5.03e-01 6.57e+13  -1.0 8.32e-01  12.8 1.71e-02 3.34e-04h  1
 188  4.5043165e+01 5.03e-01 6.62e+13  -1.0 8.26e-01  12.4 3.74e-03 9.65e-04h  1
 189  4.5045892e+01 5.03e-01 7.83e+13  -1.0 8.27e-01  12.8 1.69e-02 7.21e-05h  1
iter    objective    inf_pr   inf_du lg(mu)  ||d||  lg(rg) alpha_du alpha_pr  ls
 190  4.5135705e+01 5.02e-01 8.50e+13  -1.0 8.31e-01  13.2 5.84e-03 2.37e-03h  1
 191  4.5146430e+01 5.02e-01 8.63e+13  -1.0 1.91e+00  12.7 2.35e-03 2.85e-04h  1
 192  4.5184593e+01 5.01e-01 8.73e+13  -1.0 8.20e-01  13.2 1.63e-03 1.01e-03h  1
 193  4.5211215e+01 5.01e-01 8.39e+13  -1.0 8.18e-01  13.6 9.18e-06 7.07e-04h  1
 194  4.5211841e+01 5.01e-01 8.39e+13  -1.0 8.16e-01  13.1 6.87e-05 1.67e-05h  1
 195  4.5212880e+01 5.01e-01 8.44e+13  -1.0 8.16e-01  13.5 1.40e-04 2.77e-05h  1
 196  4.5230260e+01 5.00e-01 8.39e+13  -1.0 8.17e-01  13.1 1.02e-04 4.63e-04h  1
 197  4.5238713e+01 5.00e-01 1.60e+14  -1.0 8.15e-01  13.5 2.02e-02 2.25e-04h  1
 198  4.5266713e+01 5.00e-01 1.60e+14  -1.0 8.29e-01  13.0 4.45e-04 7.46e-04h  1
 199  4.5267390e+01 5.00e-01 1.88e+14  -1.0 8.28e-01  13.4 1.03e-02 1.80e-05h  1
iter    objective    inf_pr   inf_du lg(mu)  ||d||  lg(rg) alpha_du alpha_pr  ls
 200  4.5270737e+01 5.00e-01 1.88e+14  -1.0 3.35e+00  13.0 2.19e-04 8.96e-05h  1
 201  4.5271557e+01 5.00e-01 1.88e+14  -1.0 8.28e-01  13.4 1.27e-06 2.18e-05h  1
 202  4.5272599e+01 5.00e-01 1.88e+14  -1.0 8.25e-01  12.9 2.19e-06 2.78e-05h  1
 203  4.5273139e+01 5.00e-01 1.88e+14  -1.0 8.28e-01  13.3 4.03e-05 1.44e-05h  1
 204  4.5277003e+01 5.00e-01 1.88e+14  -1.0 8.76e-01  12.9 5.75e-05 1.03e-04h  1
In iteration 204, 1 Slack too small, adjusting variable bound
 205  4.5281339e+01 5.00e-01 1.88e+14  -1.0 8.27e-01  13.3 2.47e-03 1.15e-04h  1
 206  4.5290593e+01 5.00e-01 1.88e+14  -1.0 8.26e-01  13.7 5.02e-04 2.46e-04h  1
 207  4.5328753e+01 4.99e-01 1.88e+14  -1.0 8.25e-01  13.2 2.80e-02 1.02e-03h  1
 208  4.5469042e+01 4.97e-01 1.77e+14  -1.0 8.23e-01  13.7 2.00e-03 3.73e-03h  1
 209  4.5470062e+01 4.97e-01 1.91e+14  -1.0 8.13e-01  14.1 5.87e-03 2.74e-05h  1
iter    objective    inf_pr   inf_du lg(mu)  ||d||  lg(rg) alpha_du alpha_pr  ls
 210  4.5475436e+01 4.97e-01 1.91e+14  -1.0 8.15e-01  13.6 1.49e-04 1.44e-04h  1
 211  4.5479469e+01 4.97e-01 1.90e+14  -1.0 8.14e-01  14.0 2.13e-05 1.08e-04h  1
 212  4.5481848e+01 4.97e-01 1.90e+14  -1.0 8.16e-01  13.6 1.07e-04 6.39e-05h  1
 213  4.5482325e+01 4.97e-01 1.92e+14  -1.0 8.12e-01  14.0 1.97e-04 1.28e-05h  1
 214  4.5501909e+01 4.97e-01 1.91e+14  -1.0 8.17e-01  13.5 2.35e-04 5.25e-04h  1
 215  4.5513101e+01 4.97e-01 3.45e+14  -1.0 8.11e-01  13.9 2.57e-02 3.00e-04h  1
 216  4.5579978e+01 4.96e-01 3.42e+14  -1.0 8.19e-01  13.5 1.00e-03 1.79e-03h  1
 217  4.5580731e+01 4.96e-01 4.51e+14  -1.0 8.11e-01  13.9 2.09e-02 2.03e-05h  1
 218  4.5582507e+01 4.96e-01 4.52e+14  -1.0 8.06e-01  14.3 1.01e-04 4.78e-05h  1
 219  4.5598694e+01 4.96e-01 4.50e+14  -1.0 8.11e-01  13.8 3.09e-06 4.36e-04h  1
iter    objective    inf_pr   inf_du lg(mu)  ||d||  lg(rg) alpha_du alpha_pr  ls
 220  4.5604860e+01 4.95e-01 4.49e+14  -1.0 8.07e-01  14.3 1.32e-04 1.66e-04h  1
 221  4.5609125e+01 4.95e-01 4.50e+14  -1.0 8.12e-01  13.8 2.29e-04 1.15e-04h  1
 222r 4.5609125e+01 4.95e-01 1.00e+03  -0.3 0.00e+00  14.2 0.00e+00 3.33e-07R  5
 223r 5.3203734e+01 3.31e-01 1.10e+03  -0.3 3.11e+02    -  2.90e-04 1.25e-03f  1
 224  5.3232376e+01 3.31e-01 7.33e+00  -1.0 8.60e+01    -  1.71e-04 7.47e-05f  1
 225  5.3336121e+01 3.29e-01 3.89e+02  -1.0 3.32e+01    -  6.20e-04 3.90e-03f  1
 226  5.3421145e+01 3.29e-01 3.86e+11  -1.0 2.56e-01  13.7 5.20e-01 2.94e-03h  1
MUMPS returned INFO(1) = -9 and requires more memory, reallocating.  Attempt 1
  Increasing icntl[13] from 4000 to 8000.
 227  5.3422034e+01 3.29e-01 3.86e+11  -1.0 2.76e-01  13.2 1.32e-02 3.09e-05h  1
 228r 5.3422034e+01 3.29e-01 1.00e+03  -0.5 0.00e+00  13.7 0.00e+00 1.51e-07R  2
 229r 5.7616433e+01 2.71e-01 1.05e+03  -0.5 3.19e+02    -  1.97e-03 1.02e-03f  1
iter    objective    inf_pr   inf_du lg(mu)  ||d||  lg(rg) alpha_du alpha_pr  ls
 230  5.8445763e+01 2.63e-01 5.49e+02  -1.0 6.64e+00    -  2.35e-02 2.31e-02f  1
 231  5.9167907e+01 2.58e-01 1.02e+13  -1.0 2.28e-01  13.2 5.44e-01 2.80e-02h  1
 232  5.9175778e+01 2.58e-01 1.02e+13  -1.0 3.60e-01  13.6 1.68e-02 3.19e-04h  1
 233r 5.9175778e+01 2.58e-01 1.00e+03  -0.6 0.00e+00  14.0 0.00e+00 3.87e-07R  4
 234r 6.2160887e+01 2.49e-01 9.99e+02  -0.6 2.53e+02    -  1.63e-03 1.01e-03f  1
 235  6.2650001e+01 2.44e-01 5.82e+02  -1.0 8.44e+00    -  1.98e-02 2.24e-02f  1
 236  6.3391417e+01 2.36e-01 1.52e+13  -1.0 2.02e-01  13.6 5.61e-01 3.29e-02h  1
 237  6.3511546e+01 2.35e-01 1.44e+13  -1.0 2.94e-01  14.0 1.88e-02 5.52e-03h  1
 238  6.3512740e+01 2.35e-01 1.44e+13  -1.0 2.35e-01  14.4 2.73e-02 5.52e-05h  1
 239r 6.3512740e+01 2.35e-01 1.00e+03  -0.8 0.00e+00  14.9 0.00e+00 2.74e-07R  2
iter    objective    inf_pr   inf_du lg(mu)  ||d||  lg(rg) alpha_du alpha_pr  ls
 240r 6.6120916e+01 3.04e-01 1.06e+03  -0.8 1.73e+02    -  2.79e-03 1.01e-03f  1
 241  6.6326266e+01 3.01e-01 8.15e+02  -1.0 4.29e+01    -  1.60e-02 1.16e-02f  1
 242  6.6527022e+01 2.98e-01 1.31e+13  -1.0 2.33e-01  14.4 3.53e-01 1.02e-02h  1
 243  6.6528987e+01 2.98e-01 1.31e+13  -1.0 2.31e-01  14.8 5.52e-02 1.01e-04h  1
 244r 6.6528987e+01 2.98e-01 9.99e+02  -0.6 0.00e+00  14.3 0.00e+00 2.53e-07R  3
 245r 6.7731578e+01 2.94e-01 9.94e+02  -0.6 2.08e+02    -  6.11e-03 1.27e-03f  1
 246  6.8262026e+01 2.84e-01 6.18e+02  -1.0 4.76e+00    -  5.05e-02 3.11e-02f  1
 247  6.9196927e+01 2.70e-01 9.09e+13  -1.0 2.56e-01  13.8 3.26e-01 5.21e-02h  1
 248  6.9279247e+01 2.68e-01 9.08e+13  -1.0 2.48e-01  15.2 4.53e-02 4.87e-03h  1
 249  6.9280040e+01 2.68e-01 9.08e+13  -1.0 3.22e-01  14.7 1.82e-02 4.71e-05h  1
iter    objective    inf_pr   inf_du lg(mu)  ||d||  lg(rg) alpha_du alpha_pr  ls
 250r 6.9280040e+01 2.68e-01 9.99e+02  -0.5 0.00e+00  15.1 0.00e+00 2.41e-07R  2
 251r 6.9949762e+01 2.64e-01 9.94e+02  -0.5 2.71e+02    -  4.97e-03 1.08e-03f  1
 252  7.0117920e+01 2.61e-01 3.87e+02  -1.0 2.31e+01    -  1.83e-02 1.23e-02f  1
 253  7.0389111e+01 2.56e-01 5.90e+13  -1.0 2.65e-01  14.6 3.33e-03 1.70e-02h  1
 254  7.0391693e+01 2.56e-01 5.90e+13  -1.0 2.61e-01  15.1 1.67e-01 1.64e-04h  1
 255r 7.0391693e+01 2.56e-01 9.99e+02  -1.0 0.00e+00  14.6 0.00e+00 3.94e-07R  3
 256r 7.2174395e+01 2.45e-01 9.94e+02  -1.0 6.96e+01    -  6.11e-03 1.23e-03f  1
 257  7.3179079e+01 2.24e-01 1.37e+03  -1.0 6.12e+00    -  4.07e-02 8.51e-02f  1
 258  7.3746062e+01 2.14e-01 3.51e+14  -1.0 2.78e-01  14.1 4.37e-01 4.49e-02h  1
 259  7.4680192e+01 1.98e-01 6.41e+14  -1.0 2.63e-01  14.5 4.86e-02 7.54e-02h  1
iter    objective    inf_pr   inf_du lg(mu)  ||d||  lg(rg) alpha_du alpha_pr  ls
 260  7.4941821e+01 1.93e-01 1.19e+15  -1.0 7.02e-01  15.0 1.70e-02 2.28e-02h  1
 261  7.5812023e+01 1.78e-01 5.84e+15  -1.0 2.36e-01  15.4 7.67e-02 7.69e-02h  1
 262  7.5818704e+01 1.78e-01 5.84e+15  -1.0 2.15e-01  15.8 1.56e-02 6.57e-04h  1
 263r 7.5818704e+01 1.78e-01 9.99e+02  -0.3 0.00e+00  16.2 0.00e+00 4.49e-07R  5
 264r 7.5965406e+01 1.77e-01 9.97e+02  -0.3 5.00e+02    -  2.51e-03 1.07e-03f  1
 265  7.6176664e+01 1.69e-01 1.17e+03  -1.0 6.36e+00    -  1.06e-02 4.75e-02f  1
 266  7.7557916e+01 1.45e-01 1.41e+16  -1.0 2.09e-01  15.8 2.12e-01 1.41e-01h  1
 267  7.7568886e+01 1.45e-01 1.41e+16  -1.0 1.81e-01  17.1 8.57e-02 1.34e-03h  1
 268  7.7568990e+01 1.45e-01 1.41e+16  -1.0 1.82e-01  16.6 6.97e-01 1.27e-05h  1
 269r 7.7568990e+01 1.45e-01 1.00e+03  -0.5 0.00e+00  17.0 0.00e+00 6.80e-08R  2
iter    objective    inf_pr   inf_du lg(mu)  ||d||  lg(rg) alpha_du alpha_pr  ls
 270r 7.7749696e+01 1.43e-01 9.96e+02  -0.5 2.68e+02    -  4.12e-03 1.17e-03f  1
 271  7.8705180e+01 2.02e+00 9.87e+03  -1.0 4.17e+00    -  5.55e-03 2.98e-01f  1
 272  7.9637782e+01 1.50e+00 1.34e+17  -1.0 1.42e-01  16.6 8.97e-01 1.78e-01h  1
 273  7.9645868e+01 1.50e+00 1.34e+17  -1.0 1.21e-01  17.9 1.96e-01 1.91e-03h  1
 274  7.9645949e+01 1.50e+00 1.34e+17  -1.0 1.21e-01  17.4 4.82e-01 1.91e-05h  1
 275r 7.9645949e+01 1.50e+00 1.00e+03   0.4 0.00e+00  17.8 0.00e+00 1.31e-07R  2
 276r 7.9607045e+01 3.27e-01 1.00e+03   0.4 1.96e+03    -  3.80e-04 1.26e-03f  1
 277  7.9825141e+01 2.17e+00 3.50e+03  -1.0 2.64e+00    -  1.31e-01 3.03e-01f  1
 278  8.0470918e+01 1.37e+00 3.67e+18  -1.0 1.13e-01  17.4 2.82e-01 2.69e-01h  1
 279  8.0487209e+01 1.35e+00 3.66e+18  -1.0 8.67e-02  18.7 2.82e-01 9.87e-03h  1
iter    objective    inf_pr   inf_du lg(mu)  ||d||  lg(rg) alpha_du alpha_pr  ls
 280  8.0487385e+01 1.35e+00 3.66e+18  -1.0 9.41e-02  18.2 4.19e-01 1.05e-04h  1
 281r 8.0487385e+01 1.35e+00 1.00e+03   0.4 0.00e+00  18.6 0.00e+00 2.64e-07R  3
 282r 8.0472910e+01 2.62e-01 9.99e+02   0.4 1.73e+03    -  4.91e-04 1.22e-03f  1
 283  8.0106615e+01 6.61e-01 2.41e+03  -1.0 2.35e+00    -  1.81e-01 2.72e-01f  1
 284  8.0106615e+01 6.60e-01 3.52e+11  -1.0 7.11e-07  17.7 9.97e-01 1.00e+00h  1
 285  8.1196307e+01 4.34e-02 6.25e+18  -1.0 8.17e-02  17.2 1.87e-02 9.45e-01h  1
 286  8.1136835e+01 9.54e-03 3.18e+19  -1.0 4.86e-02  18.5 4.82e-01 1.00e+00h  1
 287  8.1123883e+01 3.13e-03 8.68e+20  -1.0 6.59e-02  19.9 1.20e-01 1.00e+00h  1
WARNING: Problem in step computation; switching to emergency mode.
 288r 8.1123883e+01 3.13e-03 9.99e+02  -1.0 0.00e+00  20.0 0.00e+00 0.00e+00R  1
 289r 8.1156758e+01 1.04e-02 9.96e+02  -1.0 1.14e+02    -  2.53e-03 1.99e-03f  1
iter    objective    inf_pr   inf_du lg(mu)  ||d||  lg(rg) alpha_du alpha_pr  ls
 290  8.1271244e+01 2.02e-02 6.45e+02  -1.0 2.05e+00    -  1.86e-02 1.66e-02F  1
 291  8.1332636e+01 1.52e-02 7.19e+03  -1.0 1.84e-01   2.0 6.69e-01 2.50e-01f  1
 292  8.1329523e+01 1.89e-03 9.00e+03  -1.0 2.62e-02   3.3 6.00e-01 1.00e+00h  1
 293  8.1334431e+01 1.17e-04 1.58e+03  -1.0 5.89e-03   3.8 1.00e+00 1.00e+00f  1
 294  8.1355825e+01 1.14e-05 3.58e+02  -1.0 3.07e-03   3.3 1.00e+00 1.00e+00f  1
 295  8.1363953e+01 3.53e-06 3.37e+01  -1.0 1.22e-03   3.7 1.00e+00 1.00e+00f  1
 296  8.1360986e+01 5.30e-05 2.67e+02  -1.7 3.56e-03   3.2 1.00e+00 1.00e+00f  1
 297  8.1359537e+01 4.03e-06 2.71e+02  -1.7 1.81e-03   3.7 1.00e+00 1.00e+00h  1
 298  8.1355702e+01 2.17e-06 6.68e+01  -1.7 7.28e-04   3.2 1.00e+00 1.00e+00f  1
 299  8.1344131e+01 5.52e-05 2.38e+01  -1.7 2.42e-03   2.7 1.00e+00 1.00e+00f  1
iter    objective    inf_pr   inf_du lg(mu)  ||d||  lg(rg) alpha_du alpha_pr  ls
 300  8.1307090e+01 3.44e-03 1.35e+03  -1.7 1.80e-02   2.2 1.00e+00 1.00e+00f  1
 301  8.1192445e+01 1.30e-03 1.90e+02  -1.7 2.03e-02   1.7 1.00e+00 1.00e+00f  1
 302  8.1144656e+01 4.96e-04 2.59e+02  -1.7 1.08e-02   2.2 1.00e+00 1.00e+00f  1
 303  8.1128614e+01 3.17e-04 3.63e+02  -1.7 5.03e-03   2.6 1.00e+00 1.00e+00f  1
 304  8.1077668e+01 3.33e-04 1.58e+01  -1.7 5.17e-03   2.1 1.00e+00 1.00e+00f  1
 305  8.1059094e+01 3.79e-05 7.33e+01  -1.7 5.54e-03   2.5 1.00e+00 1.00e+00f  1
 306  8.1052053e+01 3.71e-06 3.77e+00  -1.7 1.54e-03   3.0 1.00e+00 1.00e+00f  1
 307  8.1030996e+01 3.91e-05 2.32e+01  -1.7 2.54e-03   2.5 1.00e+00 1.00e+00f  1
 308  8.1023311e+01 5.69e-06 1.07e+01  -1.7 1.32e-03   2.9 1.00e+00 1.00e+00f  1
 309  8.1000477e+01 7.38e-05 6.33e+00  -1.7 3.08e-03   2.4 1.00e+00 1.00e+00f  1
iter    objective    inf_pr   inf_du lg(mu)  ||d||  lg(rg) alpha_du alpha_pr  ls
 310  8.0929517e+01 3.39e-04 6.33e+01  -1.7 8.85e-03   2.0 1.00e+00 1.00e+00f  1
 311  8.0818751e+01 5.55e-03 1.41e+04  -1.7 1.45e-01   1.5 3.80e-01 4.84e-01f  1
 312  8.0737964e+01 1.85e-03 3.79e+02  -1.7 3.24e-02   1.9 1.00e+00 1.00e+00f  1
 313  8.0709009e+01 2.31e-03 5.65e+02  -1.7 1.21e-02   2.3 1.00e+00 1.00e+00f  1
 314  8.0621051e+01 1.05e-03 5.43e+02  -1.7 2.26e-02   1.9 1.00e+00 1.00e+00f  1
 315  8.0584430e+01 7.35e-04 6.90e+02  -1.7 1.97e-02   2.3 1.00e+00 1.00e+00f  1
 316  8.0576265e+01 6.39e-04 2.64e+03  -1.7 1.87e-02   2.7 7.01e-01 1.00e+00f  1
 317  8.0539032e+01 9.61e-05 2.75e+02  -1.7 1.48e-02   2.2 1.00e+00 1.00e+00f  1
 318  8.0430408e+01 1.36e-03 1.94e+02  -1.7 1.43e-02   1.8 1.00e+00 1.00e+00f  1
 319  8.0387058e+01 1.48e-04 5.46e+00  -1.7 4.62e-03   2.2 1.00e+00 1.00e+00f  1
iter    objective    inf_pr   inf_du lg(mu)  ||d||  lg(rg) alpha_du alpha_pr  ls
 320  8.0371334e+01 7.43e-06 2.25e+00  -1.7 1.54e-03   2.6 1.00e+00 1.00e+00f  1
 321  8.0365560e+01 1.02e-06 6.90e-01  -1.7 5.78e-04   3.0 1.00e+00 1.00e+00f  1
 322  8.0326884e+01 1.30e-05 7.86e+00  -2.5 3.42e-04   2.6 1.00e+00 1.00e+00f  1
 323  8.0211701e+01 1.14e-04 5.03e-01  -2.5 1.01e-03   2.1 1.00e+00 1.00e+00f  1
 324  7.9874158e+01 9.24e-04 4.47e-01  -2.5 2.90e-03   1.6 1.00e+00 1.00e+00f  1
 325  7.8927353e+01 6.30e-03 7.26e-01  -2.5 7.63e-03   1.1 1.00e+00 1.00e+00f  1
 326  7.6543095e+01 2.90e-02 1.98e+00  -2.5 1.69e-02   0.7 1.00e+00 1.00e+00f  1
 327  7.1705332e+01 7.14e-02 1.81e+01  -2.5 4.96e-02   0.2 1.00e+00 1.00e+00f  1
 328  7.1543943e+01 3.65e-03 1.71e+02  -2.5 1.24e-02   1.5 1.00e+00 1.00e+00h  1
 329  7.0942916e+01 1.01e-03 1.60e+01  -2.5 2.36e-02   1.0 1.00e+00 1.00e+00f  1
iter    objective    inf_pr   inf_du lg(mu)  ||d||  lg(rg) alpha_du alpha_pr  ls
 330  6.9376728e+01 5.62e-03 7.73e+00  -2.5 1.76e-02   0.6 1.00e+00 1.00e+00f  1
 331  6.8999964e+01 5.30e-03 1.39e+03  -2.5 4.84e-01   0.1 1.41e-01 1.07e-01f  1
 332  6.7542513e+01 4.25e-03 9.65e+00  -2.5 2.21e-02   0.5 1.00e+00 1.00e+00f  1
 333  6.7486110e+01 1.35e-03 5.31e+02  -2.5 2.42e-02   1.8 6.35e-01 1.00e+00h  1
 334  6.7291790e+01 8.36e-05 7.59e+01  -2.5 2.11e-02   1.4 1.00e+00 1.00e+00h  1
 335  6.6741496e+01 5.51e-04 6.73e+00  -2.5 6.48e-03   0.9 1.00e+00 1.00e+00f  1
 336  6.5324455e+01 3.46e-03 2.33e+00  -2.5 2.46e-02   0.4 1.00e+00 1.00e+00f  1
 337  6.4835560e+01 4.41e-04 2.71e+01  -2.5 1.59e-02   0.8 1.00e+00 1.00e+00h  1
 338  6.4812601e+01 9.76e-05 1.63e+02  -2.5 8.42e-03   2.2 1.00e+00 1.00e+00h  1
 339  6.4746509e+01 1.81e-04 1.59e+01  -2.5 5.76e-03   1.7 1.00e+00 1.00e+00h  1
iter    objective    inf_pr   inf_du lg(mu)  ||d||  lg(rg) alpha_du alpha_pr  ls
 340  6.4720803e+01 2.11e-05 1.61e+01  -2.5 2.95e-03   2.1 1.00e+00 1.00e+00h  1
 341  6.4696371e+01 8.30e-03 3.57e+03  -2.5 9.85e-02   1.6 2.66e-01 4.45e-01f  1
 342  6.4473746e+01 3.03e-02 4.43e+03  -2.5 5.97e-02   1.1 4.72e-01 1.00e+00f  1
 343  6.3847405e+01 9.49e-03 7.04e+01  -2.5 4.37e-02   0.7 1.00e+00 1.00e+00h  1
 344  6.3751144e+01 5.49e-03 1.82e+03  -2.5 6.15e-02   1.1 6.62e-01 4.41e-01h  1
 345  6.3664745e+01 4.36e-04 6.28e+01  -2.5 1.13e-02   1.5 1.00e+00 1.00e+00h  1
 346  6.3632099e+01 3.76e-04 3.92e+02  -2.5 8.83e-03   1.9 8.03e-01 1.00e+00h  1
 347  6.3540507e+01 2.61e-05 2.98e+01  -2.5 1.12e-02   1.5 1.00e+00 1.00e+00h  1
 348  6.3274187e+01 5.93e-04 8.94e+01  -2.5 2.35e-02   1.0 1.00e+00 1.00e+00f  1
 349  6.3173563e+01 2.36e-04 3.96e+01  -2.5 8.47e-03   1.4 1.00e+00 1.00e+00h  1
iter    objective    inf_pr   inf_du lg(mu)  ||d||  lg(rg) alpha_du alpha_pr  ls
 350  6.3136821e+01 5.96e-06 9.70e+01  -2.5 1.18e-02   1.8 6.28e-01 1.00e+00h  1
 351  6.3027729e+01 2.12e-05 2.21e+01  -2.5 4.40e-03   1.4 1.00e+00 1.00e+00f  1
 352  6.2987821e+01 2.85e-05 1.20e+01  -2.5 3.09e-03   1.8 1.00e+00 1.00e+00h  1
 353  6.2868879e+01 7.46e-05 6.09e+00  -2.5 6.51e-03   1.3 1.00e+00 1.00e+00f  1
 354  6.2829778e+01 1.64e-03 1.10e+02  -2.5 1.09e-02   1.7 1.00e+00 1.00e+00h  1
 355  6.2695763e+01 2.99e-04 8.44e+00  -2.5 9.32e-03   1.3 1.00e+00 1.00e+00h  1
 356  6.2315642e+01 2.69e-04 6.96e+00  -2.5 1.43e-02   0.8 1.00e+00 1.00e+00f  1
 357  6.2176564e+01 3.77e-05 6.87e-01  -2.5 5.84e-03   1.2 1.00e+00 1.00e+00h  1
 358  6.1780392e+01 3.00e-04 1.59e+00  -2.5 1.38e-02   0.7 1.00e+00 1.00e+00f  1
 359  6.1636119e+01 2.12e-04 7.05e+00  -2.5 5.68e-03   1.2 1.00e+00 1.00e+00h  1
iter    objective    inf_pr   inf_du lg(mu)  ||d||  lg(rg) alpha_du alpha_pr  ls
 360  6.1582034e+01 1.39e-05 1.07e+01  -2.5 5.96e-03   1.6 1.00e+00 1.00e+00h  1
 361  6.1424147e+01 4.71e-05 8.27e+00  -2.5 5.41e-03   1.1 1.00e+00 1.00e+00f  1
 362  6.0983036e+01 3.19e-03 5.36e+01  -2.5 2.99e-02   0.6 1.00e+00 1.00e+00f  1
 363  6.0959477e+01 6.24e-04 1.02e+02  -2.5 8.93e-03   2.0 1.00e+00 1.00e+00h  1
 364  6.0899754e+01 2.85e-04 7.05e+00  -2.5 1.00e-02   1.5 1.00e+00 1.00e+00h  1
 365  6.0719313e+01 6.19e-05 5.67e+00  -2.5 1.42e-02   1.0 1.00e+00 1.00e+00f  1
 366  6.0229721e+01 7.92e-02 4.86e+03  -2.5 5.15e-02   0.5 4.35e-01 1.00e+00f  1
 367  6.0199488e+01 2.09e-02 7.55e+02  -2.5 3.02e-02   1.9 1.00e+00 1.00e+00h  1
 368  6.0127684e+01 2.80e-03 2.54e+02  -2.5 2.91e-02   1.4 1.00e+00 1.00e+00h  1
 369  5.9926526e+01 2.04e-04 1.04e+01  -2.5 1.05e-02   0.9 1.00e+00 1.00e+00h  1
iter    objective    inf_pr   inf_du lg(mu)  ||d||  lg(rg) alpha_du alpha_pr  ls
 370  5.9372967e+01 6.26e-04 1.12e+01  -2.5 2.97e-02   0.4 1.00e+00 1.00e+00f  1
 371  5.9348468e+01 4.96e-04 1.42e+02  -2.5 1.20e-02   1.8 1.00e+00 1.00e+00h  1
 372  5.9272313e+01 1.19e-05 1.01e+01  -2.5 1.09e-02   1.3 1.00e+00 1.00e+00h  1
 373  5.9052950e+01 1.03e-04 8.79e+00  -2.5 9.57e-03   0.8 1.00e+00 1.00e+00f  1
 374  5.8977245e+01 6.21e-03 8.62e+01  -2.5 2.30e-02   1.2 1.00e+00 1.00e+00h  1
 375  5.8738547e+01 2.43e-03 4.00e+01  -2.5 1.53e-02   0.8 1.00e+00 1.00e+00h  1
 376  5.8650293e+01 9.69e-04 2.80e+01  -2.5 9.81e-03   1.2 1.00e+00 1.00e+00h  1
 377  5.8620030e+01 2.13e-04 9.26e+01  -2.5 2.12e-02   1.6 1.00e+00 1.00e+00h  1
 378  5.8526467e+01 1.13e-04 6.07e+00  -2.5 6.36e-03   1.1 1.00e+00 1.00e+00f  1
 379  5.8522495e+01 5.13e-06 1.57e+01  -2.5 3.66e-03   2.5 1.00e+00 1.00e+00h  1
iter    objective    inf_pr   inf_du lg(mu)  ||d||  lg(rg) alpha_du alpha_pr  ls
 380  5.8509556e+01 3.35e-06 1.03e+01  -2.5 8.95e-04   2.0 1.00e+00 1.00e+00h  1
 381  5.8475458e+01 1.64e-03 9.88e+01  -2.5 2.00e-02   1.5 1.00e+00 1.00e+00f  1
 382  5.8357755e+01 2.79e-04 5.59e+00  -2.5 1.40e-02   1.0 1.00e+00 1.00e+00h  1
 383  5.8314388e+01 2.97e-05 2.81e-01  -2.5 4.90e-03   1.5 1.00e+00 1.00e+00h  1
 384  5.8298585e+01 1.02e-05 2.32e+00  -2.5 1.49e-03   1.9 1.00e+00 1.00e+00h  1
 385  5.8251369e+01 5.41e-05 1.16e+00  -2.5 4.10e-03   1.4 1.00e+00 1.00e+00f  1
 386  5.8113473e+01 3.74e-04 1.03e+01  -2.5 1.06e-02   0.9 1.00e+00 1.00e+00f  1
 387  5.8106460e+01 5.62e-05 8.03e+01  -2.5 6.18e-03   2.3 1.00e+00 1.00e+00h  1
 388  5.8087292e+01 1.26e-05 6.83e+00  -2.5 1.74e-03   1.8 1.00e+00 1.00e+00h  1
 389  5.8033841e+01 1.56e-03 4.80e+01  -2.5 1.24e-02   1.3 1.00e+00 1.00e+00f  1
iter    objective    inf_pr   inf_du lg(mu)  ||d||  lg(rg) alpha_du alpha_pr  ls
 390  5.7866761e+01 2.83e-03 4.67e+01  -2.5 2.41e-02   0.8 1.00e+00 1.00e+00h  1
 391  5.7799483e+01 8.71e-04 3.19e+01  -2.5 9.85e-03   1.2 1.00e+00 1.00e+00h  1
 392  5.7776449e+01 1.99e-05 1.49e+01  -2.5 2.28e-02   1.7 1.00e+00 1.00e+00h  1
 393  5.7768001e+01 8.13e-06 5.49e+00  -2.5 1.30e-03   2.1 1.00e+00 1.00e+00h  1
 394  5.7743977e+01 2.61e-04 9.45e+00  -2.5 7.35e-03   1.6 1.00e+00 1.00e+00f  1
 395  5.7666800e+01 2.06e-04 8.35e+00  -2.5 1.06e-02   1.1 1.00e+00 1.00e+00h  1
 396  5.7442385e+01 2.24e-04 6.69e+00  -2.5 1.50e-02   0.7 1.00e+00 1.00e+00f  1
 397  5.7359912e+01 5.34e-05 1.47e+00  -2.5 7.70e-03   1.1 1.00e+00 1.00e+00h  1
 398  5.7329807e+01 8.05e-05 4.53e+00  -2.5 2.98e-03   1.5 1.00e+00 1.00e+00h  1
 399  5.7240552e+01 3.34e-04 1.56e+01  -2.5 9.61e-03   1.0 1.00e+00 1.00e+00f  1
iter    objective    inf_pr   inf_du lg(mu)  ||d||  lg(rg) alpha_du alpha_pr  ls
 400  5.7206521e+01 2.02e-05 5.45e-01  -2.5 3.81e-03   1.5 1.00e+00 1.00e+00h  1
 401  5.7194008e+01 3.14e-06 1.44e-01  -2.5 9.78e-04   1.9 1.00e+00 1.00e+00h  1
 402  5.7157516e+01 2.25e-04 2.11e+01  -2.5 7.49e-03   1.4 1.00e+00 1.00e+00f  1
 403  5.7142789e+01 6.30e-05 3.60e+01  -2.5 3.86e-03   1.8 1.00e+00 1.00e+00h  1
 404  5.7101358e+01 2.75e-05 1.18e+01  -2.5 3.05e-03   1.4 1.00e+00 1.00e+00h  1
 405  5.6984002e+01 4.60e-03 1.01e+02  -2.5 2.59e-02   0.9 1.00e+00 1.00e+00f  1
 406  5.6935554e+01 9.68e-04 6.76e+00  -2.5 9.49e-03   1.3 1.00e+00 1.00e+00h  1
 407  5.6917936e+01 6.67e-05 1.51e+00  -2.5 2.56e-03   1.7 1.00e+00 1.00e+00h  1
 408  5.6867877e+01 1.92e-04 5.38e-01  -2.5 4.21e-03   1.3 1.00e+00 1.00e+00f  1
 409  5.6721301e+01 1.90e-04 8.91e+00  -2.5 1.49e-02   0.8 1.00e+00 1.00e+00f  1
iter    objective    inf_pr   inf_du lg(mu)  ||d||  lg(rg) alpha_du alpha_pr  ls
 410  5.6314562e+01 3.98e-04 2.81e+00  -2.5 2.54e-02   0.3 1.00e+00 1.00e+00f  1
 411  5.6167027e+01 6.09e-05 4.94e-01  -2.5 9.64e-03   0.7 1.00e+00 1.00e+00h  1
 412  5.6112923e+01 8.76e-06 2.73e-01  -2.5 3.51e-03   1.2 1.00e+00 1.00e+00h  1
 413  5.6092842e+01 2.89e-06 8.09e-02  -2.5 1.31e-03   1.6 1.00e+00 1.00e+00h  1
 414  5.6033918e+01 1.02e-04 4.12e+00  -2.5 5.37e-03   1.1 1.00e+00 1.00e+00f  1
 415  5.6013872e+01 2.00e-04 2.08e+01  -2.5 5.02e-03   1.5 1.00e+00 1.00e+00h  1
 416  5.6004676e+01 3.91e-05 3.01e+01  -2.5 3.63e-03   2.0 1.00e+00 1.00e+00h  1
 417  5.5980219e+01 1.17e-05 9.72e+00  -2.5 2.04e-03   1.5 1.00e+00 1.00e+00h  1
 418  5.5909922e+01 7.60e-04 1.97e+01  -2.5 1.23e-02   1.0 1.00e+00 1.00e+00f  1
 419  5.5698217e+01 1.54e-04 7.63e-01  -2.5 2.27e-02   0.5 1.00e+00 1.00e+00f  1
iter    objective    inf_pr   inf_du lg(mu)  ||d||  lg(rg) alpha_du alpha_pr  ls
 420  5.5144426e+01 5.84e-03 3.25e+00  -2.5 3.53e-02   0.1 1.00e+00 1.00e+00f  1
 421  5.5114787e+01 1.72e-03 3.21e+01  -2.5 8.17e-03   1.4 1.00e+00 1.00e+00h  1
 422  5.5041297e+01 8.54e-04 2.07e+00  -2.5 1.30e-02   0.9 1.00e+00 1.00e+00h  1
 423  5.5012492e+01 1.71e-04 1.05e+01  -2.5 4.87e-03   1.3 1.00e+00 1.00e+00h  1
 424  5.5002135e+01 1.03e-05 7.28e-01  -2.5 2.48e-03   1.8 1.00e+00 1.00e+00h  1
 425  5.4998409e+01 4.61e-06 6.59e-01  -2.5 7.06e-04   2.2 1.00e+00 1.00e+00h  1
 426  5.4988014e+01 2.51e-04 1.35e+01  -2.5 5.20e-03   1.7 1.00e+00 1.00e+00h  1
 427  5.4953567e+01 1.26e-05 9.40e+00  -2.5 1.20e-02   1.2 1.00e+00 1.00e+00h  1
 428  5.4852304e+01 1.00e-04 1.10e+01  -2.5 1.07e-02   0.8 1.00e+00 1.00e+00f  1
 429  5.4814568e+01 1.97e-05 9.87e-01  -2.5 6.82e-03   1.2 1.00e+00 1.00e+00h  1
iter    objective    inf_pr   inf_du lg(mu)  ||d||  lg(rg) alpha_du alpha_pr  ls
 430  5.4741639e+01 1.08e-03 1.05e+03  -2.5 5.21e-02   0.7 1.00e+00 6.85e-01f  1
 431  5.4430495e+01 1.47e-03 1.98e+01  -2.5 3.58e-02   0.2 1.00e+00 1.00e+00f  1
 432  5.4428065e+01 6.99e-04 9.97e+02  -2.5 1.67e-02   2.5 6.41e-01 1.00e+00h  1
 433  5.4423262e+01 2.98e-05 1.42e+02  -2.5 1.44e-02   2.0 1.00e+00 1.00e+00h  1
 434  5.4407716e+01 5.43e-06 7.35e+00  -2.5 1.88e-03   1.5 1.00e+00 1.00e+00h  1
 435  5.4402199e+01 1.15e-05 3.34e-01  -2.5 1.51e-03   1.9 1.00e+00 1.00e+00h  1
 436  5.4415105e+01 8.13e-01 8.28e+03  -2.5 1.14e-01   1.5 2.97e-01 1.00e+00f  1
 437  5.4335950e+01 2.49e-02 4.45e+02  -2.5 7.11e-02   1.0 8.65e-01 1.00e+00h  1
 438  5.4309161e+01 4.34e-03 2.86e+02  -2.5 3.80e-02   1.4 8.13e-01 1.00e+00h  1
 439  5.4250307e+01 2.45e-03 3.38e+01  -2.5 1.32e-02   0.9 1.00e+00 1.00e+00h  1
iter    objective    inf_pr   inf_du lg(mu)  ||d||  lg(rg) alpha_du alpha_pr  ls
 440  5.4230011e+01 4.43e-03 3.59e+01  -2.5 1.79e-02   1.3 1.00e+00 1.00e+00h  1
 441  5.4167056e+01 1.92e-03 2.14e+01  -2.5 1.17e-02   0.9 1.00e+00 1.00e+00h  1
 442  5.3991752e+01 3.78e-04 1.60e+01  -2.5 4.58e-02   0.4 9.56e-01 1.00e+00h  1
 443  5.3927834e+01 4.58e-05 4.63e+00  -2.5 7.10e-03   0.8 1.00e+00 1.00e+00h  1
 444  5.3906749e+01 8.53e-04 5.61e+01  -2.5 1.29e-02   1.2 1.00e+00 1.00e+00h  1
 445  5.3900535e+01 9.29e-04 3.43e+03  -2.5 2.19e-01   0.8 1.00e+00 6.66e-02h  2
 446  5.3895179e+01 1.05e-03 6.15e+03  -2.5 6.04e-02   1.2 1.00e+00 1.21e-01h  2
 447  5.3902966e+01 4.96e-03 9.53e+03  -2.5 2.40e-02   2.5 2.78e-01 1.00e+00h  1
 448  5.3895903e+01 8.56e-04 1.37e+03  -2.5 4.06e-02   2.0 5.62e-01 1.00e+00h  1
 449  5.3884258e+01 1.23e-05 1.17e+02  -2.5 1.28e-02   1.6 1.00e+00 1.00e+00h  1
iter    objective    inf_pr   inf_du lg(mu)  ||d||  lg(rg) alpha_du alpha_pr  ls
 450  5.3850453e+01 1.33e-05 5.52e+00  -2.5 4.63e-03   1.1 1.00e+00 1.00e+00f  1
 451  5.3752551e+01 1.48e-04 6.54e-01  -2.5 1.40e-02   0.6 1.00e+00 1.00e+00f  1
 452  5.3716181e+01 4.18e-05 4.59e-01  -2.5 4.96e-03   1.0 1.00e+00 1.00e+00h  1
 453  5.3702697e+01 5.21e-06 8.85e-02  -2.5 1.81e-03   1.5 1.00e+00 1.00e+00h  1
 454  5.3663203e+01 4.13e-05 3.75e+00  -2.5 6.10e-03   1.0 1.00e+00 1.00e+00f  1
 455  5.3664540e+01 1.16e-02 1.53e+03  -2.5 6.34e-02   1.4 5.22e-01 7.54e-01h  1
 456  5.3610102e+01 3.65e-03 2.03e+02  -2.5 2.76e-02   0.9 1.00e+00 1.00e+00h  1
 457  5.3479898e+01 8.70e-04 4.49e+01  -2.5 1.51e-02   0.5 1.00e+00 1.00e+00h  1
 458  5.3143865e+01 1.45e-03 4.22e+01  -2.5 4.55e-02  -0.0 1.00e+00 1.00e+00f  1
 459  5.3128235e+01 1.45e-03 9.87e+01  -2.5 1.29e-02   1.3 1.00e+00 1.00e+00h  1
iter    objective    inf_pr   inf_du lg(mu)  ||d||  lg(rg) alpha_du alpha_pr  ls
 460  5.3110949e+01 9.89e-04 1.31e+03  -2.5 2.61e-02   0.8 1.00e+00 3.32e-01h  1
 461  5.3076010e+01 9.35e-03 3.36e+03  -2.5 1.44e+00   0.4 1.18e-01 9.48e-02h  1
 462  5.3007470e+01 4.09e-03 7.33e+02  -2.5 4.87e-02   0.8 1.00e+00 1.00e+00h  1
 463  5.3006552e+01 4.19e-03 7.45e+02  -2.5 4.82e-01   3.0 1.57e-02 9.30e-03h  4
 464  5.3021243e+01 1.40e-02 1.85e+03  -2.5 4.30e-02   2.5 7.02e-01 1.00e+00h  1
 465  5.3009860e+01 5.84e-03 1.56e+03  -2.5 3.11e-02   2.1 1.00e+00 1.00e+00h  1
 466  5.2997265e+01 4.02e-03 1.44e+02  -2.5 2.26e-02   1.6 1.00e+00 1.00e+00h  1
 467  5.2982100e+01 3.11e-03 3.29e+02  -2.5 2.07e-02   1.1 1.00e+00 1.00e+00h  1
 468  5.2968011e+01 4.36e-03 9.57e+02  -2.5 2.54e-02   1.5 1.00e+00 8.38e-01h  1
 469  5.2941979e+01 2.95e-03 1.32e+03  -2.5 3.76e-02   1.1 1.00e+00 1.00e+00h  1
iter    objective    inf_pr   inf_du lg(mu)  ||d||  lg(rg) alpha_du alpha_pr  ls
 470  5.2921527e+01 5.17e-03 1.24e+03  -2.5 1.19e+00   0.6 2.72e-01 5.00e-02h  2
 471  5.2919133e+01 5.13e-03 8.80e+03  -2.5 1.71e-01   1.9 1.00e+00 2.79e-02h  3
 472  5.2918789e+01 5.11e-03 5.57e+04  -2.5 2.10e-01   3.2 9.08e-01 5.25e-03h  6
 473  5.2920968e+01 5.07e-03 7.99e+04  -2.5 3.31e-01   3.7 1.96e-02 3.52e-02h  4
 474  5.2926647e+01 2.33e-04 5.77e+04  -2.5 1.13e-01   3.2 5.70e-03 1.00e+00f  1
 475  5.2926240e+01 4.27e-08 5.21e+01  -2.5 1.26e-03   2.7 1.00e+00 1.00e+00h  1
 476  5.2924957e+01 5.45e-07 4.42e+00  -2.5 4.96e-04   2.2 1.00e+00 1.00e+00f  1
 477  5.2921202e+01 1.43e-05 7.09e-01  -2.5 1.44e-03   1.8 1.00e+00 1.00e+00h  1
 478  5.2911502e+01 1.13e-03 3.36e+00  -2.5 1.09e-02   1.3 1.00e+00 1.00e+00h  1
 479  5.2871338e+01 1.35e-04 1.06e+01  -2.5 1.09e-02   0.8 1.00e+00 1.00e+00h  1
iter    objective    inf_pr   inf_du lg(mu)  ||d||  lg(rg) alpha_du alpha_pr  ls
 480  5.2857021e+01 3.36e-05 3.27e+00  -2.5 5.35e-03   1.2 1.00e+00 1.00e+00h  1
 481  5.2852724e+01 2.33e-04 1.86e+01  -2.5 5.27e-03   1.7 1.00e+00 1.00e+00h  1
 482  5.2850134e+01 5.59e-05 4.28e+01  -2.5 3.05e-03   2.1 1.00e+00 1.00e+00h  1
 483  5.2844294e+01 9.69e-06 8.27e+00  -2.5 2.95e-03   1.6 1.00e+00 1.00e+00h  1
 484  5.2827776e+01 2.73e-04 1.48e+01  -2.5 9.85e-03   1.1 1.00e+00 1.00e+00f  1
 485  5.2819848e+01 4.75e-05 2.33e+01  -2.5 5.73e-03   1.6 1.00e+00 1.00e+00h  1
 486  5.2799302e+01 3.41e-05 1.00e+01  -2.5 7.90e-03   1.1 1.00e+00 1.00e+00h  1
 487  5.2751865e+01 3.80e-02 2.61e+03  -2.5 8.74e-02   0.6 5.22e-01 1.00e+00f  1
 488  5.2714885e+01 1.12e-02 4.93e+01  -2.5 4.04e-02   1.0 1.00e+00 1.00e+00h  1
 489  5.2641223e+01 6.94e-04 2.16e+01  -2.5 2.61e-02   0.5 1.00e+00 1.00e+00h  1
iter    objective    inf_pr   inf_du lg(mu)  ||d||  lg(rg) alpha_du alpha_pr  ls
 490  5.2637362e+01 1.54e-05 6.45e+00  -2.5 1.61e-03   1.9 1.00e+00 1.00e+00h  1
 491  5.2627506e+01 1.65e-05 5.06e+00  -2.5 2.44e-03   1.4 1.00e+00 1.00e+00h  1
 492  5.2619567e+01 1.53e+00 6.36e+03  -2.5 4.20e-01   0.9 9.79e-02 3.38e-01f  1
 493  5.2609446e+01 5.03e-02 1.64e+03  -2.5 9.43e-02   1.3 1.00e+00 1.00e+00h  1
 494  5.2575313e+01 3.13e-03 5.13e+02  -2.5 6.97e-02   0.9 6.06e-01 1.00e+00h  1
 495  5.2481050e+01 1.02e-04 1.55e+01  -2.5 1.96e-02   0.4 1.00e+00 1.00e+00h  1
 496  5.2319766e+01 3.86e-04 9.88e+02  -2.5 6.03e-02  -0.1 1.00e+00 6.29e-01f  1
 497  5.2223700e+01 4.98e-04 4.49e+01  -2.5 1.76e-02   0.3 1.00e+00 1.00e+00f  1
 498  5.2155926e+01 4.62e-04 2.21e+03  -2.5 9.84e-02  -0.1 1.00e+00 2.58e-01h  1
 499  5.2155322e+01 4.79e-04 1.75e+03  -2.5 3.61e-01   1.2 3.12e-01 6.86e-03h  2
iter    objective    inf_pr   inf_du lg(mu)  ||d||  lg(rg) alpha_du alpha_pr  ls
 500  5.2164172e+01 4.45e-01 3.39e+04  -2.5 1.10e-01   2.5 4.06e-01 1.00e+00h  1
 501  5.2162928e+01 2.95e-01 3.03e+04  -2.5 6.89e-02   2.0 6.33e-01 1.06e-01h  1
 502  5.2144911e+01 1.74e-02 9.18e+03  -2.5 9.28e-02   1.6 5.42e-03 1.00e+00f  1
 503  5.2125206e+01 3.39e-03 4.27e+03  -2.5 3.98e-02   1.1 1.96e-01 1.00e+00h  1
 504  5.2081201e+01 1.35e-04 8.48e+00  -2.5 6.53e-02   0.6 1.00e+00 1.00e+00h  1
 505  5.1952569e+01 2.32e-04 3.42e+00  -2.5 2.88e-02   0.1 9.92e-01 1.00e+00f  1
 506  5.1624197e+01 1.75e-03 4.11e+00  -2.5 9.00e-02  -0.3 1.00e+00 1.00e+00f  1
 507  5.1508073e+01 1.42e-03 3.41e+00  -2.5 2.45e-02   0.1 1.00e+00 1.00e+00h  1
 508  5.1227880e+01 1.77e-03 1.65e+00  -2.5 5.86e-02  -0.4 1.00e+00 1.00e+00f  1
 509  5.1213713e+01 4.48e-05 1.12e+00  -2.5 2.82e-03   0.9 1.00e+00 1.00e+00h  1
iter    objective    inf_pr   inf_du lg(mu)  ||d||  lg(rg) alpha_du alpha_pr  ls
 510  5.1209450e+01 2.86e-05 7.63e-01  -2.5 1.92e-03   1.4 1.00e+00 1.00e+00h  1
 511  5.1208064e+01 1.40e-05 1.95e+00  -2.5 1.32e-03   1.8 1.00e+00 1.00e+00h  1
 512  5.1204043e+01 1.65e-04 1.02e+00  -2.5 4.54e-03   1.3 1.00e+00 1.00e+00h  1
 513  5.1188927e+01 9.57e-05 7.34e+00  -2.5 1.45e-02   0.8 1.00e+00 1.00e+00h  1
 514  5.1142418e+01 8.57e-05 3.99e+00  -2.5 1.82e-02   0.4 1.00e+00 1.00e+00h  1
 515  5.1015539e+01 4.43e-04 1.10e+00  -2.5 4.51e-02  -0.1 1.00e+00 1.00e+00f  1
 516  5.0969201e+01 6.25e-05 1.51e-01  -2.5 1.69e-02   0.3 1.00e+00 1.00e+00h  1
 517  5.0952327e+01 8.58e-06 6.00e-02  -2.5 5.95e-03   0.7 1.00e+00 1.00e+00h  1
 518  5.0903901e+01 1.70e-04 3.67e+00  -2.5 1.69e-02   0.3 1.00e+00 1.00e+00f  1
 519  5.0901819e+01 1.04e-04 1.42e+01  -2.5 3.34e-03   1.6 1.00e+00 1.00e+00h  1
iter    objective    inf_pr   inf_du lg(mu)  ||d||  lg(rg) alpha_du alpha_pr  ls
 520  5.0895204e+01 3.32e-05 2.90e+00  -2.5 4.78e-03   1.1 1.00e+00 1.00e+00h  1
 521  5.0875657e+01 3.03e-04 8.17e-01  -2.5 1.18e-02   0.6 1.00e+00 1.00e+00h  1
 522  5.0868220e+01 1.97e-06 2.53e-01  -2.5 6.16e-03   1.1 1.00e+00 1.00e+00h  1
 523  5.0846924e+01 2.90e-04 1.80e+01  -2.5 2.04e-02   0.6 1.00e+00 1.00e+00f  1
 524  5.0845357e+01 7.83e-05 9.43e+01  -2.5 1.07e-02   1.9 1.00e+00 1.00e+00h  1
 525  5.0842392e+01 1.79e-06 1.25e+01  -2.5 2.58e-03   1.4 1.00e+00 1.00e+00h  1
 526  5.0834573e+01 6.27e-04 3.98e+01  -2.5 8.66e-03   1.0 1.00e+00 1.00e+00h  1
 527  5.0807836e+01 4.26e-05 1.11e+01  -2.5 3.14e-02   0.5 9.13e-01 1.00e+00h  1
 528  5.0731879e+01 2.71e-04 1.60e+01  -2.5 3.36e-02   0.0 1.00e+00 1.00e+00f  1
 529  5.0541743e+01 3.28e-03 8.11e+01  -2.5 7.72e-02  -0.5 8.34e-01 1.00e+00f  1
iter    objective    inf_pr   inf_du lg(mu)  ||d||  lg(rg) alpha_du alpha_pr  ls
 530  5.0477239e+01 2.75e-04 5.64e-01  -2.5 3.60e-02  -0.0 1.00e+00 1.00e+00h  1
 531  5.0453984e+01 2.78e-05 1.53e-01  -2.5 1.21e-02   0.4 1.00e+00 1.00e+00h  1
 532  5.0445315e+01 3.82e-06 6.11e-02  -2.5 4.48e-03   0.8 1.00e+00 1.00e+00h  1
 533  5.0420406e+01 2.20e-04 5.89e+00  -2.5 1.83e-02   0.3 1.00e+00 1.00e+00f  1
 534  5.0420220e+01 6.23e-05 3.18e+01  -2.5 8.79e-03   1.7 1.00e+00 1.00e+00h  1
 535  5.0416767e+01 4.07e-06 6.51e+00  -2.5 2.95e-03   1.2 1.00e+00 1.00e+00h  1
 536  5.0407901e+01 4.32e-04 4.24e+00  -2.5 1.25e-02   0.7 1.00e+00 1.00e+00h  1
 537  5.0376510e+01 5.32e-05 2.79e-01  -2.5 2.68e-02   0.2 1.00e+00 1.00e+00h  1
 538  5.0292655e+01 4.05e-04 1.52e+00  -2.5 4.60e-02  -0.3 1.00e+00 1.00e+00h  1
 539  5.0100624e+01 2.65e-03 2.48e-01  -2.5 8.66e-02  -0.7 1.00e+00 1.00e+00h  1
iter    objective    inf_pr   inf_du lg(mu)  ||d||  lg(rg) alpha_du alpha_pr  ls
 540  4.9947807e+01 4.17e-03 1.61e+03  -2.5 1.77e-01  -1.2 1.00e+00 4.59e-01h  1
 541  4.9918093e+01 1.68e-02 2.50e+03  -2.5 6.35e-02   0.1 8.61e-01 8.58e-01h  1
 542  4.9865346e+01 3.58e-03 5.74e+02  -2.5 2.35e-01  -0.4 1.00e+00 1.00e+00h  1
 543  4.9838373e+01 6.19e-03 5.86e+02  -2.5 8.46e-02   0.1 7.18e-01 1.00e+00h  1
 544  4.9837716e+01 6.17e-03 4.12e+03  -2.5 5.89e-01   1.4 3.23e-01 3.42e-03h  2
 545  4.9837562e+01 6.13e-03 7.55e+03  -2.5 1.78e-01   2.7 2.16e-01 7.27e-03h  6
 546  4.9852507e+01 3.45e-02 6.31e+04  -2.5 9.17e-02   2.3 3.38e-03 1.00e+00f  1
 547  4.9849067e+01 8.47e-03 2.21e+04  -2.5 5.45e-02   2.7 1.00e+00 1.00e+00h  1
 548  4.9847928e+01 4.15e-04 2.03e+03  -2.5 3.09e-02   2.2 1.00e+00 1.00e+00h  1
 549  4.9847775e+01 2.03e-05 4.36e+01  -2.5 6.93e-03   1.7 1.00e+00 1.00e+00h  1
iter    objective    inf_pr   inf_du lg(mu)  ||d||  lg(rg) alpha_du alpha_pr  ls
 550  4.9846720e+01 1.17e-05 9.29e+00  -2.5 2.17e-03   1.2 1.00e+00 1.00e+00h  1
 551  4.9844097e+01 5.05e-04 9.15e+00  -2.5 1.50e-02   0.8 1.00e+00 1.00e+00h  1
 552  4.9833066e+01 6.61e-05 1.35e+00  -2.5 2.63e-02   0.3 1.00e+00 1.00e+00h  1
 553  4.9801798e+01 4.81e-04 1.78e+00  -2.5 4.87e-02  -0.2 1.00e+00 1.00e+00h  1
 554  4.9724374e+01 9.45e-04 5.98e-01  -2.5 9.54e-02  -0.7 1.00e+00 1.00e+00h  1
 555  4.9697408e+01 2.67e-04 3.40e+00  -2.5 3.70e-02  -0.2 1.00e+00 1.00e+00h  1
 556  4.9696608e+01 1.05e-04 3.64e+00  -2.5 4.15e-03   1.1 1.00e+00 1.00e+00h  1
 557  4.9696775e+01 2.65e-04 2.29e+01  -2.5 6.69e-03   1.5 1.00e+00 1.00e+00h  1
 558  4.9695227e+01 4.41e-07 3.35e-01  -2.5 1.14e-02   1.0 1.00e+00 1.00e+00h  1
 559  4.9690967e+01 1.12e-04 6.85e+00  -2.5 1.37e-02   0.6 1.00e+00 1.00e+00h  1
iter    objective    inf_pr   inf_du lg(mu)  ||d||  lg(rg) alpha_du alpha_pr  ls
 560  4.9677967e+01 2.98e-04 3.48e+00  -2.5 4.10e-02   0.1 1.00e+00 1.00e+00h  1
 561  4.9643240e+01 2.87e-04 2.88e+00  -2.5 6.61e-02  -0.4 1.00e+00 1.00e+00h  1
 562  4.9642088e+01 1.54e-04 5.87e+00  -2.5 5.08e-03   0.9 1.00e+00 1.00e+00h  1
 563  4.9656846e+01 6.57e-01 3.23e+03  -2.5 1.28e-01   1.4 2.89e-01 7.04e-01h  1
 564  4.9642626e+01 2.77e-02 2.30e+02  -2.5 5.80e-02   0.9 1.00e+00 1.00e+00h  1
 565  4.9632770e+01 3.39e-03 3.66e+02  -2.5 3.19e-02   0.4 4.68e-01 1.00e+00h  1
 566  4.9617888e+01 4.73e-05 2.30e-01  -2.5 7.07e-02  -0.1 1.00e+00 1.00e+00h  1
 567  4.9615877e+01 2.17e-04 2.37e+03  -2.5 7.78e-01  -0.5 2.04e-01 4.40e-02h  2
 568  4.9616150e+01 2.02e-04 4.23e+01  -2.5 5.82e-03   1.7 1.00e+00 1.00e+00h  1
 569  4.9615374e+01 3.27e-06 1.82e+00  -2.5 9.27e-03   1.2 1.00e+00 1.00e+00h  1
iter    objective    inf_pr   inf_du lg(mu)  ||d||  lg(rg) alpha_du alpha_pr  ls
 570  4.9613249e+01 9.81e-05 1.05e+01  -2.5 7.67e-03   0.7 1.00e+00 1.00e+00h  1
 571  4.9606142e+01 6.34e-04 1.52e+01  -2.5 4.08e-02   0.3 1.00e+00 1.00e+00h  1
 572  4.9585182e+01 1.88e-04 3.45e+00  -2.5 5.36e-02  -0.2 1.00e+00 1.00e+00h  1
 573  4.9536974e+01 4.77e-04 5.34e-01  -2.5 9.09e-02  -0.7 1.00e+00 1.00e+00h  1
 574  4.9520583e+01 4.91e-05 1.42e-01  -2.5 3.98e-02  -0.3 1.00e+00 1.00e+00h  1
 575  4.9514770e+01 6.57e-06 7.76e-02  -2.5 1.37e-02   0.2 1.00e+00 1.00e+00h  1
 576  4.9512628e+01 9.06e-07 2.34e-02  -2.5 5.05e-03   0.6 1.00e+00 1.00e+00h  1
 577  4.8590006e+01 2.08e-03 1.98e+02  -3.8 2.37e-02   0.1 9.57e-01 1.00e+00f  1
 578  4.8199734e+01 7.60e-04 1.74e+00  -3.8 1.33e-02   0.5 1.00e+00 1.00e+00h  1
 579  4.8051131e+01 4.82e-04 8.30e+00  -3.8 5.94e-03   1.0 1.00e+00 1.00e+00h  1
iter    objective    inf_pr   inf_du lg(mu)  ||d||  lg(rg) alpha_du alpha_pr  ls
 580  4.7990840e+01 4.18e-04 1.17e+02  -3.8 1.49e-02   0.5 1.00e+00 1.46e-01h  1
 581  4.7617029e+01 6.11e-04 4.55e+02  -3.8 4.43e-02   0.0 1.00e+00 3.61e-01f  1
 582  4.7289554e+01 9.45e-04 2.11e+00  -3.8 1.36e-02   0.4 1.00e+00 1.00e+00h  1
 583  4.7257185e+01 6.99e-04 2.56e+03  -3.8 1.18e-02   0.9 1.00e+00 2.63e-01h  1
 584  4.7068056e+01 5.73e-04 1.60e+03  -3.8 4.86e-02   0.4 1.00e+00 5.55e-01f  1
 585  4.6987922e+01 1.19e-03 9.12e+02  -3.8 2.06e-02   0.8 9.55e-01 6.69e-01h  1
 586  4.6949024e+01 3.01e-03 2.83e+03  -3.8 1.71e-01   0.3 7.56e-01 1.07e-01h  1
 587  4.6865142e+01 1.93e-03 2.55e+03  -3.8 2.57e-02   0.8 9.89e-01 6.57e-01h  1
 588  4.6740112e+01 1.42e-03 3.80e+03  -3.8 2.69e-02   0.3 1.00e+00 3.86e-01h  1
 589  4.6693039e+01 1.33e-03 1.60e+03  -3.8 2.27e-02   0.7 1.00e+00 3.99e-01h  1
iter    objective    inf_pr   inf_du lg(mu)  ||d||  lg(rg) alpha_du alpha_pr  ls
 590  4.6632956e+01 2.11e-02 2.56e+04  -3.8 1.05e-01   1.1 3.67e-01 1.00e+00h  1
 591  4.6623812e+01 1.98e-02 2.40e+04  -3.8 6.16e-01   0.6 2.39e-01 6.36e-02h  1
 592  4.6580634e+01 4.35e-03 1.15e+04  -3.8 2.21e-01   1.1 1.00e+00 1.00e+00f  1
 593  4.6530229e+01 3.38e-03 7.88e+03  -3.8 8.53e-01   0.6 8.46e-01 3.28e-01h  1
 594  4.6501439e+01 2.11e-03 2.83e+05  -3.8 8.90e-02   1.0 1.00e+00 5.26e-01h  1
 595  4.6417983e+01 1.18e-02 6.75e+04  -3.8 2.54e-01   0.5 1.00e+00 5.72e-01h  1
 596  4.6402591e+01 9.36e-03 9.76e+05  -3.8 6.96e-02   1.9 1.38e-01 1.00e+00h  1
 597  4.6400523e+01 8.68e-03 9.01e+05  -3.8 9.15e-02   1.4 1.00e+00 7.74e-02h  1
 598  4.6400569e+01 2.21e-02 8.64e+05  -3.8 3.59e+00   0.9 7.39e-02 4.07e-02h  3
 599  4.6400851e+01 2.17e-02 8.46e+05  -3.8 4.39e-01   1.3 4.42e-01 2.18e-02h  5
iter    objective    inf_pr   inf_du lg(mu)  ||d||  lg(rg) alpha_du alpha_pr  ls
 600  4.6400898e+01 2.16e-02 8.39e+05  -3.8 1.02e-01   1.8 1.00e+00 7.81e-03h  8
 601  4.6400926e+01 2.16e-02 8.39e+05  -3.8 9.14e-01   1.3 2.53e-01 6.08e-04h 10
 602  4.6400938e+01 2.15e-02 8.38e+05  -3.8 1.25e-01   1.7 1.00e+00 1.95e-03h 10
 603  4.6400942e+01 2.15e-02 8.38e+05  -3.8 1.94e+00   1.2 1.48e-01 3.58e-05h 13
 604  4.6404289e+01 2.02e-02 4.19e+05  -3.8 1.49e-01   1.7 1.00e+00 5.00e-01h  2
 605  4.6405249e+01 1.99e-02 4.12e+05  -3.8 2.49e-01   3.0 4.55e-01 2.26e-02h  1
 606  4.6406143e+01 1.98e-02 4.06e+05  -3.8 3.05e-01   4.3 5.08e-02 1.72e-02h  3
 607  4.6393413e+01 6.42e-02 5.73e+06  -3.8 1.06e-01   3.9 3.10e-05 1.00e+00f  1
 608  4.6398997e+01 2.28e-02 2.48e+06  -3.8 1.26e-01   4.3 1.00e+00 1.00e+00h  1
 609  4.6404125e+01 4.46e-03 1.55e+05  -3.8 6.38e-02   3.8 1.00e+00 1.00e+00h  1
iter    objective    inf_pr   inf_du lg(mu)  ||d||  lg(rg) alpha_du alpha_pr  ls
 610  4.6401681e+01 1.12e-03 4.28e+03  -3.8 2.23e-02   3.3 8.80e-01 1.00e+00h  1
 611  4.6402357e+01 7.36e-05 1.92e+03  -3.8 2.90e-02   2.8 1.00e+00 1.00e+00f  1
 612  4.6399813e+01 7.43e-08 3.83e+01  -3.8 1.53e-03   2.4 1.00e+00 1.00e+00h  1
 613  4.6391858e+01 6.72e-07 2.64e-01  -3.8 6.03e-04   1.9 1.00e+00 1.00e+00h  1
 614  4.6373449e+01 4.14e-06 8.90e+01  -3.8 1.89e-03   1.4 1.00e+00 8.10e-01h  1
 615  4.6311399e+01 5.56e-05 1.74e+00  -3.8 6.46e-03   0.9 1.00e+00 1.00e+00f  1
 616  4.6288090e+01 3.09e-05 2.15e+00  -3.8 2.08e-03   1.4 1.00e+00 1.00e+00h  1
 617  4.6236319e+01 9.78e-05 4.48e+02  -3.8 4.54e-03   0.9 1.00e+00 7.76e-01h  1
 618  4.6117037e+01 4.84e-04 7.71e+02  -3.8 1.98e-02   0.4 1.00e+00 6.42e-01f  1
 619  4.6049059e+01 6.55e-04 8.40e+00  -3.8 6.94e-03   0.8 1.00e+00 1.00e+00f  1
iter    objective    inf_pr   inf_du lg(mu)  ||d||  lg(rg) alpha_du alpha_pr  ls
 620  4.5945037e+01 3.30e-04 9.77e+02  -3.8 2.87e-02   0.4 1.00e+00 5.46e-01h  1
 621  4.5904655e+01 2.05e-04 9.15e+02  -3.8 9.71e-03   0.8 1.00e+00 5.82e-01f  1
 622  4.5717585e+01 1.47e-03 2.35e+01  -3.8 4.85e-02   0.3 1.00e+00 1.00e+00f  1
 623  4.5656915e+01 1.66e-03 1.20e+01  -3.8 1.75e-02   0.7 1.00e+00 1.00e+00h  1
 624  4.5646621e+01 1.64e-03 8.27e+02  -3.8 1.70e-01   0.3 6.28e-01 5.71e-02h  1
 625  4.5575135e+01 5.59e-03 2.23e+02  -3.8 3.15e-02   0.7 1.00e+00 1.00e+00h  1
 626  4.5557737e+01 5.05e-03 9.61e+03  -3.8 7.57e-02   0.2 1.00e+00 1.02e-01h  1
 627  4.5287188e+01 2.67e-03 3.82e+03  -3.8 8.25e-02  -0.3 6.34e-01 6.66e-01h  1
 628  4.5277366e+01 2.51e-03 1.04e+04  -3.8 1.87e-01   0.2 7.82e-01 6.34e-02h  1
 629  4.5073812e+01 3.75e-03 6.94e+03  -3.8 8.00e-02  -0.3 4.19e-01 5.46e-01h  1
iter    objective    inf_pr   inf_du lg(mu)  ||d||  lg(rg) alpha_du alpha_pr  ls
 630  4.5073535e+01 3.72e-03 7.12e+03  -3.8 3.71e-01   1.0 7.30e-02 8.24e-03h  1
 631  4.5073350e+01 3.71e-03 8.86e+03  -3.8 3.35e-01   2.3 1.34e-02 2.57e-03h  1
 632  4.5059542e+01 4.03e-01 8.52e+04  -3.8 1.41e-01   1.9 1.30e-06 1.27e-01F  1
 633  4.5057763e+01 2.39e-01 7.10e+04  -3.8 3.86e-01   1.4 1.51e-01 1.68e-01h  1
 634  4.5056366e+01 3.57e-02 2.91e+04  -3.8 5.62e-01   0.9 2.24e-01 7.86e-01f  1
 635  4.5054246e+01 1.72e-03 4.55e+03  -3.8 5.20e-02   2.2 1.00e+00 1.00e+00h  1
 636  4.5049589e+01 8.51e-06 7.60e+01  -3.8 6.45e-03   1.8 9.96e-01 1.00e+00h  1
 637  4.5038033e+01 5.75e-06 2.68e+00  -3.8 1.29e-03   1.3 1.00e+00 1.00e+00h  1
 638  4.5008796e+01 2.28e-04 4.39e+00  -3.8 6.42e-03   0.8 1.00e+00 1.00e+00h  1
 639  4.4999021e+01 1.78e-05 5.30e+00  -3.8 5.49e-03   1.2 1.00e+00 1.00e+00h  1
iter    objective    inf_pr   inf_du lg(mu)  ||d||  lg(rg) alpha_du alpha_pr  ls
 640  4.4970245e+01 1.96e-05 2.74e+00  -3.8 4.60e-03   0.8 1.00e+00 1.00e+00h  1
 641  4.4890570e+01 1.98e-04 6.96e-01  -3.8 1.42e-02   0.3 1.00e+00 1.00e+00h  1
 642  4.4863172e+01 4.56e-05 1.18e+00  -3.8 7.45e-03   0.7 1.00e+00 1.00e+00h  1
 643  4.4851662e+01 7.92e-05 1.59e+00  -3.8 5.04e-03   1.1 1.00e+00 1.00e+00h  1
 644  4.4847365e+01 1.24e-05 2.41e+00  -3.8 4.38e-03   1.6 1.00e+00 1.00e+00h  1
 645  4.4834874e+01 7.63e-05 4.33e+00  -3.8 4.20e-03   1.1 1.00e+00 1.00e+00h  1
 646  4.4799470e+01 1.33e-04 3.78e+00  -3.8 1.15e-02   0.6 1.00e+00 1.00e+00h  1
 647  4.4748340e+01 3.95e-04 5.02e+02  -3.8 4.88e-02   0.1 1.00e+00 5.26e-01h  1
 648  4.4686895e+01 3.06e-04 1.28e+02  -3.8 1.11e-01  -0.4 3.10e-01 2.38e-01f  1
 649  4.4589206e+01 4.35e-04 1.17e+03  -3.8 2.86e-02   0.1 8.25e-01 1.00e+00f  1
iter    objective    inf_pr   inf_du lg(mu)  ||d||  lg(rg) alpha_du alpha_pr  ls
 650  4.4584748e+01 4.94e-06 2.63e+00  -3.8 1.61e-02   1.4 1.00e+00 1.00e+00h  1
 651  4.4574699e+01 2.71e-04 2.26e+01  -3.8 1.97e-02   0.9 7.70e-01 6.37e-01h  1
 652  4.4563131e+01 2.04e-04 2.54e+02  -3.8 1.13e-02   0.4 1.00e+00 2.81e-01h  1
 653  4.4506910e+01 3.74e-04 6.26e+02  -3.8 5.22e-02  -0.0 1.00e+00 5.16e-01f  1
 654  4.4315188e+01 3.74e-03 2.82e+03  -3.8 7.89e-02  -0.5 2.80e-01 6.83e-01f  1
 655  4.4315673e+01 1.09e-03 1.86e+03  -3.8 2.08e-02   1.7 3.04e-01 1.00e+00h  1
 656  4.4310267e+01 8.49e-06 1.33e+01  -3.8 1.81e-02   1.2 1.00e+00 1.00e+00h  1
 657  4.4293104e+01 3.06e-04 3.46e+00  -3.8 1.28e-02   0.8 1.00e+00 1.00e+00h  1
 658  4.4249527e+01 7.50e-04 2.02e+00  -3.8 1.20e-02   0.3 1.00e+00 1.00e+00h  1
 659  4.4136237e+01 6.19e-04 3.24e+00  -3.8 3.22e-02  -0.2 1.00e+00 1.00e+00h  1
iter    objective    inf_pr   inf_du lg(mu)  ||d||  lg(rg) alpha_du alpha_pr  ls
 660  4.4131615e+01 9.55e-05 2.05e+01  -3.8 1.34e-02   1.1 1.00e+00 1.00e+00h  1
 661  4.4115994e+01 7.79e-05 2.04e+00  -3.8 5.05e-03   0.7 1.00e+00 1.00e+00h  1
 662  4.4110200e+01 1.25e-05 4.10e+00  -3.8 5.74e-03   1.1 1.00e+00 1.00e+00h  1
 663  4.4092907e+01 2.07e-04 2.18e+00  -3.8 5.84e-03   0.6 1.00e+00 1.00e+00h  1
 664  4.4086719e+01 1.51e-05 2.11e+00  -3.8 4.07e-03   1.0 1.00e+00 1.00e+00h  1
 665  4.4068028e+01 1.08e-04 1.12e+00  -3.8 6.92e-03   0.6 1.00e+00 1.00e+00h  1
 666  4.4041917e+01 9.74e-05 9.10e+02  -3.8 1.47e-02   0.1 1.00e+00 4.99e-01h  1
 667  4.4023007e+01 4.34e-05 1.94e+00  -3.8 5.85e-03   0.5 1.00e+00 1.00e+00f  1
 668  4.4016012e+01 2.67e-05 2.63e-01  -3.8 2.12e-03   0.9 1.00e+00 1.00e+00h  1
 669  4.3994170e+01 3.81e-03 2.24e+01  -3.8 2.72e-02   0.5 9.25e-01 1.00e+00h  1
iter    objective    inf_pr   inf_du lg(mu)  ||d||  lg(rg) alpha_du alpha_pr  ls
 670  4.3985843e+01 1.16e-03 1.53e+01  -3.8 1.55e-02   0.9 1.00e+00 1.00e+00h  1
 671  4.3964923e+01 1.04e-04 1.54e+00  -3.8 1.38e-02   0.4 1.00e+00 1.00e+00h  1
 672  4.3902422e+01 8.89e-04 1.64e+00  -3.8 2.01e-02  -0.1 1.00e+00 1.00e+00h  1
 673  4.3893787e+01 8.50e-04 8.43e+02  -3.8 3.38e-01  -0.5 3.25e-01 4.73e-02h  1
 674  4.3829432e+01 3.70e-04 4.08e+01  -3.8 2.20e-02  -0.1 1.00e+00 1.00e+00h  1
 675  4.3818283e+01 9.18e-03 2.26e+02  -3.8 1.02e-01   0.3 2.71e-01 4.48e-01h  1
 676  4.3753288e+01 2.96e-03 2.04e+01  -3.8 2.88e-02  -0.2 1.00e+00 1.00e+00h  1
 677  4.3733033e+01 8.49e-04 1.33e+02  -3.8 1.44e-02   0.3 1.00e+00 1.00e+00h  1
 678  4.3687758e+01 1.28e-03 1.06e+02  -3.8 7.39e-02  -0.2 4.61e-01 7.53e-01h  1
 679  4.3683421e+01 4.59e-03 1.33e+04  -3.8 5.66e-02   1.1 5.74e-01 1.00e+00h  1
iter    objective    inf_pr   inf_du lg(mu)  ||d||  lg(rg) alpha_du alpha_pr  ls
 680  4.3682557e+01 3.78e-03 1.15e+04  -3.8 1.67e-01   0.6 5.65e-01 1.35e-01h  1
 681  4.3682250e+01 1.90e-03 2.36e+03  -3.8 3.42e-02   1.1 1.00e+00 1.00e+00h  1
 682  4.3682646e+01 1.64e-03 1.69e+03  -3.8 3.03e-02   1.5 2.75e-01 2.39e-01h  1
 683  4.3683344e+01 1.62e-03 1.48e+03  -3.8 5.33e-02   1.9 1.13e-01 1.24e-01h  1
 684  4.3683354e+01 1.53e-03 3.12e+05  -3.8 1.44e-01   4.1 7.91e-04 7.04e-02h  4
 685  4.3683414e+01 1.25e-05 2.53e+04  -3.8 4.18e-02   3.7 1.15e-02 1.00e+00h  1
 686  4.3683436e+01 1.28e-08 2.85e+01  -3.8 2.23e-04   3.2 1.00e+00 1.00e+00h  1
 687  4.3683492e+01 1.55e-08 2.10e-01  -3.8 9.52e-05   2.7 1.00e+00 1.00e+00h  1
 688  4.3683430e+01 6.74e-08 3.65e-01  -3.8 2.20e-04   2.2 1.00e+00 1.00e+00h  1
 689  4.3683035e+01 3.96e-07 9.47e-01  -3.8 4.87e-04   1.8 1.00e+00 1.00e+00h  1
iter    objective    inf_pr   inf_du lg(mu)  ||d||  lg(rg) alpha_du alpha_pr  ls
 690  4.3681389e+01 2.69e-06 1.03e+00  -3.8 1.25e-03   1.3 1.00e+00 1.00e+00h  1
 691  4.3675675e+01 4.19e-05 7.12e-01  -3.8 4.42e-03   0.8 1.00e+00 1.00e+00h  1
 692  4.3673530e+01 2.51e-05 2.37e+00  -3.8 2.28e-03   1.2 1.00e+00 1.00e+00h  1
 693  4.3666709e+01 4.28e-05 6.39e-02  -3.8 2.78e-03   0.7 1.00e+00 1.00e+00h  1
 694  4.3647146e+01 9.65e-05 2.75e-01  -3.8 7.70e-03   0.3 1.00e+00 1.00e+00h  1
 695  4.3640182e+01 7.85e-05 1.60e+00  -3.8 3.55e-03   0.7 1.00e+00 1.00e+00h  1
 696  4.3619590e+01 8.84e-05 3.06e-01  -3.8 8.52e-03   0.2 1.00e+00 1.00e+00h  1
 697  4.3611999e+01 2.41e-05 1.18e-01  -3.8 3.02e-03   0.6 1.00e+00 1.00e+00h  1
 698  4.3589202e+01 5.76e-03 3.99e+01  -3.8 4.74e-02   0.2 1.00e+00 1.00e+00h  1
 699  4.3580834e+01 2.25e-03 1.78e+01  -3.8 2.12e-02   0.6 1.00e+00 1.00e+00h  1
iter    objective    inf_pr   inf_du lg(mu)  ||d||  lg(rg) alpha_du alpha_pr  ls
 700  4.3559251e+01 1.20e-03 6.43e+00  -3.8 1.72e-02   0.1 1.00e+00 1.00e+00h  1
 701  4.3497869e+01 2.25e-03 2.62e+00  -3.8 2.22e-02  -0.4 1.00e+00 1.00e+00h  1
 702  4.3478201e+01 7.10e-04 3.49e+00  -3.8 1.56e-02   0.1 1.00e+00 1.00e+00h  1
 703  4.3470630e+01 4.34e-04 8.15e+00  -3.8 2.64e-02   0.5 1.00e+00 1.00e+00h  1
 704  4.3468067e+01 1.15e-04 2.35e+00  -3.8 5.13e-03   0.9 1.00e+00 1.00e+00h  1
 705  4.3459512e+01 2.70e-05 1.17e+00  -3.8 4.37e-03   0.4 1.00e+00 1.00e+00h  1
 706  4.3434900e+01 5.57e-04 1.72e+00  -3.8 1.22e-02  -0.0 1.00e+00 1.00e+00h  1
 707  4.3378067e+01 1.23e-02 5.80e+01  -3.8 7.99e-02  -0.5 1.00e+00 8.38e-01h  1
 708  4.3358318e+01 4.85e-03 5.10e+01  -3.8 4.48e-02  -0.1 1.00e+00 7.46e-01h  1
 709  4.3354646e+01 2.22e-03 1.66e+01  -3.8 1.27e-02   0.3 7.40e-01 1.00e+00h  1
iter    objective    inf_pr   inf_du lg(mu)  ||d||  lg(rg) alpha_du alpha_pr  ls
 710  4.3350391e+01 1.40e-03 8.70e+01  -3.8 4.38e-02   0.8 1.00e+00 1.00e+00h  1
 711  4.3341556e+01 3.00e-05 8.53e+00  -3.8 2.59e-02   0.3 1.00e+00 1.00e+00h  1
 712  4.3315938e+01 2.62e-04 1.30e+00  -3.8 1.04e-02  -0.2 1.00e+00 1.00e+00h  1
 713  4.3247881e+01 1.97e-03 8.21e-01  -3.8 3.42e-02  -0.7 1.00e+00 1.00e+00h  1
 714  4.3094838e+01 1.48e-02 2.35e+01  -3.8 1.80e-01  -1.1 1.00e+00 9.55e-01h  1
 715  4.3083870e+01 1.65e-02 8.91e+01  -3.8 4.40e-01  -0.7 5.06e-01 2.43e-01h  1
 716  4.3069388e+01 1.80e-02 6.15e+01  -3.8 5.49e-02  -0.3 1.00e+00 6.59e-01h  1
 717  4.3032530e+01 4.90e-01 1.22e+02  -3.8 3.60e-01  -0.8 1.00e+00 6.52e-01h  1
 718  4.3024688e+01 7.02e-02 2.34e+02  -3.8 2.13e-01  -0.3 1.03e-02 3.32e-01h  1
 719  4.3019438e+01 2.54e-02 7.10e+02  -3.8 1.13e-01   0.1 3.96e-01 1.00e+00f  1
iter    objective    inf_pr   inf_du lg(mu)  ||d||  lg(rg) alpha_du alpha_pr  ls
 720  4.3022302e+01 1.93e-02 4.98e+02  -3.8 6.57e-02   1.4 4.80e-01 9.09e-01h  1
 721  4.3022855e+01 1.83e-02 8.19e+02  -3.8 1.14e-01   0.9 1.00e+00 4.00e-01h  2
 722  4.3018698e+01 2.19e-02 4.33e+02  -3.8 4.19e-01   0.5 1.79e-01 1.16e-01h  1
 723  4.3021533e+01 2.22e-02 6.73e+04  -3.8 5.90e-01   2.7 1.39e-04 7.41e-02h  3
 724  4.3022808e+01 1.75e-02 1.24e+05  -3.8 1.43e-01   3.1 9.35e-03 5.00e-01h  2
 725  4.3020485e+01 5.95e-03 1.45e+05  -3.8 2.44e-01   3.5 4.16e-01 1.00e+00h  1
 726  4.3022485e+01 1.79e-03 7.78e+03  -3.8 4.95e-02   3.1 1.00e+00 1.00e+00h  1
 727  4.3023607e+01 5.63e-04 1.09e+03  -3.8 7.52e-03   2.6 1.00e+00 1.00e+00h  1
 728  4.3023859e+01 4.26e-05 3.54e+01  -3.8 8.49e-03   2.1 1.00e+00 1.00e+00h  1
 729  4.3023542e+01 1.16e-07 9.91e-01  -3.8 7.92e-04   1.6 1.00e+00 1.00e+00h  1
iter    objective    inf_pr   inf_du lg(mu)  ||d||  lg(rg) alpha_du alpha_pr  ls
 730  4.3022501e+01 3.50e-06 2.68e-01  -3.8 7.04e-04   1.2 1.00e+00 1.00e+00h  1
 731  4.3019473e+01 2.33e-05 2.44e-02  -3.8 1.92e-03   0.7 1.00e+00 1.00e+00h  1
 732  4.3011902e+01 7.16e-05 9.28e-02  -3.8 4.99e-03   0.2 1.00e+00 1.00e+00h  1
 733  4.2994660e+01 2.98e-04 1.73e-01  -3.8 1.44e-02  -0.3 1.00e+00 1.00e+00h  1
 734  4.2988788e+01 1.15e-04 2.54e-01  -3.8 4.00e-03   0.2 1.00e+00 1.00e+00h  1
 735  4.2971640e+01 1.65e-03 2.68e-01  -3.8 1.25e-02  -0.3 1.00e+00 1.00e+00h  1
 736  4.2926617e+01 1.33e-03 2.57e-01  -3.8 3.47e-02  -0.8 1.00e+00 1.00e+00h  1
 737  4.2910812e+01 7.93e-04 1.98e-01  -3.8 1.42e-02  -0.4 1.00e+00 1.00e+00h  1
 738  4.2905142e+01 1.26e-04 1.83e+00  -3.8 1.37e-02   0.0 1.00e+00 1.00e+00h  1
 739  4.2889200e+01 2.23e-04 5.24e-01  -3.8 9.48e-03  -0.4 1.00e+00 1.00e+00h  1
iter    objective    inf_pr   inf_du lg(mu)  ||d||  lg(rg) alpha_du alpha_pr  ls
 740  4.2846216e+01 1.73e-03 5.12e-02  -3.8 2.43e-02  -0.9 1.00e+00 1.00e+00h  1
 741  4.2747119e+01 1.16e-02 1.18e+00  -3.8 1.05e-01  -1.4 1.00e+00 1.00e+00h  1
 742  4.2743774e+01 3.58e-03 1.74e+01  -3.8 4.13e-02  -0.1 1.00e+00 1.00e+00h  1
 743  4.2730809e+01 5.50e-04 2.73e+00  -3.8 4.45e-02  -0.5 1.00e+00 1.00e+00h  1
 744  4.2697587e+01 2.15e-03 7.34e-01  -3.8 2.54e-02  -1.0 1.00e+00 1.00e+00h  1
 745  4.2618202e+01 1.64e-02 5.23e-01  -3.8 6.30e-02  -1.5 1.00e+00 1.00e+00h  1
 746  4.2592249e+01 3.06e-03 6.85e-01  -3.8 2.55e-02  -1.1 1.00e+00 1.00e+00h  1
 747  4.2583153e+01 3.83e-04 5.13e-01  -3.8 3.58e-02  -0.6 1.00e+00 1.00e+00h  1
 748  4.2558364e+01 2.63e-03 2.55e-01  -3.8 2.35e-02  -1.1 1.00e+00 1.00e+00h  1
 749  4.2500822e+01 1.63e-02 1.76e-01  -3.8 5.79e-02  -1.6 1.00e+00 1.00e+00h  1
iter    objective    inf_pr   inf_du lg(mu)  ||d||  lg(rg) alpha_du alpha_pr  ls
 750  4.2407025e+01 4.82e-02 5.10e-01  -3.8 1.01e-01  -2.1 1.00e+00 1.00e+00h  1
 751  4.2387233e+01 4.53e-03 1.91e+00  -3.8 3.56e-02  -1.6 1.00e+00 1.00e+00h  1
 752  4.2380526e+01 5.28e-04 4.35e-01  -3.8 3.17e-02  -1.2 1.00e+00 1.00e+00h  1
 753  4.2364846e+01 2.70e-03 9.24e-02  -3.8 3.45e-02  -1.7 1.00e+00 1.00e+00h  1
 754  4.2337335e+01 1.33e-02 3.75e-02  -3.8 7.88e-02  -2.2 1.00e+00 1.00e+00h  1
 755  4.2306498e+01 3.86e-02 4.90e-02  -3.8 1.26e-01  -2.6 1.00e+00 1.00e+00h  1
 756  4.2300663e+01 5.01e-03 1.50e-01  -3.8 3.92e-02  -2.2 1.00e+00 1.00e+00h  1
 757  4.2298857e+01 1.30e-03 2.54e-01  -3.8 6.97e-02  -1.8 1.00e+00 1.00e+00h  1
 758  4.2298205e+01 4.86e-05 2.46e-02  -3.8 1.99e-02  -1.4 1.00e+00 1.00e+00h  1
 759  4.2297927e+01 7.48e-06 2.77e-02  -3.8 2.41e-03  -0.9 1.00e+00 1.00e+00h  1
iter    objective    inf_pr   inf_du lg(mu)  ||d||  lg(rg) alpha_du alpha_pr  ls
 760  4.2297802e+01 1.76e-06 2.67e-02  -3.8 1.78e-03  -0.5 1.00e+00 1.00e+00h  1
 761  4.2297743e+01 8.97e-07 1.65e-02  -3.8 1.08e-03  -0.1 1.00e+00 1.00e+00h  1
 762  4.2297717e+01 2.87e-07 5.20e-03  -3.8 5.08e-04   0.3 1.00e+00 1.00e+00h  1
 763  4.2297542e+01 2.32e-05 4.19e-01  -3.8 4.78e-03  -0.1 1.00e+00 1.00e+00h  1
 764  4.2297625e+01 1.59e-06 6.19e-01  -3.8 1.76e-03   1.2 1.00e+00 1.00e+00h  1
 765  4.2297529e+01 1.83e-06 5.69e-01  -3.8 9.60e-04   0.7 1.00e+00 1.00e+00h  1
 766  4.2296953e+01 2.17e-03 3.53e+01  -3.8 3.22e-02   0.2 8.34e-01 1.00e+00h  1
 767  4.2296048e+01 4.44e-04 1.26e+00  -3.8 1.80e-02  -0.2 1.00e+00 1.00e+00h  1
 768  4.2296922e+01 2.65e-06 2.34e-02  -3.8 2.17e-02  -0.7 1.00e+00 1.00e+00h  1
 769  4.2296497e+01 1.13e-04 1.18e-01  -3.8 3.65e-02  -1.2 1.00e+00 1.00e+00h  1
iter    objective    inf_pr   inf_du lg(mu)  ||d||  lg(rg) alpha_du alpha_pr  ls
 770  4.2295327e+01 2.43e-04 2.38e-02  -3.8 7.24e-02  -1.7 1.00e+00 1.00e+00h  1
 771  4.2292846e+01 1.10e-03 8.11e-02  -3.8 1.22e-01  -2.1 1.00e+00 1.00e+00h  1
 772  4.2289042e+01 4.82e-03 6.47e-02  -3.8 1.59e-01  -2.6 1.00e+00 1.00e+00h  1
 773  4.2285508e+01 9.27e-03 8.68e-02  -3.8 1.55e-01  -3.1 1.00e+00 1.00e+00h  1
 774  4.2285131e+01 4.29e-04 6.09e-01  -3.8 2.88e-02  -1.8 1.00e+00 1.00e+00h  1
 775  4.2285242e+01 1.79e-04 7.75e+00  -3.8 1.74e-02   0.5 1.00e+00 1.00e+00h  1
 776  4.2284998e+01 1.63e-07 7.38e-03  -3.8 7.71e-03  -0.0 1.00e+00 1.00e+00h  1
 777  4.2284962e+01 5.85e-05 3.66e-01  -3.8 7.72e-03  -0.5 1.00e+00 1.00e+00h  1
 778  4.2284888e+01 2.63e-04 3.97e-01  -3.8 3.00e-02  -1.0 1.00e+00 1.00e+00h  1
 779  4.2284779e+01 1.65e-04 1.30e-01  -3.8 4.83e-02  -1.5 1.00e+00 1.00e+00h  1
iter    objective    inf_pr   inf_du lg(mu)  ||d||  lg(rg) alpha_du alpha_pr  ls
 780  4.2284548e+01 5.52e-04 9.99e-03  -3.8 8.67e-02  -1.9 1.00e+00 1.00e+00h  1
 781  4.2284095e+01 1.14e-03 5.67e-02  -3.8 1.53e-01  -2.4 1.00e+00 1.00e+00h  1
 782  4.2283354e+01 2.70e-03 3.54e-01  -3.8 1.87e-01  -2.9 1.00e+00 1.00e+00h  1
 783  4.2282949e+01 1.88e-03 4.44e+00  -3.8 2.37e-02  -0.6 1.00e+00 1.00e+00h  1
 784  4.2282925e+01 6.79e-04 1.54e+00  -3.8 1.36e-02  -1.1 1.00e+00 1.00e+00h  1
 785  4.2283257e+01 2.86e-04 6.52e+00  -3.8 1.49e-02   0.2 9.66e-01 1.00e+00h  1
 786  4.2283328e+01 1.64e-05 1.13e+00  -3.8 1.04e-02  -0.3 1.00e+00 1.00e+00h  1
 787  4.2283133e+01 1.24e-04 9.43e-01  -3.8 6.57e-03  -0.8 1.00e+00 1.00e+00h  1
 788  4.2282904e+01 5.16e-03 2.35e+01  -3.8 4.25e-02  -0.3 7.70e-01 1.00e+00h  1
 789  4.2281341e+01 3.60e-03 1.80e+01  -3.8 2.31e-01    -  4.47e-01 1.00e+00h  1
iter    objective    inf_pr   inf_du lg(mu)  ||d||  lg(rg) alpha_du alpha_pr  ls
 790  4.2283174e+01 1.59e-05 1.21e-01  -3.8 1.05e-02  -0.8 1.00e+00 1.00e+00h  1
 791  4.2282221e+01 1.11e-05 1.50e-02  -3.8 1.64e-02  -1.3 1.00e+00 1.00e+00h  1
 792  4.2282132e+01 7.59e-05 2.50e-02  -3.8 4.13e-02  -1.8 1.00e+00 1.00e+00h  1
 793  4.2282095e+01 4.29e-04 4.30e-02  -3.8 8.33e-02  -2.2 1.00e+00 1.00e+00h  1
 794  4.2282053e+01 1.43e-03 2.64e-02  -3.8 1.17e-01  -2.7 1.00e+00 1.00e+00h  1
 795  4.2282028e+01 2.09e-03 1.02e-02  -3.8 1.04e-01  -3.2 1.00e+00 1.00e+00h  1
 796  4.2281885e+01 6.01e-03 1.63e-01  -3.8 1.61e-01  -3.7 1.00e+00 1.00e+00H  1
 797  4.2281834e+01 6.11e-03 1.32e+02  -3.8 3.01e+01  -2.3 3.51e-03 3.83e-04h  3
 798  4.2281733e+01 6.43e-03 1.60e+02  -3.8 5.98e-01  -1.9 3.07e-01 4.25e-02h  2
 799  4.2281666e+01 5.63e-03 9.22e+01  -3.8 2.97e-02   0.3 4.62e-01 1.25e-01h  4
iter    objective    inf_pr   inf_du lg(mu)  ||d||  lg(rg) alpha_du alpha_pr  ls
 800  4.2281555e+01 7.51e-04 3.86e+01  -3.8 3.12e-02  -0.2 4.55e-01 1.00e+00h  1
 801  4.2281543e+01 2.03e-06 1.98e-01  -3.8 1.69e-02  -0.6 1.00e+00 1.00e+00h  1
 802  4.2281327e+01 4.70e-04 1.00e+00  -3.8 2.81e-02  -1.1 1.00e+00 1.00e+00h  1
 803  4.2281386e+01 1.90e-04 7.89e-01  -3.8 1.49e-02  -0.7 1.00e+00 1.00e+00h  1
 804  4.2281356e+01 1.58e-04 9.85e-02  -3.8 6.31e-03  -0.3 1.00e+00 1.00e+00h  1
 805  4.2281308e+01 1.81e-04 3.50e-01  -3.8 1.94e-02  -0.7 1.00e+00 1.00e+00h  1
 806  4.2280424e+01 4.11e-02 2.73e+01  -3.8 2.00e-01    -  7.01e-01 1.00e+00h  1
 807  4.2280606e+01 1.25e-03 2.67e+00  -3.8 4.15e-01    -  6.76e-01 1.00e+00h  1
 808  4.2280527e+01 7.42e-04 2.55e+00  -3.8 2.66e-01    -  8.81e-01 1.00e+00h  1
 809  4.2280567e+01 6.87e-05 2.91e-02  -3.8 1.15e-01    -  1.00e+00 1.00e+00h  1
iter    objective    inf_pr   inf_du lg(mu)  ||d||  lg(rg) alpha_du alpha_pr  ls
 810  4.2280568e+01 2.54e-06 7.16e-04  -3.8 7.94e-03    -  1.00e+00 1.00e+00h  1
 811  4.2079838e+01 1.86e-02 3.09e+02  -5.7 2.35e-01    -  6.84e-01 3.87e-01f  1
 812  4.1992954e+01 2.59e-02 7.37e+02  -5.7 3.97e-01    -  4.97e-01 2.45e-01h  1
 813  4.1874841e+01 5.05e-02 6.04e+02  -5.7 3.92e-01    -  5.20e-01 4.36e-01h  1
 814  4.1866501e+01 4.56e-02 1.18e+03  -5.7 4.92e-02  -1.2 3.63e-01 9.64e-02h  1
 815  4.1857667e+01 4.13e-02 1.13e+03  -5.7 3.09e-01  -1.7 1.34e-01 9.54e-02h  1
 816  4.1827766e+01 2.45e-02 1.27e+03  -5.7 3.61e-02  -1.3 8.02e-01 4.09e-01h  1
 817  4.1827376e+01 2.42e-02 1.25e+03  -5.7 2.52e-01   0.1 2.72e-03 1.17e-02h  1
 818  4.1827144e+01 2.41e-02 1.25e+03  -5.7 4.78e-01  -0.4 1.02e-02 5.85e-03h  1
 819  4.1830873e+01 2.02e-02 9.65e+02  -5.7 8.95e-02   0.9 8.94e-03 1.61e-01h  1
iter    objective    inf_pr   inf_du lg(mu)  ||d||  lg(rg) alpha_du alpha_pr  ls
 820  4.1832040e+01 1.66e-02 7.13e+02  -5.7 1.31e-02   2.2 2.32e-02 1.78e-01h  1
 821  4.1833281e+01 1.39e-02 6.14e+02  -5.7 1.18e-02   2.7 1.95e-01 1.62e-01h  1
 822  4.1834597e+01 8.34e-03 3.93e+02  -5.7 1.92e-02   2.2 1.01e-01 4.01e-01h  1
 823  4.1833285e+01 6.43e-03 3.12e+02  -5.7 2.72e-02   1.7 5.46e-01 2.29e-01h  1
 824  4.1833092e+01 6.12e-04 3.47e+01  -5.7 1.88e-02   2.1 9.33e-01 9.05e-01h  1
 825  4.1830684e+01 4.79e-04 4.29e+01  -5.7 4.35e-03   1.7 1.00e+00 2.16e-01h  1
 826  4.1826756e+01 4.03e-04 7.60e+01  -5.7 3.53e-03   1.2 1.00e+00 1.59e-01h  1
 827  4.1822098e+01 3.57e-04 1.20e+02  -5.7 3.22e-03   0.7 4.89e-01 1.15e-01h  1
 828  4.1814134e+01 3.01e-04 2.40e+02  -5.7 4.67e-03   0.2 8.19e-01 1.65e-01h  1
 829  4.1807358e+01 1.45e-04 6.44e+01  -5.7 2.19e-03   0.7 1.00e+00 5.18e-01h  1
iter    objective    inf_pr   inf_du lg(mu)  ||d||  lg(rg) alpha_du alpha_pr  ls
 830  4.1800454e+01 6.03e-05 4.26e+01  -5.7 3.71e-03   0.2 1.00e+00 5.91e-01h  1
 831  4.1798450e+01 5.08e-05 1.01e+02  -5.7 6.15e-03  -0.3 1.00e+00 1.60e-01h  1
 832  4.1795313e+01 3.27e-05 3.13e+01  -5.7 2.53e-03   0.1 1.00e+00 6.84e-01f  1
 833  4.1792963e+01 5.83e-05 5.61e+01  -5.7 6.65e-03  -0.3 9.69e-01 3.50e-01f  1
 834  4.1790653e+01 1.31e-04 5.73e+01  -5.7 1.78e-02  -0.8 6.45e-01 2.35e-01h  1
 835  4.1785795e+01 8.36e-04 4.11e+01  -5.7 4.98e-02  -1.3 2.81e-01 2.83e-01h  1
 836  4.1783197e+01 9.86e-04 3.66e+01  -5.7 1.13e-01  -1.8 1.23e-01 8.88e-02h  1
 837  4.1781520e+01 9.70e-04 6.10e+01  -5.7 5.36e-02  -1.3 3.11e-01 1.30e-01f  1
 838  4.1777880e+01 1.39e-03 5.28e+01  -5.7 1.19e-01  -1.8 1.83e-01 1.42e-01h  1
 839  4.1773185e+01 1.80e-03 4.75e+01  -5.7 2.11e-01  -2.3 6.33e-02 1.04e-01h  1
iter    objective    inf_pr   inf_du lg(mu)  ||d||  lg(rg) alpha_du alpha_pr  ls
 840  4.1772374e+01 1.79e-03 4.66e+01  -5.7 8.20e-01  -2.8 4.86e-02 1.25e-02h  1
 841  4.1769605e+01 1.84e-03 4.63e+01  -5.7 1.63e-01  -2.4 1.17e-01 7.55e-02h  1
 842  4.1763415e+01 2.12e-03 3.97e+01  -5.7 2.71e-01  -2.8 7.00e-02 1.11e-01f  1
 843  4.1762500e+01 2.07e-03 3.31e+02  -5.7 1.32e-01  -2.4 3.97e-01 3.36e-02h  1
 844  4.1753095e+01 5.34e-03 1.78e+02  -5.7 2.19e-01  -2.9 7.84e-02 2.41e-01h  1
 845  4.1749041e+01 5.78e-03 1.25e+02  -5.7 1.57e+00  -3.4 2.18e-01 9.38e-02h  1
 846  4.1744011e+01 7.16e-03 9.91e+01  -5.7 2.60e-01  -2.9 4.40e-01 2.21e-01h  1
 847  4.1743263e+01 6.66e-03 7.66e+01  -5.7 1.38e-01  -2.5 2.59e-01 8.17e-02h  1
 848  4.1741466e+01 4.39e-03 4.56e+01  -5.7 5.12e-02  -2.1 3.36e-01 4.07e-01h  1
 849  4.1741250e+01 3.82e-03 3.44e+01  -5.7 2.29e-02  -1.7 2.52e-01 1.31e-01h  1
iter    objective    inf_pr   inf_du lg(mu)  ||d||  lg(rg) alpha_du alpha_pr  ls
 850  4.1740824e+01 3.42e-03 3.57e+01  -5.7 3.25e-01  -2.1 4.19e-01 1.13e-01h  1
 851  4.1740824e+01 3.35e-03 3.41e+01  -5.7 3.02e-02   0.1 4.15e-02 2.04e-02h  1
 852  4.1740943e+01 2.90e-03 1.24e+02  -5.7 6.06e-02   0.5 6.24e-03 1.33e-01h  1
 853  4.1740964e+01 1.45e-03 5.97e+01  -5.7 7.47e-03   0.0 5.89e-02 5.00e-01h  2
 854  4.1740805e+01 2.20e-05 2.05e+01  -5.7 4.37e-03  -0.4 4.86e-01 9.87e-01h  1
 855  4.1740455e+01 4.25e-05 1.94e-01  -5.7 4.27e-03  -0.9 1.00e+00 1.00e+00f  1
 856  4.1739856e+01 1.53e-04 7.39e+00  -5.7 1.10e-02  -1.4 1.00e+00 7.48e-01h  1
 857  4.1738311e+01 6.14e-04 5.05e+00  -5.7 2.72e-02  -1.9 1.00e+00 8.74e-01f  1
 858  4.1737776e+01 9.29e-05 9.94e+00  -5.7 1.05e-02  -1.4 3.93e-01 1.00e+00f  1
 859  4.1736404e+01 6.37e-04 1.54e-01  -5.7 2.82e-02  -1.9 1.00e+00 1.00e+00h  1
iter    objective    inf_pr   inf_du lg(mu)  ||d||  lg(rg) alpha_du alpha_pr  ls
 860  4.1733871e+01 3.15e-03 2.79e+01  -5.7 6.76e-02  -2.4 2.48e-01 9.31e-01h  1
 861  4.1732718e+01 3.25e-03 1.78e+01  -5.7 1.24e-01  -2.9 5.15e-01 2.54e-01h  1
 862  4.1730839e+01 5.72e-03 1.85e+01  -5.7 3.48e-01  -3.3 4.15e-01 2.59e-01h  1
 863  4.1730127e+01 4.97e-03 1.81e+01  -5.7 1.01e-01  -2.9 4.36e-01 2.43e-01h  1
 864  4.1730021e+01 9.67e-04 2.18e+01  -5.7 1.07e-02  -1.6 3.22e-01 8.13e-01h  1
 865  4.1729682e+01 4.32e-04 4.13e+00  -5.7 2.75e-02  -2.1 1.00e+00 7.06e-01f  1
 866  4.1729673e+01 3.71e-04 6.60e+00  -5.7 4.55e-02  -0.7 1.50e-01 1.41e-01h  1
 867  4.1729661e+01 3.15e-04 4.25e+00  -5.7 1.33e-01  -1.2 3.84e-01 1.51e-01h  1
 868  4.1729671e+01 3.10e-04 4.21e+00  -5.7 9.60e-02   0.1 1.99e-02 1.76e-02f  2
 869  4.1729650e+01 3.09e-04 4.28e+00  -5.7 1.41e-01   1.4 1.63e-03 3.48e-03h  1
iter    objective    inf_pr   inf_du lg(mu)  ||d||  lg(rg) alpha_du alpha_pr  ls
 870  4.1729648e+01 3.08e-04 4.28e+00  -5.7 4.12e-02   1.0 7.74e-04 1.45e-03h  2
 871  4.1729649e+01 3.08e-04 5.71e+00  -5.7 6.48e+00   0.5 1.51e-04 1.04e-05h  2
 872  4.1729649e+01 3.08e-04 5.78e+00  -5.7 6.77e-02   0.9 1.16e-03 8.36e-04h  1
 873  4.1729731e+01 2.95e-04 2.97e+01  -5.7 4.57e-02   1.3 1.11e-02 4.28e-02f  3
 874  4.1729633e+01 2.45e-04 5.71e+00  -5.7 9.23e-03   0.9 6.83e-02 1.67e-01h  1
 875  4.1729757e+01 3.26e-06 1.50e+01  -5.7 6.43e-03   0.4 1.08e-01 1.00e+00f  1
 876  4.1729667e+01 1.45e-06 9.55e-01  -5.7 1.07e-03   0.8 1.00e+00 9.83e-01h  1
 877  4.1729672e+01 2.93e-08 2.79e-03  -5.7 3.48e-04   0.3 1.00e+00 1.00e+00f  1
 878  4.1729654e+01 4.60e-07 3.13e-03  -5.7 7.08e-04  -0.1 1.00e+00 1.00e+00h  1
 879  4.1729642e+01 3.96e-07 1.81e-03  -5.7 8.88e-04  -0.6 1.00e+00 1.00e+00h  1
iter    objective    inf_pr   inf_du lg(mu)  ||d||  lg(rg) alpha_du alpha_pr  ls
 880  4.1729594e+01 3.47e-06 2.35e-03  -5.7 2.70e-03  -1.1 1.00e+00 1.00e+00h  1
 881  4.1729447e+01 2.95e-05 1.55e-02  -5.7 7.44e-03  -1.6 1.00e+00 1.00e+00h  1
 882  4.1728727e+01 1.84e-03 2.34e+00  -5.7 3.13e+00    -  5.71e-02 7.92e-02h  1
 883  4.1726560e+01 2.73e-02 1.56e+01  -5.7 3.22e-01    -  5.05e-01 3.40e-01h  1
 884  4.1725310e+01 2.79e-02 1.40e+01  -5.7 2.44e-01    -  6.24e-01 5.29e-01h  1
 885  4.1724838e+01 1.27e-02 1.71e+01  -5.7 2.48e-01    -  5.75e-01 1.00e+00h  1
 886  4.1724883e+01 1.94e-04 4.12e+00  -5.7 2.21e-01    -  6.68e-01 1.00e+00h  1
 887  4.1724875e+01 2.34e-05 7.54e-01  -5.7 2.29e-01    -  8.37e-01 1.00e+00h  1
 888  4.1724875e+01 1.85e-07 3.88e-04  -5.7 7.40e-02    -  1.00e+00 1.00e+00h  1
 889  4.1724875e+01 3.19e-09 8.12e-06  -5.7 1.24e-02    -  1.00e+00 1.00e+00h  1
iter    objective    inf_pr   inf_du lg(mu)  ||d||  lg(rg) alpha_du alpha_pr  ls
 890  4.1724875e+01 4.68e-13 5.42e-10  -5.7 1.11e-04    -  1.00e+00 1.00e+00h  1
 891  4.1722796e+01 1.54e-03 5.05e+01  -7.0 2.34e-01    -  6.83e-01 3.94e-01f  1
 892  4.1721625e+01 1.64e-03 3.82e+01  -7.0 4.68e-01    -  4.75e-01 3.64e-01h  1
 893  4.1721063e+01 1.37e-03 3.86e+01  -7.0 4.32e-01    -  6.49e-01 2.76e-01h  1
 894  4.1720332e+01 1.02e-03 2.54e+01  -7.0 4.37e-01    -  1.00e+00 5.03e-01h  1
 895  4.1719970e+01 5.97e-04 1.29e+01  -7.0 3.53e-01    -  1.00e+00 4.97e-01h  1
 896  4.1719748e+01 2.67e-04 7.32e+00  -7.0 9.56e-02    -  8.15e-01 6.10e-01h  1
 897  4.1719656e+01 1.01e-04 3.86e+00  -7.0 4.70e-02    -  5.57e-01 6.44e-01h  1
 898  4.1719606e+01 1.98e-06 5.08e+01  -7.0 1.87e-02    -  3.67e-01 1.00e+00h  1
 899  4.1719608e+01 7.50e-08 6.82e+00  -7.0 4.88e-03    -  6.55e-01 1.00e+00h  1
iter    objective    inf_pr   inf_du lg(mu)  ||d||  lg(rg) alpha_du alpha_pr  ls
 900  4.1719607e+01 1.24e-08 4.75e-04  -7.0 1.86e-03    -  1.00e+00 1.00e+00h  1
 901  4.1719607e+01 1.23e-09 7.44e-06  -7.0 3.14e-04    -  1.00e+00 1.00e+00h  1
 902  4.1719607e+01 1.07e-11 3.04e-08  -7.0 4.79e-05    -  1.00e+00 1.00e+00h  1

Number of Iterations....: 902

                                   (scaled)                 (unscaled)
Objective...............:   4.1719607401635713e+01    4.1719607401635713e+01
Dual infeasibility......:   3.0373885617600294e-08    3.0373885617600294e-08
Constraint violation....:   1.5882156700897099e-12    1.0717204901311561e-11
Variable bound violation:   2.3581972099645195e-09    2.3581972099645195e-09
Complementarity.........:   9.0913499077808260e-08    9.0913499077808260e-08
Overall NLP error.......:   9.0913499077808260e-08    9.0913499077808260e-08


Number of objective function evaluations             = 1062
Number of objective gradient evaluations             = 902
Number of equality constraint evaluations            = 1062
Number of inequality constraint evaluations          = 1062
Number of equality constraint Jacobian evaluations   = 915
Number of inequality constraint Jacobian evaluations = 915
Number of Lagrangian Hessian evaluations             = 902
Total seconds in IPOPT                               = 4273.891

EXIT: Optimal Solution Found.
